Archive member included because of file (symbol)

C:/SysGCC/m68k-elf/m68k-elf/lib/m68000\liblvgl.a(lv_display.o)
                              ./obj/lvgl_nkc.o (lv_display_create)
C:/SysGCC/m68k-elf/m68k-elf/lib/m68000\liblvgl.a(lv_draw.o)
                              C:/SysGCC/m68k-elf/m68k-elf/lib/m68000\liblvgl.a(lv_display.o) (lv_layer_init)
C:/SysGCC/m68k-elf/m68k-elf/lib/m68000\liblvgl.a(lv_draw_blur.o)
                              C:/SysGCC/m68k-elf/m68k-elf/lib/m68000\liblvgl.a(lv_draw.o) (lv_draw_blur_dsc_init)
C:/SysGCC/m68k-elf/m68k-elf/lib/m68000\liblvgl.a(lv_draw_buf.o)
                              C:/SysGCC/m68k-elf/m68k-elf/lib/m68000\liblvgl.a(lv_display.o) (lv_draw_buf_width_to_stride)
C:/SysGCC/m68k-elf/m68k-elf/lib/m68000\liblvgl.a(lv_draw_image.o)
                              C:/SysGCC/m68k-elf/m68k-elf/lib/m68000\liblvgl.a(lv_draw.o) (lv_draw_image_dsc_init)
C:/SysGCC/m68k-elf/m68k-elf/lib/m68000\liblvgl.a(lv_draw_label.o)
                              C:/SysGCC/m68k-elf/m68k-elf/lib/m68000\liblvgl.a(lv_draw.o) (lv_draw_task_get_label_dsc)
C:/SysGCC/m68k-elf/m68k-elf/lib/m68000\liblvgl.a(lv_draw_rect.o)
                              C:/SysGCC/m68k-elf/m68k-elf/lib/m68000\liblvgl.a(lv_draw_label.o) (lv_draw_fill_dsc_init)
C:/SysGCC/m68k-elf/m68k-elf/lib/m68000\liblvgl.a(lv_image_decoder.o)
                              C:/SysGCC/m68k-elf/m68k-elf/lib/m68000\liblvgl.a(lv_draw_image.o) (lv_image_decoder_get_info)
C:/SysGCC/m68k-elf/m68k-elf/lib/m68000\liblvgl.a(lv_font.o)
                              C:/SysGCC/m68k-elf/m68k-elf/lib/m68000\liblvgl.a(lv_draw_label.o) (lv_font_get_glyph_bitmap)
C:/SysGCC/m68k-elf/m68k-elf/lib/m68000\liblvgl.a(lv_font_montserrat_12.o)
                              C:/SysGCC/m68k-elf/m68k-elf/lib/m68000\liblvgl.a(lv_draw_label.o) (lv_font_montserrat_12)
C:/SysGCC/m68k-elf/m68k-elf/lib/m68000\liblvgl.a(lv_indev.o)
                              C:/SysGCC/m68k-elf/m68k-elf/lib/m68000\liblvgl.a(lv_display.o) (lv_indev_get_next)
C:/SysGCC/m68k-elf/m68k-elf/lib/m68000\liblvgl.a(lv_indev_scroll.o)
                              C:/SysGCC/m68k-elf/m68k-elf/lib/m68000\liblvgl.a(lv_indev.o) (lv_indev_scroll_throw_handler)
C:/SysGCC/m68k-elf/m68k-elf/lib/m68000\liblvgl.a(lv_init.o)
                              C:/SysGCC/m68k-elf/m68k-elf/lib/m68000\liblvgl.a(lv_display.o) (lv_global)
C:/SysGCC/m68k-elf/m68k-elf/lib/m68000\liblvgl.a(lv_image_cache.o)
                              C:/SysGCC/m68k-elf/m68k-elf/lib/m68000\liblvgl.a(lv_image_decoder.o) (lv_image_cache_init)
C:/SysGCC/m68k-elf/m68k-elf/lib/m68000\liblvgl.a(lv_image_header_cache.o)
                              C:/SysGCC/m68k-elf/m68k-elf/lib/m68000\liblvgl.a(lv_image_decoder.o) (lv_image_header_cache_init)
C:/SysGCC/m68k-elf/m68k-elf/lib/m68000\liblvgl.a(lv_cache.o)
                              C:/SysGCC/m68k-elf/m68k-elf/lib/m68000\liblvgl.a(lv_image_cache.o) (lv_cache_create)
C:/SysGCC/m68k-elf/m68k-elf/lib/m68000\liblvgl.a(lv_cache_entry.o)
                              C:/SysGCC/m68k-elf/m68k-elf/lib/m68000\liblvgl.a(lv_cache.o) (lv_cache_entry_get_ref)
C:/SysGCC/m68k-elf/m68k-elf/lib/m68000\liblvgl.a(lv_anim.o)
                              C:/SysGCC/m68k-elf/m68k-elf/lib/m68000\liblvgl.a(lv_init.o) (lv_anim_core_init)
C:/SysGCC/m68k-elf/m68k-elf/lib/m68000\liblvgl.a(lv_area.o)
                              C:/SysGCC/m68k-elf/m68k-elf/lib/m68000\liblvgl.a(lv_draw_buf.o) (lv_area_set)
C:/SysGCC/m68k-elf/m68k-elf/lib/m68000\liblvgl.a(lv_color.o)
                              C:/SysGCC/m68k-elf/m68k-elf/lib/m68000\liblvgl.a(lv_draw_buf.o) (lv_color_format_get_bpp)
C:/SysGCC/m68k-elf/m68k-elf/lib/m68000\liblvgl.a(lv_color_op.o)
                              C:/SysGCC/m68k-elf/m68k-elf/lib/m68000\liblvgl.a(lv_color.o) (lv_color_mix)
C:/SysGCC/m68k-elf/m68k-elf/lib/m68000\liblvgl.a(lv_event.o)
                              C:/SysGCC/m68k-elf/m68k-elf/lib/m68000\liblvgl.a(lv_display.o) (lv_event_push_and_send)
C:/SysGCC/m68k-elf/m68k-elf/lib/m68000\liblvgl.a(lv_fs.o)
                              C:/SysGCC/m68k-elf/m68k-elf/lib/m68000\liblvgl.a(lv_init.o) (lv_fs_init)
C:/SysGCC/m68k-elf/m68k-elf/lib/m68000\liblvgl.a(lv_iter.o)
                              C:/SysGCC/m68k-elf/m68k-elf/lib/m68000\liblvgl.a(lv_image_cache.o) (lv_iter_destroy)
C:/SysGCC/m68k-elf/m68k-elf/lib/m68000\liblvgl.a(lv_ll.o)
                              C:/SysGCC/m68k-elf/m68k-elf/lib/m68000\liblvgl.a(lv_display.o) (lv_ll_init)
C:/SysGCC/m68k-elf/m68k-elf/lib/m68000\liblvgl.a(lv_math.o)
                              C:/SysGCC/m68k-elf/m68k-elf/lib/m68000\liblvgl.a(lv_area.o) (lv_trigo_sin)
C:/SysGCC/m68k-elf/m68k-elf/lib/m68000\liblvgl.a(lv_palette.o)
                              C:/SysGCC/m68k-elf/m68k-elf/lib/m68000\liblvgl.a(lv_draw_label.o) (lv_palette_main)
C:/SysGCC/m68k-elf/m68k-elf/lib/m68000\liblvgl.a(lv_text.o)
[...]
Memory Configuration

Name             Origin             Length             Attributes
ram              0x00000000         0x00080000         xrw
*default*        0x00000000         0xffffffff

Linker script and memory map

LOAD obj/crt0.o
LOAD ./obj/lvgl_nkc.o
LOAD C:/SysGCC/m68k-elf/m68k-elf/lib/m68000\liblvgl.a
LOAD c:/sysgcc/m68k-elf/bin/../lib/gcc/m68k-elf/4.8.0/m68000\libgcc.a
LOAD C:/SysGCC/m68k-elf/m68k-elf/lib/m68000\libc.a
LOAD c:/sysgcc/m68k-elf/bin/../lib/gcc/m68k-elf/4.8.0/m68000\libgcc.a
START GROUP
LOAD C:/SysGCC/m68k-elf/m68k-elf/lib/m68000\libnkc.a
LOAD c:/sysgcc/m68k-elf/bin/../lib/gcc/m68k-elf/4.8.0/m68000\libgcc.a
LOAD C:/SysGCC/m68k-elf/m68k-elf/lib/m68000\libc.a
LOAD C:/SysGCC/m68k-elf/m68k-elf/lib/m68000\libm.a
END GROUP
                0x00000000                __DYNAMIC = 0x0
                0x00000000                __ram_start = 0x0
                0x00000400                __prog_start = (__ram_start + 0x400)
                0x00000000                PROVIDE (hardware_init_hook, 0x0)
                0x00000000                PROVIDE (_hardware_init_hook, 0x0)
                0x00000000                PROVIDE (software_init_hook, 0x0)
                0x00000000                PROVIDE (_software_init_hook, 0x0)

/DISCARD/
 */libgcc.a:unwind-dw2.o()

.text           0x00000400    0x114f4
 *(.startup)
 .startup       0x00000400      0x1b4 obj/crt0.o
                0x00000400                _start
 *(.startup)
 *(.rodata .rodata.*)
 .rodata.jados_cmd
                0x000005b4        0x5 obj/crt0.o
 .rodata.str1.1
                0x000005b9       0xaf ./obj/lvgl_nkc.o
 .rodata.CSWTCH.7
                0x00000668        0xd C:/SysGCC/m68k-elf/m68k-elf/lib/m68000\liblvgl.a(lv_draw.o)
 *fill*         0x00000675        0x1 
 .rodata        0x00000676       0x10 C:/SysGCC/m68k-elf/m68k-elf/lib/m68000\liblvgl.a(lv_draw_image.o)
 .rodata.lv_font_montserrat_12
                0x00000686       0x24 C:/SysGCC/m68k-elf/m68k-elf/lib/m68000\liblvgl.a(lv_font_montserrat_12.o)
                0x00000686                lv_font_montserrat_12
 .rodata.font_dsc
                0x000006aa       0x16 C:/SysGCC/m68k-elf/m68k-elf/lib/m68000\liblvgl.a(lv_font_montserrat_12.o)
 .rodata.kern_classes
                0x000006c0        0xe C:/SysGCC/m68k-elf/m68k-elf/lib/m68000\liblvgl.a(lv_font_montserrat_12.o)
 .rodata.kern_class_values
                0x000006ce      0xbad C:/SysGCC/m68k-elf/m68k-elf/lib/m68000\liblvgl.a(lv_font_montserrat_12.o)
 .rodata.kern_right_class_mapping
                0x0000127b       0x9e C:/SysGCC/m68k-elf/m68k-elf/lib/m68000\liblvgl.a(lv_font_montserrat_12.o)
 .rodata.kern_left_class_mapping
                0x00001319       0x9e C:/SysGCC/m68k-elf/m68k-elf/lib/m68000\liblvgl.a(lv_font_montserrat_12.o)
 *fill*         0x000013b7        0x1 
 .rodata.cmaps  0x000013b8       0x2c C:/SysGCC/m68k-elf/m68k-elf/lib/m68000\liblvgl.a(lv_font_montserrat_12.o)
 .rodata.unicode_list_1
                0x000013e4       0x7c C:/SysGCC/m68k-elf/m68k-elf/lib/m68000\liblvgl.a(lv_font_montserrat_12.o)
 .rodata.glyph_dsc
                0x00001460      0x4f0 C:/SysGCC/m68k-elf/m68k-elf/lib/m68000\liblvgl.a(lv_font_montserrat_12.o)
 .rodata.glyph_bitmap
                0x00001950     0x1a0f C:/SysGCC/m68k-elf/m68k-elf/lib/m68000\liblvgl.a(lv_font_montserrat_12.o)
 .rodata.str1.1
                0x0000335f        0x6 C:/SysGCC/m68k-elf/m68k-elf/lib/m68000\liblvgl.a(lv_image_cache.o)
 *fill*         0x00003365        0x1 
 .rodata        0x00003366        0xc C:/SysGCC/m68k-elf/m68k-elf/lib/m68000\liblvgl.a(lv_image_cache.o)
 .rodata.str1.1
                0x00003372        0xd C:/SysGCC/m68k-elf/m68k-elf/lib/m68000\liblvgl.a(lv_image_header_cache.o)
 *fill*         0x0000337f        0x1 
 .rodata        0x00003380        0xc C:/SysGCC/m68k-elf/m68k-elf/lib/m68000\liblvgl.a(lv_image_header_cache.o)
 .rodata.CSWTCH.7
                0x0000338c       0x30 C:/SysGCC/m68k-elf/m68k-elf/lib/m68000\liblvgl.a(lv_color.o)
 .rodata.lv_color_filter_shade
                0x000033bc        0x8 C:/SysGCC/m68k-elf/m68k-elf/lib/m68000\liblvgl.a(lv_color.o)
                0x000033bc                lv_color_filter_shade
 .rodata.str1.1
                0x000033c4      0x50a C:/SysGCC/m68k-elf/m68k-elf/lib/m68000\liblvgl.a(lv_event.o)
 .rodata.CSWTCH.38
                0x000038ce      0x114 C:/SysGCC/m68k-elf/m68k-elf/lib/m68000\liblvgl.a(lv_event.o)
 .rodata.str1.1
                0x000039e2       0x1e C:/SysGCC/m68k-elf/m68k-elf/lib/m68000\liblvgl.a(lv_fs.o)
                                 0x21 (size before relaxing)
 .rodata.sqq_table.8041
                0x00003a00      0x100 C:/SysGCC/m68k-elf/m68k-elf/lib/m68000\liblvgl.a(lv_math.o)
 .rodata.sin0_90_table
                0x00003b00       0xb6 C:/SysGCC/m68k-elf/m68k-elf/lib/m68000\liblvgl.a(lv_math.o)
 .rodata.colors.2052
                0x00003bb6       0xe4 C:/SysGCC/m68k-elf/m68k-elf/lib/m68000\liblvgl.a(lv_palette.o)
 .rodata.colors.2047
                0x00003c9a      0x11d C:/SysGCC/m68k-elf/m68k-elf/lib/m68000\liblvgl.a(lv_palette.o)
 .rodata.colors.2042
                0x00003db7       0x39 C:/SysGCC/m68k-elf/m68k-elf/lib/m68000\liblvgl.a(lv_palette.o)
 .rodata.str1.1
                0x00003df0        0x8 C:/SysGCC/m68k-elf/m68k-elf/lib/m68000\liblvgl.a(lv_text.o)
 .rodata.lv_text_get_encoded_length
                0x00003df8        0x4 C:/SysGCC/m68k-elf/m68k-elf/lib/m68000\liblvgl.a(lv_text.o)
                0x00003df8                lv_text_get_encoded_length
 .rodata.lv_text_encoded_get_char_id
                0x00003dfc        0x4 C:/SysGCC/m68k-elf/m68k-elf/lib/m68000\liblvgl.a(lv_text.o)
                0x00003dfc                lv_text_encoded_get_char_id
 .rodata.lv_text_encoded_get_byte_id
                0x00003e00        0x4 C:/SysGCC/m68k-elf/m68k-elf/lib/m68000\liblvgl.a(lv_text.o)
                0x00003e00                lv_text_encoded_get_byte_id
 .rodata.lv_text_encoded_prev
                0x00003e04        0x4 C:/SysGCC/m68k-elf/m68k-elf/lib/m68000\liblvgl.a(lv_text.o)
                0x00003e04                lv_text_encoded_prev
 .rodata.lv_text_encoded_next
                0x00003e08        0x4 C:/SysGCC/m68k-elf/m68k-elf/lib/m68000\liblvgl.a(lv_text.o)
                0x00003e08                lv_text_encoded_next
 .rodata.lv_text_encoded_conv_wc
                0x00003e0c        0x4 C:/SysGCC/m68k-elf/m68k-elf/lib/m68000\liblvgl.a(lv_text.o)
                0x00003e0c                lv_text_encoded_conv_wc
 .rodata.lv_text_unicode_to_encoded
                0x00003e10        0x4 C:/SysGCC/m68k-elf/m68k-elf/lib/m68000\liblvgl.a(lv_text.o)
                0x00003e10                lv_text_unicode_to_encoded
 .rodata.lv_text_encoded_size
                0x00003e14        0x4 C:/SysGCC/m68k-elf/m68k-elf/lib/m68000\liblvgl.a(lv_text.o)
                0x00003e14                lv_text_encoded_size
 .rodata.str1.1
                0x00003e18        0x7 C:/SysGCC/m68k-elf/m68k-elf/lib/m68000\liblvgl.a(lv_arc.o)
 *fill*         0x00003e1f        0x1 
 .rodata.lv_arc_class
                0x00003e20       0x24 C:/SysGCC/m68k-elf/m68k-elf/lib/m68000\liblvgl.a(lv_arc.o)
                0x00003e20                lv_arc_class
 .rodata.str1.1
                0x00003e44        0x7 C:/SysGCC/m68k-elf/m68k-elf/lib/m68000\liblvgl.a(lv_bar.o)
 *fill*         0x00003e4b        0x1 
 .rodata.lv_bar_class
                0x00003e4c       0x24 C:/SysGCC/m68k-elf/m68k-elf/lib/m68000\liblvgl.a(lv_bar.o)
                0x00003e4c                lv_bar_class
 .rodata.str1.1
                0x00003e70        0xa C:/SysGCC/m68k-elf/m68k-elf/lib/m68000\liblvgl.a(lv_button.o)
 .rodata.lv_button_class
                0x00003e7a       0x24 C:/SysGCC/m68k-elf/m68k-elf/lib/m68000\liblvgl.a(lv_button.o)
                0x00003e7a                lv_button_class
 .rodata.str1.1
                0x00003e9e       0x29 C:/SysGCC/m68k-elf/m68k-elf/lib/m68000\liblvgl.a(lv_buttonmatrix.o)
                                 0x2c (size before relaxing)
 *fill*         0x00003ec7        0x1 
 .rodata.lv_buttonmatrix_class
                0x00003ec8       0x24 C:/SysGCC/m68k-elf/m68k-elf/lib/m68000\liblvgl.a(lv_buttonmatrix.o)
                0x00003ec8                lv_buttonmatrix_class
 .rodata.lv_buttonmatrix_def_map
                0x00003eec       0x1c C:/SysGCC/m68k-elf/m68k-elf/lib/m68000\liblvgl.a(lv_buttonmatrix.o)
 .rodata.str1.1
                0x00003f08       0x24 C:/SysGCC/m68k-elf/m68k-elf/lib/m68000\liblvgl.a(lv_calendar.o)
                                 0x27 (size before relaxing)
 .rodata.day_names_def
                0x00003f2c       0x1c C:/SysGCC/m68k-elf/m68k-elf/lib/m68000\liblvgl.a(lv_calendar.o)
 .rodata.lv_calendar_class
                0x00003f48       0x24 C:/SysGCC/m68k-elf/m68k-elf/lib/m68000\liblvgl.a(lv_calendar.o)
                0x00003f48                lv_calendar_class
 .rodata.str1.1
                0x00003f6c        0x9 C:/SysGCC/m68k-elf/m68k-elf/lib/m68000\liblvgl.a(lv_chart.o)
 *fill*         0x00003f75        0x1 
 .rodata.lv_chart_class
                0x00003f76       0x24 C:/SysGCC/m68k-elf/m68k-elf/lib/m68000\liblvgl.a(lv_chart.o)
                0x00003f76                lv_chart_class
 .rodata.str1.1
                0x00003f9a       0x16 C:/SysGCC/m68k-elf/m68k-elf/lib/m68000\liblvgl.a(lv_checkbox.o)
 .rodata.lv_checkbox_class
                0x00003fb0       0x24 C:/SysGCC/m68k-elf/m68k-elf/lib/m68000\liblvgl.a(lv_checkbox.o)
                0x00003fb0                lv_checkbox_class
 .rodata.str1.1
                0x00003fd4       0x3c C:/SysGCC/m68k-elf/m68k-elf/lib/m68000\liblvgl.a(lv_dropdown.o)
                                 0x3f (size before relaxing)
 .rodata.lv_dropdownlist_class
                0x00004010       0x24 C:/SysGCC/m68k-elf/m68k-elf/lib/m68000\liblvgl.a(lv_dropdown.o)
                0x00004010                lv_dropdownlist_class
 .rodata.lv_dropdown_class
                0x00004034       0x24 C:/SysGCC/m68k-elf/m68k-elf/lib/m68000\liblvgl.a(lv_dropdown.o)
                0x00004034                lv_dropdown_class
 .rodata.str1.1
                0x00004058       0x95 C:/SysGCC/m68k-elf/m68k-elf/lib/m68000\liblvgl.a(lv_keyboard.o)
                                 0xf6 (size before relaxing)
 *fill*         0x000040ed        0x1 
 .rodata.default_kb_ctrl_num_map
                0x000040ee       0x44 C:/SysGCC/m68k-elf/m68k-elf/lib/m68000\liblvgl.a(lv_keyboard.o)
 .rodata.default_kb_map_num
                0x00004132       0x54 C:/SysGCC/m68k-elf/m68k-elf/lib/m68000\liblvgl.a(lv_keyboard.o)
 .rodata.default_kb_ctrl_spec_map
                0x00004186       0xa0 C:/SysGCC/m68k-elf/m68k-elf/lib/m68000\liblvgl.a(lv_keyboard.o)
 .rodata.default_kb_map_spec
                0x00004226       0xb0 C:/SysGCC/m68k-elf/m68k-elf/lib/m68000\liblvgl.a(lv_keyboard.o)
 .rodata.default_kb_ctrl_uc_map
                0x000042d6       0xa0 C:/SysGCC/m68k-elf/m68k-elf/lib/m68000\liblvgl.a(lv_keyboard.o)
 .rodata.default_kb_map_uc
                0x00004376       0xb0 C:/SysGCC/m68k-elf/m68k-elf/lib/m68000\liblvgl.a(lv_keyboard.o)
 .rodata.default_kb_ctrl_lc_map
                0x00004426       0xa0 C:/SysGCC/m68k-elf/m68k-elf/lib/m68000\liblvgl.a(lv_keyboard.o)
 .rodata.default_kb_map_lc
                0x000044c6       0xb0 C:/SysGCC/m68k-elf/m68k-elf/lib/m68000\liblvgl.a(lv_keyboard.o)
 .rodata.lv_keyboard_class
                0x00004576       0x24 C:/SysGCC/m68k-elf/m68k-elf/lib/m68000\liblvgl.a(lv_keyboard.o)
                0x00004576                lv_keyboard_class
 .rodata.str1.1
                0x0000459a        0xe C:/SysGCC/m68k-elf/m68k-elf/lib/m68000\liblvgl.a(lv_label.o)
                                 0x11 (size before relaxing)
 .rodata.lv_label_class
                0x000045a8       0x24 C:/SysGCC/m68k-elf/m68k-elf/lib/m68000\liblvgl.a(lv_label.o)
                0x000045a8                lv_label_class
 .rodata.str1.1
                0x000045cc        0x7 C:/SysGCC/m68k-elf/m68k-elf/lib/m68000\liblvgl.a(lv_led.o)
 *fill*         0x000045d3        0x1 
 .rodata.lv_led_class
                0x000045d4       0x24 C:/SysGCC/m68k-elf/m68k-elf/lib/m68000\liblvgl.a(lv_led.o)
                0x000045d4                lv_led_class
 .rodata.str1.1
                0x000045f8       0x24 C:/SysGCC/m68k-elf/m68k-elf/lib/m68000\liblvgl.a(lv_list.o)
                                 0x25 (size before relaxing)
 .rodata.lv_list_text_class
                0x0000461c       0x24 C:/SysGCC/m68k-elf/m68k-elf/lib/m68000\liblvgl.a(lv_list.o)
                0x0000461c                lv_list_text_class
 .rodata.lv_list_button_class
                0x00004640       0x24 C:/SysGCC/m68k-elf/m68k-elf/lib/m68000\liblvgl.a(lv_list.o)
                0x00004640                lv_list_button_class
 .rodata.lv_list_class
                0x00004664       0x24 C:/SysGCC/m68k-elf/m68k-elf/lib/m68000\liblvgl.a(lv_list.o)
                0x00004664                lv_list_class
 .rodata.str1.1
                0x00004688       0x81 C:/SysGCC/m68k-elf/m68k-elf/lib/m68000\liblvgl.a(lv_msgbox.o)
                                 0x86 (size before relaxing)
 *fill*         0x00004709        0x1 
 .rodata.lv_msgbox_backdrop_class
                0x0000470a       0x24 C:/SysGCC/m68k-elf/m68k-elf/lib/m68000\liblvgl.a(lv_msgbox.o)
                0x0000470a                lv_msgbox_backdrop_class
 .rodata.lv_msgbox_header_button_class
                0x0000472e       0x24 C:/SysGCC/m68k-elf/m68k-elf/lib/m68000\liblvgl.a(lv_msgbox.o)
                0x0000472e                lv_msgbox_header_button_class
 .rodata.lv_msgbox_footer_button_class
                0x00004752       0x24 C:/SysGCC/m68k-elf/m68k-elf/lib/m68000\liblvgl.a(lv_msgbox.o)
                0x00004752                lv_msgbox_footer_button_class
 .rodata.lv_msgbox_footer_class
                0x00004776       0x24 C:/SysGCC/m68k-elf/m68k-elf/lib/m68000\liblvgl.a(lv_msgbox.o)
                0x00004776                lv_msgbox_footer_class
 .rodata.lv_msgbox_content_class
                0x0000479a       0x24 C:/SysGCC/m68k-elf/m68k-elf/lib/m68000\liblvgl.a(lv_msgbox.o)
                0x0000479a                lv_msgbox_content_class
 .rodata.lv_msgbox_header_class
                0x000047be       0x24 C:/SysGCC/m68k-elf/m68k-elf/lib/m68000\liblvgl.a(lv_msgbox.o)
                0x000047be                lv_msgbox_header_class
 .rodata.lv_msgbox_class
                0x000047e2       0x24 C:/SysGCC/m68k-elf/m68k-elf/lib/m68000\liblvgl.a(lv_msgbox.o)
                0x000047e2                lv_msgbox_class
 .rodata.str1.1
                0x00004806       0x47 C:/SysGCC/m68k-elf/m68k-elf/lib/m68000\liblvgl.a(lv_roller.o)
 *fill*         0x0000484d        0x1 
 .rodata.lv_roller_label_class
                0x0000484e       0x24 C:/SysGCC/m68k-elf/m68k-elf/lib/m68000\liblvgl.a(lv_roller.o)
                0x0000484e                lv_roller_label_class
 .rodata.lv_roller_class
                0x00004872       0x24 C:/SysGCC/m68k-elf/m68k-elf/lib/m68000\liblvgl.a(lv_roller.o)
                0x00004872                lv_roller_class
 .rodata.str1.1
                0x00004896        0xa C:/SysGCC/m68k-elf/m68k-elf/lib/m68000\liblvgl.a(lv_slider.o)
 .rodata.lv_slider_class
                0x000048a0       0x24 C:/SysGCC/m68k-elf/m68k-elf/lib/m68000\liblvgl.a(lv_slider.o)
                0x000048a0                lv_slider_class
 .rodata.str1.1
                0x000048c4        0x8 C:/SysGCC/m68k-elf/m68k-elf/lib/m68000\liblvgl.a(lv_span.o)
                                 0x18 (size before relaxing)
 .rodata.lv_spangroup_class
                0x000048cc       0x24 C:/SysGCC/m68k-elf/m68k-elf/lib/m68000\liblvgl.a(lv_span.o)
                0x000048cc                lv_spangroup_class
 .rodata.str1.1
                0x000048f0        0xb C:/SysGCC/m68k-elf/m68k-elf/lib/m68000\liblvgl.a(lv_spinbox.o)
                                  0xe (size before relaxing)
 *fill*         0x000048fb        0x1 
 .rodata.lv_spinbox_class
                0x000048fc       0x24 C:/SysGCC/m68k-elf/m68k-elf/lib/m68000\liblvgl.a(lv_spinbox.o)
                0x000048fc                lv_spinbox_class
 .rodata.str1.1
                0x00004920        0xb C:/SysGCC/m68k-elf/m68k-elf/lib/m68000\liblvgl.a(lv_spinner.o)
 *fill*         0x0000492b        0x1 
 .rodata.lv_spinner_class
                0x0000492c       0x24 C:/SysGCC/m68k-elf/m68k-elf/lib/m68000\liblvgl.a(lv_spinner.o)
                0x0000492c                lv_spinner_class
 .rodata.str1.1
                0x00004950        0xa C:/SysGCC/m68k-elf/m68k-elf/lib/m68000\liblvgl.a(lv_switch.o)
 .rodata.lv_switch_class
                0x0000495a       0x24 C:/SysGCC/m68k-elf/m68k-elf/lib/m68000\liblvgl.a(lv_switch.o)
                0x0000495a                lv_switch_class
 .rodata.str1.1
                0x0000497e        0x9 C:/SysGCC/m68k-elf/m68k-elf/lib/m68000\liblvgl.a(lv_table.o)
                                  0xa (size before relaxing)
 *fill*         0x00004987        0x1 
 .rodata.lv_table_class
                0x00004988       0x24 C:/SysGCC/m68k-elf/m68k-elf/lib/m68000\liblvgl.a(lv_table.o)
                0x00004988                lv_table_class
 .rodata.str1.1
                0x000049ac        0xb C:/SysGCC/m68k-elf/m68k-elf/lib/m68000\liblvgl.a(lv_tabview.o)
 *fill*         0x000049b7        0x1 
 .rodata.lv_tabview_class
                0x000049b8       0x24 C:/SysGCC/m68k-elf/m68k-elf/lib/m68000\liblvgl.a(lv_tabview.o)
                0x000049b8                lv_tabview_class
 .rodata.str1.1
                0x000049dc       0x10 C:/SysGCC/m68k-elf/m68k-elf/lib/m68000\liblvgl.a(lv_textarea.o)
                                 0x13 (size before relaxing)
 .rodata.lv_textarea_class
                0x000049ec       0x24 C:/SysGCC/m68k-elf/m68k-elf/lib/m68000\liblvgl.a(lv_textarea.o)
                0x000049ec                lv_textarea_class
 .rodata.str1.1
                0x00004a10       0x14 C:/SysGCC/m68k-elf/m68k-elf/lib/m68000\liblvgl.a(lv_tileview.o)
 .rodata.lv_tileview_tile_class
                0x00004a24       0x24 C:/SysGCC/m68k-elf/m68k-elf/lib/m68000\liblvgl.a(lv_tileview.o)
                0x00004a24                lv_tileview_tile_class
 .rodata.lv_tileview_class
                0x00004a48       0x24 C:/SysGCC/m68k-elf/m68k-elf/lib/m68000\liblvgl.a(lv_tileview.o)
                0x00004a48                lv_tileview_class
 .rodata.str1.1
                0x00004a6c        0x7 C:/SysGCC/m68k-elf/m68k-elf/lib/m68000\liblvgl.a(lv_win.o)
 *fill*         0x00004a73        0x1 
 .rodata.lv_win_class
                0x00004a74       0x24 C:/SysGCC/m68k-elf/m68k-elf/lib/m68000\liblvgl.a(lv_win.o)
                0x00004a74                lv_win_class
 .rodata.str1.1
                0x00004a98        0x7 C:/SysGCC/m68k-elf/m68k-elf/lib/m68000\liblvgl.a(lv_obj.o)
 *fill*         0x00004a9f        0x1 
 .rodata.lv_obj_class
                0x00004aa0       0x24 C:/SysGCC/m68k-elf/m68k-elf/lib/m68000\liblvgl.a(lv_obj.o)
                0x00004aa0                lv_obj_class
 .rodata.str1.1
                0x00000000        0x1 C:/SysGCC/m68k-elf/m68k-elf/lib/m68000\liblvgl.a(lv_observer.o)
 .rodata.str1.1
                0x00004ac4        0x3 C:/SysGCC/m68k-elf/m68k-elf/lib/m68000\liblvgl.a(lv_draw_sw.o)
 .rodata.wcorr.7753
                0x00004ac7       0x21 C:/SysGCC/m68k-elf/m68k-elf/lib/m68000\liblvgl.a(lv_draw_sw_line.o)
 .rodata.lv_builtin_font_class
                0x00004ae8       0x10 C:/SysGCC/m68k-elf/m68k-elf/lib/m68000\liblvgl.a(lv_font_fmt_txt.o)
                0x00004ae8                lv_builtin_font_class
 .rodata.opa2_table
                0x00004af8        0x4 C:/SysGCC/m68k-elf/m68k-elf/lib/m68000\liblvgl.a(lv_font_fmt_txt.o)
 .rodata.opa4_table
                0x00004afc       0x10 C:/SysGCC/m68k-elf/m68k-elf/lib/m68000\liblvgl.a(lv_font_fmt_txt.o)
 .rodata.str1.1
                0x00004b0c        0x8 C:/SysGCC/m68k-elf/m68k-elf/lib/m68000\liblvgl.a(lv_bin_decoder.o)
 .rodata.lv_cache_class_lru_rb_size
                0x00004b14       0x2c C:/SysGCC/m68k-elf/m68k-elf/lib/m68000\liblvgl.a(lv_cache_lru_rb.o)
                0x00004b14                lv_cache_class_lru_rb_size
 .rodata.lv_cache_class_lru_rb_count
                0x00004b40       0x2c C:/SysGCC/m68k-elf/m68k-elf/lib/m68000\liblvgl.a(lv_cache_lru_rb.o)
                0x00004b40                lv_cache_class_lru_rb_count
 .rodata.white.8076
                0x00004b6c        0x3 C:/SysGCC/m68k-elf/m68k-elf/lib/m68000\liblvgl.a(lv_style.o)
 .rodata.lv_style_builtin_prop_flag_lookup_table
                0x00004b6f       0xb1 C:/SysGCC/m68k-elf/m68k-elf/lib/m68000\liblvgl.a(lv_style.o)
                0x00004b6f                lv_style_builtin_prop_flag_lookup_table
 .rodata.lv_style_const_prop_id_inv
                0x00004c20        0x1 C:/SysGCC/m68k-elf/m68k-elf/lib/m68000\liblvgl.a(lv_style.o)
                0x00004c20                lv_style_const_prop_id_inv
 .rodata.str1.1
                0x00004c21        0x9 C:/SysGCC/m68k-elf/m68k-elf/lib/m68000\liblvgl.a(lv_image.o)
 .rodata.lv_image_class
                0x00004c2a       0x24 C:/SysGCC/m68k-elf/m68k-elf/lib/m68000\liblvgl.a(lv_image.o)
                0x00004c2a                lv_image_class
 .rodata        0x00004c4e      0x100 c:/sysgcc/m68k-elf/bin/../lib/gcc/m68k-elf/4.8.0/m68000\libgcc.a(_clz.o)
                0x00004c4e                __clz_tab
 .rodata        0x00004d4e        0x4 C:/SysGCC/m68k-elf/m68k-elf/lib/m68000\libc.a(lib_a-impure.o)
                0x00004d4e                _global_impure_ptr
 .rodata.str1.1
                0x00000000        0x2 C:/SysGCC/m68k-elf/m68k-elf/lib/m68000\libc.a(lib_a-impure.o)
 .rodata.str1.1
                0x00000000        0x2 C:/SysGCC/m68k-elf/m68k-elf/lib/m68000\libc.a(lib_a-puts.o)
 .rodata.str1.1
                0x00004d52       0x39 C:/SysGCC/m68k-elf/m68k-elf/lib/m68000\libc.a(lib_a-vfprintf.o)
                                 0x3b (size before relaxing)
 .rodata        0x00004d8b       0x20 C:/SysGCC/m68k-elf/m68k-elf/lib/m68000\libc.a(lib_a-vfprintf.o)
 .rodata.str1.1
                0x00004dab        0xd C:/SysGCC/m68k-elf/m68k-elf/lib/m68000\libc.a(lib_a-dtoa.o)
                                  0xf (size before relaxing)
 .rodata.str1.1
                0x00004db8        0x6 C:/SysGCC/m68k-elf/m68k-elf/lib/m68000\libc.a(lib_a-locale.o)
                                  0xb (size before relaxing)
 .rodata        0x00004dbe      0x124 C:/SysGCC/m68k-elf/m68k-elf/lib/m68000\libc.a(lib_a-mprec.o)
                0x00004dca                __mprec_tinytens
                0x00004df2                __mprec_bigtens
                0x00004e1a                __mprec_tens
 .rodata.str1.1
                0x00000000       0x29 C:/SysGCC/m68k-elf/m68k-elf/lib/m68000\libc.a(lib_a-vfiprintf.o)
 .rodata        0x00004ee2       0x20 C:/SysGCC/m68k-elf/m68k-elf/lib/m68000\libc.a(lib_a-vfiprintf.o)
 .rodata        0x00004f02       0x42 C:/SysGCC/m68k-elf/m68k-elf/lib/m68000\libnkc.a(newlib_stubs.o)
 .rodata.str1.1
                0x00004f44        0xa C:/SysGCC/m68k-elf/m68k-elf/lib/m68000\libnkc.a(newlib_stubs.o)
 .rodata.str1.1
                0x00004f4e       0x1a C:/SysGCC/m68k-elf/m68k-elf/lib/m68000\libnkc.a(open.o)
 .rodata.str1.1
                0x00004f68        0x4 C:/SysGCC/m68k-elf/m68k-elf/lib/m68000\libnkc.a(read.o)
 .rodata        0x00004f6c      0x101 C:/SysGCC/m68k-elf/m68k-elf/lib/m68000\libc.a(lib_a-ctype_.o)
                0x00004f6c                _ctype_
 *fill*         0x0000506d        0x1 
 .rodata        0x0000506e       0x60 C:/SysGCC/m68k-elf/m68k-elf/lib/m68000\libc.a(lib_a-mktime.o)
 .rodata        0x000050ce       0x68 C:/SysGCC/m68k-elf/m68k-elf/lib/m68000\libc.a(lib_a-mktm_r.o)
 .rodata.str1.1
                0x00005136        0x4 C:/SysGCC/m68k-elf/m68k-elf/lib/m68000\libc.a(lib_a-tzvars.o)
 *(.gcc_except_table)
 *(.eh_frame)
 *fill*         0x0000513a        0x2 
 .eh_frame      0x0000513c       0x44 c:/sysgcc/m68k-elf/bin/../lib/gcc/m68k-elf/4.8.0/m68000\libgcc.a(_divdi3.o)
 .eh_frame      0x00005180       0x2c c:/sysgcc/m68k-elf/bin/../lib/gcc/m68k-elf/4.8.0/m68000\libgcc.a(_udivdi3.o)
                                 0x44 (size before relaxing)
 .eh_frame      0x000051ac       0x2c c:/sysgcc/m68k-elf/bin/../lib/gcc/m68k-elf/4.8.0/m68000\libgcc.a(_umoddi3.o)
                                 0x44 (size before relaxing)
 *(.text)
 .text          0x000051d8        0x0 obj/crt0.o
 .text          0x000051d8        0x0 ./obj/lvgl_nkc.o
 .text          0x000051d8        0x0 C:/SysGCC/m68k-elf/m68k-elf/lib/m68000\liblvgl.a(lv_display.o)
 .text          0x000051d8        0x0 C:/SysGCC/m68k-elf/m68k-elf/lib/m68000\liblvgl.a(lv_draw.o)
 .text          0x000051d8        0x0 C:/SysGCC/m68k-elf/m68k-elf/lib/m68000\liblvgl.a(lv_draw_blur.o)
 .text          0x000051d8        0x0 C:/SysGCC/m68k-elf/m68k-elf/lib/m68000\liblvgl.a(lv_draw_buf.o)
 .text          0x000051d8        0x0 C:/SysGCC/m68k-elf/m68k-elf/lib/m68000\liblvgl.a(lv_draw_image.o)
 .text          0x000051d8        0x0 C:/SysGCC/m68k-elf/m68k-elf/lib/m68000\liblvgl.a(lv_draw_label.o)
 .text          0x000051d8        0x0 C:/SysGCC/m68k-elf/m68k-elf/lib/m68000\liblvgl.a(lv_draw_rect.o)
 .text          0x000051d8        0x0 C:/SysGCC/m68k-elf/m68k-elf/lib/m68000\liblvgl.a(lv_image_decoder.o)
 .text          0x000051d8        0x0 C:/SysGCC/m68k-elf/m68k-elf/lib/m68000\liblvgl.a(lv_font.o)
 .text          0x000051d8        0x0 C:/SysGCC/m68k-elf/m68k-elf/lib/m68000\liblvgl.a(lv_font_montserrat_12.o)
 .text          0x000051d8        0x0 C:/SysGCC/m68k-elf/m68k-elf/lib/m68000\liblvgl.a(lv_indev.o)
 .text          0x000051d8        0x0 C:/SysGCC/m68k-elf/m68k-elf/lib/m68000\liblvgl.a(lv_indev_scroll.o)
 .text          0x000051d8        0x0 C:/SysGCC/m68k-elf/m68k-elf/lib/m68000\liblvgl.a(lv_init.o)
 .text          0x000051d8        0x0 C:/SysGCC/m68k-elf/m68k-elf/lib/m68000\liblvgl.a(lv_image_cache.o)
 .text          0x000051d8        0x0 C:/SysGCC/m68k-elf/m68k-elf/lib/m68000\liblvgl.a(lv_image_header_cache.o)
 .text          0x000051d8        0x0 C:/SysGCC/m68k-elf/m68k-elf/lib/m68000\liblvgl.a(lv_cache.o)
 .text          0x000051d8        0x0 C:/SysGCC/m68k-elf/m68k-elf/lib/m68000\liblvgl.a(lv_cache_entry.o)
 .text          0x000051d8        0x0 C:/SysGCC/m68k-elf/m68k-elf/lib/m68000\liblvgl.a(lv_anim.o)
 .text          0x000051d8        0x0 C:/SysGCC/m68k-elf/m68k-elf/lib/m68000\liblvgl.a(lv_area.o)
 .text          0x000051d8        0x0 C:/SysGCC/m68k-elf/m68k-elf/lib/m68000\liblvgl.a(lv_color.o)
 .text          0x000051d8        0x0 C:/SysGCC/m68k-elf/m68k-elf/lib/m68000\liblvgl.a(lv_color_op.o)
 .text          0x000051d8        0x0 C:/SysGCC/m68k-elf/m68k-elf/lib/m68000\liblvgl.a(lv_event.o)
 .text          0x000051d8        0x0 C:/SysGCC/m68k-elf/m68k-elf/lib/m68000\liblvgl.a(lv_fs.o)
 .text          0x000051d8        0x0 C:/SysGCC/m68k-elf/m68k-elf/lib/m68000\liblvgl.a(lv_iter.o)
 .text          0x000051d8        0x0 C:/SysGCC/m68k-elf/m68k-elf/lib/m68000\liblvgl.a(lv_ll.o)
 .text          0x000051d8        0x0 C:/SysGCC/m68k-elf/m68k-elf/lib/m68000\liblvgl.a(lv_math.o)
 .text          0x000051d8        0x0 C:/SysGCC/m68k-elf/m68k-elf/lib/m68000\liblvgl.a(lv_palette.o)
 .text          0x000051d8        0x0 C:/SysGCC/m68k-elf/m68k-elf/lib/m68000\liblvgl.a(lv_text.o)
 .text          0x000051d8        0x0 C:/SysGCC/m68k-elf/m68k-elf/lib/m68000\liblvgl.a(lv_timer.o)
 .text          0x000051d8        0x0 C:/SysGCC/m68k-elf/m68k-elf/lib/m68000\liblvgl.a(lv_os.o)
 .text          0x000051d8        0x0 C:/SysGCC/m68k-elf/m68k-elf/lib/m68000\liblvgl.a(lv_mem_core_builtin.o)
 .text          0x000051d8        0x0 C:/SysGCC/m68k-elf/m68k-elf/lib/m68000\liblvgl.a(lv_sprintf_builtin.o)
 .text          0x000051d8        0x0 C:/SysGCC/m68k-elf/m68k-elf/lib/m68000\liblvgl.a(lv_string_builtin.o)
 .text          0x000051d8        0x0 C:/SysGCC/m68k-elf/m68k-elf/lib/m68000\liblvgl.a(lv_tlsf.o)
 .text          0x000051d8        0x0 C:/SysGCC/m68k-elf/m68k-elf/lib/m68000\liblvgl.a(lv_mem.o)
 .text          0x000051d8        0x0 C:/SysGCC/m68k-elf/m68k-elf/lib/m68000\liblvgl.a(lv_theme.o)
 .text          0x000051d8        0x0 C:/SysGCC/m68k-elf/m68k-elf/lib/m68000\liblvgl.a(lv_theme_mono.o)
 .text          0x000051d8        0x0 C:/SysGCC/m68k-elf/m68k-elf/lib/m68000\liblvgl.a(lv_theme_simple.o)
 .text          0x000051d8        0x0 C:/SysGCC/m68k-elf/m68k-elf/lib/m68000\liblvgl.a(lv_tick.o)
 .text          0x000051d8        0x0 C:/SysGCC/m68k-elf/m68k-elf/lib/m68000\liblvgl.a(lv_arc.o)
 .text          0x000051d8        0x0 C:/SysGCC/m68k-elf/m68k-elf/lib/m68000\liblvgl.a(lv_bar.o)
 .text          0x000051d8        0x0 C:/SysGCC/m68k-elf/m68k-elf/lib/m68000\liblvgl.a(lv_button.o)
 .text          0x000051d8        0x0 C:/SysGCC/m68k-elf/m68k-elf/lib/m68000\liblvgl.a(lv_buttonmatrix.o)
 .text          0x000051d8        0x0 C:/SysGCC/m68k-elf/m68k-elf/lib/m68000\liblvgl.a(lv_calendar.o)
 .text          0x000051d8        0x0 C:/SysGCC/m68k-elf/m68k-elf/lib/m68000\liblvgl.a(lv_chart.o)
 .text          0x000051d8        0x0 C:/SysGCC/m68k-elf/m68k-elf/lib/m68000\liblvgl.a(lv_checkbox.o)
 .text          0x000051d8        0x0 C:/SysGCC/m68k-elf/m68k-elf/lib/m68000\liblvgl.a(lv_dropdown.o)
 .text          0x000051d8        0x0 C:/SysGCC/m68k-elf/m68k-elf/lib/m68000\liblvgl.a(lv_keyboard.o)
 .text          0x000051d8        0x0 C:/SysGCC/m68k-elf/m68k-elf/lib/m68000\liblvgl.a(lv_label.o)
 .text          0x000051d8        0x0 C:/SysGCC/m68k-elf/m68k-elf/lib/m68000\liblvgl.a(lv_led.o)
 .text          0x000051d8        0x0 C:/SysGCC/m68k-elf/m68k-elf/lib/m68000\liblvgl.a(lv_list.o)
 .text          0x000051d8        0x0 C:/SysGCC/m68k-elf/m68k-elf/lib/m68000\liblvgl.a(lv_msgbox.o)
 .text          0x000051d8        0x0 C:/SysGCC/m68k-elf/m68k-elf/lib/m68000\liblvgl.a(lv_roller.o)
 .text          0x000051d8        0x0 C:/SysGCC/m68k-elf/m68k-elf/lib/m68000\liblvgl.a(lv_slider.o)
 .text          0x000051d8        0x0 C:/SysGCC/m68k-elf/m68k-elf/lib/m68000\liblvgl.a(lv_span.o)
 .text          0x000051d8        0x0 C:/SysGCC/m68k-elf/m68k-elf/lib/m68000\liblvgl.a(lv_spinbox.o)
 .text          0x000051d8        0x0 C:/SysGCC/m68k-elf/m68k-elf/lib/m68000\liblvgl.a(lv_spinner.o)
 .text          0x000051d8        0x0 C:/SysGCC/m68k-elf/m68k-elf/lib/m68000\liblvgl.a(lv_switch.o)
 .text          0x000051d8        0x0 C:/SysGCC/m68k-elf/m68k-elf/lib/m68000\liblvgl.a(lv_table.o)
 .text          0x000051d8        0x0 C:/SysGCC/m68k-elf/m68k-elf/lib/m68000\liblvgl.a(lv_tabview.o)
 .text          0x000051d8        0x0 C:/SysGCC/m68k-elf/m68k-elf/lib/m68000\liblvgl.a(lv_textarea.o)
 .text          0x000051d8        0x0 C:/SysGCC/m68k-elf/m68k-elf/lib/m68000\liblvgl.a(lv_tileview.o)
 .text          0x000051d8        0x0 C:/SysGCC/m68k-elf/m68k-elf/lib/m68000\liblvgl.a(lv_win.o)
 .text          0x000051d8        0x0 C:/SysGCC/m68k-elf/m68k-elf/lib/m68000\liblvgl.a(lv_group.o)
 .text          0x000051d8        0x0 C:/SysGCC/m68k-elf/m68k-elf/lib/m68000\liblvgl.a(lv_obj.o)
 .text          0x000051d8        0x0 C:/SysGCC/m68k-elf/m68k-elf/lib/m68000\liblvgl.a(lv_obj_class.o)
 .text          0x000051d8        0x0 C:/SysGCC/m68k-elf/m68k-elf/lib/m68000\liblvgl.a(lv_obj_draw.o)
 .text          0x000051d8        0x0 C:/SysGCC/m68k-elf/m68k-elf/lib/m68000\liblvgl.a(lv_obj_event.o)
 .text          0x000051d8        0x0 C:/SysGCC/m68k-elf/m68k-elf/lib/m68000\liblvgl.a(lv_obj_pos.o)
 .text          0x000051d8        0x0 C:/SysGCC/m68k-elf/m68k-elf/lib/m68000\liblvgl.a(lv_obj_scroll.o)
 .text          0x000051d8        0x0 C:/SysGCC/m68k-elf/m68k-elf/lib/m68000\liblvgl.a(lv_obj_style.o)
 .text          0x000051d8        0x0 C:/SysGCC/m68k-elf/m68k-elf/lib/m68000\liblvgl.a(lv_obj_style_gen.o)
 .text          0x000051d8        0x0 C:/SysGCC/m68k-elf/m68k-elf/lib/m68000\liblvgl.a(lv_obj_tree.o)
 .text          0x000051d8        0x0 C:/SysGCC/m68k-elf/m68k-elf/lib/m68000\liblvgl.a(lv_observer.o)
 .text          0x000051d8        0x0 C:/SysGCC/m68k-elf/m68k-elf/lib/m68000\liblvgl.a(lv_refr.o)
 .text          0x000051d8        0x0 C:/SysGCC/m68k-elf/m68k-elf/lib/m68000\liblvgl.a(lv_draw_buf_convert.o)
 .text          0x000051d8        0x0 C:/SysGCC/m68k-elf/m68k-elf/lib/m68000\liblvgl.a(lv_draw_arc.o)
 .text          0x000051d8        0x0 C:/SysGCC/m68k-elf/m68k-elf/lib/m68000\liblvgl.a(lv_draw_line.o)
 .text          0x000051d8        0x0 C:/SysGCC/m68k-elf/m68k-elf/lib/m68000\liblvgl.a(lv_draw_mask.o)
 .text          0x000051d8        0x0 C:/SysGCC/m68k-elf/m68k-elf/lib/m68000\liblvgl.a(lv_draw_sw.o)
 .text          0x000051d8        0x0 C:/SysGCC/m68k-elf/m68k-elf/lib/m68000\liblvgl.a(lv_draw_sw_arc.o)
 .text          0x000051d8        0x0 C:/SysGCC/m68k-elf/m68k-elf/lib/m68000\liblvgl.a(lv_draw_sw_blur.o)
 .text          0x000051d8        0x0 C:/SysGCC/m68k-elf/m68k-elf/lib/m68000\liblvgl.a(lv_draw_sw_border.o)
 .text          0x000051d8        0x0 C:/SysGCC/m68k-elf/m68k-elf/lib/m68000\liblvgl.a(lv_draw_sw_box_shadow.o)
 .text          0x000051d8        0x0 C:/SysGCC/m68k-elf/m68k-elf/lib/m68000\liblvgl.a(lv_draw_sw_fill.o)
 .text          0x000051d8        0x0 C:/SysGCC/m68k-elf/m68k-elf/lib/m68000\liblvgl.a(lv_draw_sw_grad.o)
 .text          0x000051d8        0x0 C:/SysGCC/m68k-elf/m68k-elf/lib/m68000\liblvgl.a(lv_draw_sw_img.o)
 .text          0x000051d8        0x0 C:/SysGCC/m68k-elf/m68k-elf/lib/m68000\liblvgl.a(lv_draw_sw_letter.o)
 .text          0x000051d8        0x0 C:/SysGCC/m68k-elf/m68k-elf/lib/m68000\liblvgl.a(lv_draw_sw_line.o)
 .text          0x000051d8        0x0 C:/SysGCC/m68k-elf/m68k-elf/lib/m68000\liblvgl.a(lv_draw_sw_mask.o)
 .text          0x000051d8        0x0 C:/SysGCC/m68k-elf/m68k-elf/lib/m68000\liblvgl.a(lv_draw_sw_mask_rect.o)
 .text          0x000051d8        0x0 C:/SysGCC/m68k-elf/m68k-elf/lib/m68000\liblvgl.a(lv_draw_sw_transform.o)
 .text          0x000051d8        0x0 C:/SysGCC/m68k-elf/m68k-elf/lib/m68000\liblvgl.a(lv_draw_sw_triangle.o)
 .text          0x000051d8        0x0 C:/SysGCC/m68k-elf/m68k-elf/lib/m68000\liblvgl.a(lv_font_fmt_txt.o)
 .text          0x000051d8        0x0 C:/SysGCC/m68k-elf/m68k-elf/lib/m68000\liblvgl.a(lv_flex.o)
 .text          0x000051d8        0x0 C:/SysGCC/m68k-elf/m68k-elf/lib/m68000\liblvgl.a(lv_layout.o)
 .text          0x000051d8        0x0 C:/SysGCC/m68k-elf/m68k-elf/lib/m68000\liblvgl.a(lv_bin_decoder.o)
 .text          0x000051d8        0x0 C:/SysGCC/m68k-elf/m68k-elf/lib/m68000\liblvgl.a(lv_cache_lru_rb.o)
 .text          0x000051d8        0x0 C:/SysGCC/m68k-elf/m68k-elf/lib/m68000\liblvgl.a(lv_anim_timeline.o)
 .text          0x000051d8        0x0 C:/SysGCC/m68k-elf/m68k-elf/lib/m68000\liblvgl.a(lv_array.o)
 .text          0x000051d8        0x0 C:/SysGCC/m68k-elf/m68k-elf/lib/m68000\liblvgl.a(lv_async.o)
 .text          0x000051d8        0x0 C:/SysGCC/m68k-elf/m68k-elf/lib/m68000\liblvgl.a(lv_circle_buf.o)
 .text          0x000051d8        0x0 C:/SysGCC/m68k-elf/m68k-elf/lib/m68000\liblvgl.a(lv_rb.o)
 .text          0x000051d8        0x0 C:/SysGCC/m68k-elf/m68k-elf/lib/m68000\liblvgl.a(lv_style.o)
 .text          0x000051d8        0x0 C:/SysGCC/m68k-elf/m68k-elf/lib/m68000\liblvgl.a(lv_style_gen.o)
 .text          0x000051d8        0x0 C:/SysGCC/m68k-elf/m68k-elf/lib/m68000\liblvgl.a(lv_utils.o)
 .text          0x000051d8        0x0 C:/SysGCC/m68k-elf/m68k-elf/lib/m68000\liblvgl.a(lv_image.o)
 .text          0x000051d8        0x0 C:/SysGCC/m68k-elf/m68k-elf/lib/m68000\liblvgl.a(lv_draw_sw_blend.o)
 .text          0x000051d8        0x0 C:/SysGCC/m68k-elf/m68k-elf/lib/m68000\liblvgl.a(lv_draw_sw_blend_to_a8.o)
 .text          0x000051d8        0x0 C:/SysGCC/m68k-elf/m68k-elf/lib/m68000\liblvgl.a(lv_draw_sw_blend_to_al88.o)
 .text          0x000051d8        0x0 C:/SysGCC/m68k-elf/m68k-elf/lib/m68000\liblvgl.a(lv_draw_sw_blend_to_argb8888.o)
 .text          0x000051d8        0x0 C:/SysGCC/m68k-elf/m68k-elf/lib/m68000\liblvgl.a(lv_draw_sw_blend_to_argb8888_premultiplied.o)
 .text          0x000051d8        0x0 C:/SysGCC/m68k-elf/m68k-elf/lib/m68000\liblvgl.a(lv_draw_sw_blend_to_i1.o)
 .text          0x000051d8        0x0 C:/SysGCC/m68k-elf/m68k-elf/lib/m68000\liblvgl.a(lv_draw_sw_blend_to_l8.o)
 .text          0x000051d8        0x0 C:/SysGCC/m68k-elf/m68k-elf/lib/m68000\liblvgl.a(lv_draw_sw_blend_to_rgb565.o)
 .text          0x000051d8        0x0 C:/SysGCC/m68k-elf/m68k-elf/lib/m68000\liblvgl.a(lv_draw_sw_blend_to_rgb565_swapped.o)
 .text          0x000051d8        0x0 C:/SysGCC/m68k-elf/m68k-elf/lib/m68000\liblvgl.a(lv_draw_sw_blend_to_rgb888.o)
 .text          0x000051d8        0x0 C:/SysGCC/m68k-elf/m68k-elf/lib/m68000\liblvgl.a(lv_draw_sw_utils.o)
 .text          0x000051d8        0x0 C:/SysGCC/m68k-elf/m68k-elf/lib/m68000\liblvgl.a(lv_grid.o)
 .text          0x000051d8       0x22 c:/sysgcc/m68k-elf/bin/../lib/gcc/m68k-elf/4.8.0/m68000\libgcc.a(_mulsi3.o)
                0x000051d8                __mulsi3
 *fill*         0x000051fa        0x2 
 .text          0x000051fc       0x5c c:/sysgcc/m68k-elf/bin/../lib/gcc/m68k-elf/4.8.0/m68000\libgcc.a(_udivsi3.o)
                0x000051fc                __udivsi3
 .text          0x00005258       0x2e c:/sysgcc/m68k-elf/bin/../lib/gcc/m68k-elf/4.8.0/m68000\libgcc.a(_divsi3.o)
                0x00005258                __divsi3
 *fill*         0x00005286        0x2 
 .text          0x00005288       0x2e c:/sysgcc/m68k-elf/bin/../lib/gcc/m68k-elf/4.8.0/m68000\libgcc.a(_umodsi3.o)
                0x00005288                __umodsi3
 *fill*         0x000052b6        0x2 
 .text          0x000052b8       0x2e c:/sysgcc/m68k-elf/bin/../lib/gcc/m68k-elf/4.8.0/m68000\libgcc.a(_modsi3.o)
                0x000052b8                __modsi3
 *fill*         0x000052e6        0x2 
 .text          0x000052e8       0x74 c:/sysgcc/m68k-elf/bin/../lib/gcc/m68k-elf/4.8.0/m68000\libgcc.a(_muldi3.o)
                0x000052e8                __muldi3
 .text          0x0000535c       0x8e c:/sysgcc/m68k-elf/bin/../lib/gcc/m68k-elf/4.8.0/m68000\libgcc.a(_ffssi2.o)
                0x0000535c                __ffssi2
 *fill*         0x000053ea        0x2 
 .text          0x000053ec        0x0 c:/sysgcc/m68k-elf/bin/../lib/gcc/m68k-elf/4.8.0/m68000\libgcc.a(_clz.o)
 .text          0x000053ec       0x9a c:/sysgcc/m68k-elf/bin/../lib/gcc/m68k-elf/4.8.0/m68000\libgcc.a(_clzsi2.o)
                0x000053ec                __clzsi2
 *fill*         0x00005486        0x2 
 .text          0x00005488      0x5b0 c:/sysgcc/m68k-elf/bin/../lib/gcc/m68k-elf/4.8.0/m68000\libgcc.a(_divdi3.o)
                0x00005488                __divdi3
 .text          0x00005a38      0x5ea c:/sysgcc/m68k-elf/bin/../lib/gcc/m68k-elf/4.8.0/m68000\libgcc.a(_udivdi3.o)
                0x00005a38                __udivdi3
 *fill*         0x00006022        0x2 
 .text          0x00006024      0x532 c:/sysgcc/m68k-elf/bin/../lib/gcc/m68k-elf/4.8.0/m68000\libgcc.a(_umoddi3.o)
                0x00006024                __umoddi3
 *fill*         0x00006556        0x2 
 .text          0x00006558        0x0 C:/SysGCC/m68k-elf/m68k-elf/lib/m68000\libc.a(lib_a-environ.o)
 .text          0x00006558      0x338 C:/SysGCC/m68k-elf/m68k-elf/lib/m68000\libc.a(lib_a-findfp.o)
                0x0000656c                _cleanup_r
                0x00006586                __sfmoreglue
                0x000065e2                _cleanup
                0x000065fe                __sinit
                0x0000675a                __sfp
                0x0000683c                __sfp_lock_acquire
                0x00006844                __sfp_lock_release
                0x0000684c                __sinit_lock_acquire
                0x00006854                __sinit_lock_release
                0x0000685c                __fp_lock_all
                0x00006876                __fp_unlock_all
 .text          0x00006890       0xc4 C:/SysGCC/m68k-elf/m68k-elf/lib/m68000\libc.a(lib_a-fwalk.o)
                0x00006890                _fwalk
                0x000068f0                _fwalk_reent
 .text          0x00006954       0x38 C:/SysGCC/m68k-elf/m68k-elf/lib/m68000\libc.a(lib_a-getenv.o)
                0x00006954                _findenv
                0x00006970                getenv
 .text          0x0000698c       0xc0 C:/SysGCC/m68k-elf/m68k-elf/lib/m68000\libc.a(lib_a-getenv_r.o)
                0x0000698c                _findenv_r
                0x00006a34                _getenv_r
 .text          0x00006a4c        0x0 C:/SysGCC/m68k-elf/m68k-elf/lib/m68000\libc.a(lib_a-impure.o)
 .text          0x00006a4c      0x77a C:/SysGCC/m68k-elf/m68k-elf/lib/m68000\libc.a(lib_a-mallocr.o)
                0x00006a4c                _malloc_r
 *fill*         0x000071c6        0x2 
 .text          0x000071c8       0x6e C:/SysGCC/m68k-elf/m68k-elf/lib/m68000\libc.a(lib_a-memcpy.o)
                0x000071c8                memcpy
 *fill*         0x00007236        0x2 
 .text          0x00007238       0x72 C:/SysGCC/m68k-elf/m68k-elf/lib/m68000\libc.a(lib_a-memset.o)
                0x00007238                memset
 *fill*         0x000072aa        0x2 
 .text          0x000072ac       0x10 C:/SysGCC/m68k-elf/m68k-elf/lib/m68000\libc.a(lib_a-mlock.o)
                0x000072ac                __malloc_lock
                0x000072b4                __malloc_unlock
 .text          0x000072bc       0x42 C:/SysGCC/m68k-elf/m68k-elf/lib/m68000\libc.a(lib_a-printf.o)
                0x000072bc                _printf_r
                0x000072dc                printf
 *fill*         0x000072fe        0x2 
 .text          0x00007300       0xa0 C:/SysGCC/m68k-elf/m68k-elf/lib/m68000\libc.a(lib_a-puts.o)
                0x00007300                _puts_r
                0x0000738a                puts
 .text          0x000073a0       0x32 C:/SysGCC/m68k-elf/m68k-elf/lib/m68000\libc.a(lib_a-sbrkr.o)
                0x000073a0                _sbrk_r
 *fill*         0x000073d2        0x2 
 .text          0x000073d4      0x144 C:/SysGCC/m68k-elf/m68k-elf/lib/m68000\libc.a(lib_a-stdio.o)
                0x000073d4                __sread
                0x00007418                __seofread
                0x00007422                __swrite
                0x000074b4                __sseek
                0x00007500                __sclose
 .text          0x00007518       0x1a C:/SysGCC/m68k-elf/m68k-elf/lib/m68000\libc.a(lib_a-strlen.o)
                0x00007518                strlen
 *fill*         0x00007532        0x2 
 .text          0x00007534       0xe8 C:/SysGCC/m68k-elf/m68k-elf/lib/m68000\libc.a(lib_a-strncmp.o)
                0x00007534                strncmp
 .text          0x0000761c     0x1ca2 C:/SysGCC/m68k-elf/m68k-elf/lib/m68000\libc.a(lib_a-vfprintf.o)
                0x0000761c                _vfprintf_r
                0x00009202                vfprintf
 *fill*         0x000092be        0x2 
 .text          0x000092c0       0x3c C:/SysGCC/m68k-elf/m68k-elf/lib/m68000\libc.a(lib_a-writer.o)
                0x000092c0                _write_r
 .text          0x000092fc      0x14e C:/SysGCC/m68k-elf/m68k-elf/lib/m68000\libc.a(lib_a-wsetup.o)
                0x000092fc                __swsetup_r
 *fill*         0x0000944a        0x2 
 .text          0x0000944c       0x32 C:/SysGCC/m68k-elf/m68k-elf/lib/m68000\libc.a(lib_a-closer.o)
                0x0000944c                _close_r
 *fill*         0x0000947e        0x2 
 .text          0x00009480     0x1774 C:/SysGCC/m68k-elf/m68k-elf/lib/m68000\libc.a(lib_a-dtoa.o)
                0x00009630                _dtoa_r
 .text          0x0000abf4       0x10 C:/SysGCC/m68k-elf/m68k-elf/lib/m68000\libc.a(lib_a-envlock.o)
                0x0000abf4                __env_lock
                0x0000abfc                __env_unlock
 .text          0x0000ac04       0xf8 C:/SysGCC/m68k-elf/m68k-elf/lib/m68000\libc.a(lib_a-fclose.o)
                0x0000ac04                _fclose_r
                0x0000ace6                fclose
 .text          0x0000acfc      0x238 C:/SysGCC/m68k-elf/m68k-elf/lib/m68000\libc.a(lib_a-fflush.o)
                0x0000acfc                __sflush_r
                0x0000aeac                _fflush_r
                0x0000af02                fflush
 .text          0x0000af34      0x3ea C:/SysGCC/m68k-elf/m68k-elf/lib/m68000\libc.a(lib_a-freer.o)
                0x0000af34                _malloc_trim_r
                0x0000b020                _free_r
 *fill*         0x0000b31e        0x2 
 .text          0x0000b320      0x3e6 C:/SysGCC/m68k-elf/m68k-elf/lib/m68000\libc.a(lib_a-fvwrite.o)
                0x0000b320                __sfvwrite_r
 *fill*         0x0000b706        0x2 
 .text          0x0000b708       0xd8 C:/SysGCC/m68k-elf/m68k-elf/lib/m68000\libc.a(lib_a-locale.o)
                0x0000b708                _setlocale_r
                0x0000b776                __locale_charset
                0x0000b784                __locale_mb_cur_max
                0x0000b792                __locale_msgcharset
                0x0000b7a0                __locale_cjk_lang
                0x0000b7aa                _localeconv_r
                0x0000b7b8                setlocale
                0x0000b7d2                localeconv
 .text          0x0000b7e0       0x3c C:/SysGCC/m68k-elf/m68k-elf/lib/m68000\libc.a(lib_a-lseekr.o)
                0x0000b7e0                _lseek_r
 .text          0x0000b81c      0x132 C:/SysGCC/m68k-elf/m68k-elf/lib/m68000\libc.a(lib_a-makebuf.o)
                0x0000b81c                __smakebuf_r
 *fill*         0x0000b94e        0x2 
 .text          0x0000b950       0xc2 C:/SysGCC/m68k-elf/m68k-elf/lib/m68000\libc.a(lib_a-memchr.o)
                0x0000b950                memchr
 *fill*         0x0000ba12        0x2 
 .text          0x0000ba14       0xf2 C:/SysGCC/m68k-elf/m68k-elf/lib/m68000\libc.a(lib_a-memmove.o)
                0x0000ba14                memmove
 *fill*         0x0000bb06        0x2 
 .text          0x0000bb08      0xd34 C:/SysGCC/m68k-elf/m68k-elf/lib/m68000\libc.a(lib_a-mprec.o)
                0x0000bb08                _Balloc
                0x0000bba4                _Bfree
                0x0000bbce                __multadd
                0x0000bcb4                __s2b
                0x0000bd76                __hi0bits
                0x0000bdda                __lo0bits
                0x0000be5e                __i2b
                0x0000be80                __multiply
                0x0000c052                __pow5mult
                0x0000c136                __lshift
                0x0000c1fa                __mcmp
                0x0000c24a                __mdiff
                0x0000c3ee                __ulp
                0x0000c44a                __b2d
                0x0000c548                __d2b
                0x0000c662                __ratio
                0x0000c6f6                _mprec_log10
                0x0000c760                __copybits
                0x0000c7bc                __any_on
 .text          0x0000c83c       0x3c C:/SysGCC/m68k-elf/m68k-elf/lib/m68000\libc.a(lib_a-readr.o)
                0x0000c83c                _read_r
 .text          0x0000c878      0x65c C:/SysGCC/m68k-elf/m68k-elf/lib/m68000\libc.a(lib_a-reallocr.o)
                0x0000c878                _realloc_r
 .text          0x0000ced4       0x62 C:/SysGCC/m68k-elf/m68k-elf/lib/m68000\libc.a(lib_a-s_fpclassify.o)
                0x0000ced4                __fpclassifyd
 *fill*         0x0000cf36        0x2 
 .text          0x0000cf38       0x98 C:/SysGCC/m68k-elf/m68k-elf/lib/m68000\libc.a(lib_a-strcmp.o)
                0x0000cf38                strcmp
 .text          0x0000cfd0      0xfb2 C:/SysGCC/m68k-elf/m68k-elf/lib/m68000\libc.a(lib_a-vfiprintf.o)
                0x0000d080                __sprint_r
                0x0000d09e                _vfiprintf_r
                0x0000dec6                vfiprintf
 *fill*         0x0000df82        0x2 
 .text          0x0000df84       0xd6 C:/SysGCC/m68k-elf/m68k-elf/lib/m68000\libc.a(lib_a-callocr.o)
                0x0000df84                _calloc_r
 *fill*         0x0000e05a        0x2 
 .text          0x0000e05c      0x17c C:/SysGCC/m68k-elf/m68k-elf/lib/m68000\libc.a(lib_a-fputwc.o)
                0x0000e05c                _fputwc_r
                0x0000e17a                fputwc
 .text          0x0000e1d8       0x36 C:/SysGCC/m68k-elf/m68k-elf/lib/m68000\libc.a(lib_a-fstatr.o)
                0x0000e1d8                _fstat_r
 *fill*         0x0000e20e        0x2 
 .text          0x0000e210       0x32 C:/SysGCC/m68k-elf/m68k-elf/lib/m68000\libc.a(lib_a-isattyr.o)
                0x0000e210                _isatty_r
 *fill*         0x0000e242        0x2 
 .text          0x0000e244      0x148 C:/SysGCC/m68k-elf/m68k-elf/lib/m68000\libc.a(lib_a-wbuf.o)
                0x0000e244                __swbuf_r
                0x0000e372                __swbuf
 .text          0x0000e38c       0xfa C:/SysGCC/m68k-elf/m68k-elf/lib/m68000\libc.a(lib_a-wcrtomb.o)
                0x0000e38c                _wcrtomb_r
                0x0000e404                wcrtomb
 *fill*         0x0000e486        0x2 
 .text          0x0000e488       0x66 C:/SysGCC/m68k-elf/m68k-elf/lib/m68000\libc.a(lib_a-wctomb_r.o)
                0x0000e488                __ascii_wctomb
                0x0000e4c0                _wctomb_r
 *fill*         0x0000e4ee        0x2 
 .text          0x0000e4f0      0x9cc c:/sysgcc/m68k-elf/bin/../lib/gcc/m68k-elf/4.8.0/m68000\libgcc.a(_double.o)
                0x0000e54a                __subdf3
                0x0000e550                __adddf3
                0x0000e8e6                __muldf3
                0x0000ea94                __divdf3
                0x0000ed08                __negdf2
                0x0000ed66                __cmpdf2_internal
                0x0000ee36                __cmpdf2
 .text          0x0000eebc       0x6a c:/sysgcc/m68k-elf/bin/../lib/gcc/m68k-elf/4.8.0/m68000\libgcc.a(_floatex.o)
                0x0000eebc                __clear_sticky_bit
                0x0000eeca                $_exception_handler
 *fill*         0x0000ef26        0x2 
 .text          0x0000ef28       0x22 c:/sysgcc/m68k-elf/bin/../lib/gcc/m68k-elf/4.8.0/m68000\libgcc.a(_eqdf2.o)
                0x0000ef28                __eqdf2
 *fill*         0x0000ef4a        0x2 
 .text          0x0000ef4c       0x22 c:/sysgcc/m68k-elf/bin/../lib/gcc/m68k-elf/4.8.0/m68000\libgcc.a(_nedf2.o)
                0x0000ef4c                __nedf2
 *fill*         0x0000ef6e        0x2 
 .text          0x0000ef70       0x22 c:/sysgcc/m68k-elf/bin/../lib/gcc/m68k-elf/4.8.0/m68000\libgcc.a(_gtdf2.o)
                0x0000ef70                __gtdf2
 *fill*         0x0000ef92        0x2 
 .text          0x0000ef94       0x22 c:/sysgcc/m68k-elf/bin/../lib/gcc/m68k-elf/4.8.0/m68000\libgcc.a(_gedf2.o)
                0x0000ef94                __gedf2
 *fill*         0x0000efb6        0x2 
 .text          0x0000efb8       0x22 c:/sysgcc/m68k-elf/bin/../lib/gcc/m68k-elf/4.8.0/m68000\libgcc.a(_ltdf2.o)
                0x0000efb8                __ltdf2
 *fill*         0x0000efda        0x2 
 .text          0x0000efdc      0x44c c:/sysgcc/m68k-elf/bin/../lib/gcc/m68k-elf/4.8.0/m68000\libgcc.a(fpgnulib.o)
                0x0000efdc                __unordsf2
                0x0000f032                __unorddf2
                0x0000f0a8                __floatunsidf
                0x0000f114                __floatsidf
                0x0000f1bc                __floatunsisf
                0x0000f1d6                __floatsisf
                0x0000f1f0                __extendsfdf2
                0x0000f26e                __truncdfsf2
                0x0000f378                __fixdfsi
                0x0000f40e                __fixsfsi
 .text          0x0000f428      0x7be c:/sysgcc/m68k-elf/bin/../lib/gcc/m68k-elf/4.8.0/m68000\libgcc.a(xfgnulib.o)
                0x0000f428                __unordxf2
                0x0000f4ac                __extenddfxf2
                0x0000f566                __truncxfdf2
                0x0000f64c                __extendsfxf2
                0x0000f690                __truncxfsf2
                0x0000f6b8                __floatsixf
                0x0000f6fe                __floatunsixf
                0x0000f744                __fixxfsi
                0x0000f76c                __addxf3
                0x0000f7e2                __subxf3
                0x0000f858                __mulxf3
                0x0000f8ce                __divxf3
                0x0000f944                __negxf2
                0x0000f99a                __cmpxf2
                0x0000f9ee                __eqxf2
                0x0000fa42                __nexf2
                0x0000fa96                __ltxf2
                0x0000faea                __lexf2
                0x0000fb3e                __gtxf2
                0x0000fb92                __gexf2
 *fill*         0x0000fbe6        0x2 
 .text          0x0000fbe8      0x6aa C:/SysGCC/m68k-elf/m68k-elf/lib/m68000\libnkc.a(newlib_stubs.o)
                0x0000fbe8                _ctlcon
                0x0000fbec                _initcon
                0x0000fbf0                _putcon
                0x0000fc08                _opencon
                0x0000fc0c                _closecon
                0x0000fc10                _ctlser
                0x0000fe56                _initser
                0x0000fe98                _putser
                0x0000feb2                _openser
                0x0000feb6                _closeser
                0x0000feca                _getcon
                0x0000fff4                _getser
                0x00010082                _getserint
                0x000100d6                _init_dev
                0x000100e2                _test_port
                0x000100e6                _init_port
                0x000100fa                _open
                0x00010100                _gettime
                0x00010196                time
                0x000101ac                _execve
                0x000101b8                _fork
                0x000101c4                getpid
                0x000101c8                kill
                0x000101d4                _link
                0x000101e0                sbrk
                0x00010212                get_heap_ptr
                0x00010222                _times
                0x0001022a                _unlink
                0x00010236                _wait
                0x00010242                _clock
 *fill*         0x00010292        0x2 
 .text          0x00010294      0x180 C:/SysGCC/m68k-elf/m68k-elf/lib/m68000\libnkc.a(open.o)
                0x00010294                open
 .text          0x00010414       0x7a C:/SysGCC/m68k-elf/m68k-elf/lib/m68000\libnkc.a(close.o)
                0x00010414                close
 *fill*         0x0001048e        0x2 
 .text          0x00010490       0x44 C:/SysGCC/m68k-elf/m68k-elf/lib/m68000\libnkc.a(isatty.o)
                0x00010490                isatty
 .text          0x000104d4        0x4 C:/SysGCC/m68k-elf/m68k-elf/lib/m68000\libnkc.a(lseek.o)
                0x000104d4                lseek
 .text          0x000104d8      0x29c C:/SysGCC/m68k-elf/m68k-elf/lib/m68000\libnkc.a(read.o)
                0x000104d8                read
 .text          0x00010774       0x46 C:/SysGCC/m68k-elf/m68k-elf/lib/m68000\libnkc.a(stat.o)
                0x00010774                stat
                0x000107b4                fstat
 *fill*         0x000107ba        0x2 
 .text          0x000107bc       0xb8 C:/SysGCC/m68k-elf/m68k-elf/lib/m68000\libnkc.a(write.o)
                0x000107bc                write
 .text          0x00010874        0x0 C:/SysGCC/m68k-elf/m68k-elf/lib/m68000\libc.a(lib_a-ctype_.o)
 .text          0x00010874        0xe C:/SysGCC/m68k-elf/m68k-elf/lib/m68000\libc.a(lib_a-errno.o)
                0x00010874                __errno
 *fill*         0x00010882        0x2 
 .text          0x00010884      0x686 C:/SysGCC/m68k-elf/m68k-elf/lib/m68000\libc.a(lib_a-mktime.o)
                0x00010b36                mktime
 *fill*         0x00010f0a        0x2 
 .text          0x00010f0c      0x696 C:/SysGCC/m68k-elf/m68k-elf/lib/m68000\libc.a(lib_a-mktm_r.o)
                0x00010f0c                __tzcalc_limits
                0x00011110                _mktm_r
 *fill*         0x000115a2        0x2 
 .text          0x000115a4      0x266 C:/SysGCC/m68k-elf/m68k-elf/lib/m68000\libc.a(lib_a-signal.o)
                0x000115a4                _init_signal_r
                0x000115f4                _signal_r
                0x0001166c                _raise_r
                0x00011718                __sigtramp_r
                0x000117b2                raise
                0x000117c8                signal
                0x000117e2                _init_signal
                0x000117f4                __sigtramp
 *fill*         0x0001180a        0x2 
 .text          0x0001180c       0x42 C:/SysGCC/m68k-elf/m68k-elf/lib/m68000\libc.a(lib_a-signalr.o)
                0x0001180c                _kill_r
                0x00011842                _getpid_r
 *fill*         0x0001184e        0x2 
 .text          0x00011850       0x10 C:/SysGCC/m68k-elf/m68k-elf/lib/m68000\libc.a(lib_a-tzlock.o)
                0x00011850                __tz_lock
                0x00011858                __tz_unlock
 .text          0x00011860        0x0 C:/SysGCC/m68k-elf/m68k-elf/lib/m68000\libc.a(lib_a-tzvars.o)
 .text          0x00011860       0x64 C:/SysGCC/m68k-elf/m68k-elf/lib/m68000\libc.a(lib_a-div.o)
                0x00011860                div
 .text          0x000118c4        0xe C:/SysGCC/m68k-elf/m68k-elf/lib/m68000\libc.a(lib_a-gettzinfo.o)
                0x000118c4                __gettzinfo
                0x000118d4                . = ALIGN (0x4)
 *fill*         0x000118d2        0x2 
                0x000118d4                __CTOR_LIST__ = .
                0x000118d4                ___CTOR_LIST__ = .
                0x000118d4        0x4 LONG 0x0 (((__CTOR_END__ - __CTOR_LIST__) / 0x4) - 0x2)
 *(.ctors)
 *(.ctors)
                0x000118d8        0x4 LONG 0x0
                0x000118dc                __CTOR_END__ = .
                0x000118dc                __DTOR_LIST__ = .
                0x000118dc                ___DTOR_LIST__ = .
                0x000118dc        0x4 LONG 0x0 (((__DTOR_END__ - __DTOR_LIST__) / 0x4) - 0x2)
 *(.dtors)
 *(.dtors)
                0x000118e0        0x4 LONG 0x0
                0x000118e4                __DTOR_END__ = .
                0x000118e4                . = ALIGN (0x4)
                0x000118e4                __INIT_SECTION__ = .
                0x000118e4        0x4 LONG 0x4e560000
 *(.init)
 *(.init)
                0x000118e8        0x2 SHORT 0x4e5e
                0x000118ea        0x2 SHORT 0x4e75
                0x000118ec                __FINI_SECTION__ = .
                0x000118ec        0x4 LONG 0x4e560000
 *(.fini)
 *(.fini)
                0x000118f0        0x2 SHORT 0x4e5e
                0x000118f2        0x2 SHORT 0x4e75
 *(.lit)
 *(.lit)
                0x000118f4                _etext = .
                0x000118f4                PROVIDE (etext, .)

.text._exit     0x000118f4       0x3a
 .text._exit    0x000118f4       0x3a obj/crt0.o
                0x000118f4                _exit

.text.doTick    0x0001192e       0x14
 .text.doTick   0x0001192e       0x14 ./obj/lvgl_nkc.o
                0x0001192e                doTick

.text.my_disp_flush
                0x00011942       0x20
 .text.my_disp_flush
                0x00011942       0x20 ./obj/lvgl_nkc.o
                0x00011942                my_disp_flush

.text.hardware_init
                0x00011962       0x24
 .text.hardware_init
                0x00011962       0x24 ./obj/lvgl_nkc.o
                0x00011962                hardware_init

.text.startup.main
                0x00011986      0x110
 .text.startup.main
                0x00011986      0x110 ./obj/lvgl_nkc.o
                0x00011986                main

.text.disp_event_cb
                0x00011a96       0x3e
 .text.disp_event_cb
                0x00011a96       0x3e C:/SysGCC/m68k-elf/m68k-elf/lib/m68000\liblvgl.a(lv_display.o)

.text.invalidate_layout_cb
                0x00011ad4       0x10
 .text.invalidate_layout_cb
                0x00011ad4       0x10 C:/SysGCC/m68k-elf/m68k-elf/lib/m68000\liblvgl.a(lv_display.o)

.text.scr_anim_completed
                0x00011ae4       0x96
 .text.scr_anim_completed
                0x00011ae4       0x96 C:/SysGCC/m68k-elf/m68k-elf/lib/m68000\liblvgl.a(lv_display.o)

.text.scr_load_anim_start
                0x00011b7a       0x32
 .text.scr_load_anim_start
                0x00011b7a       0x32 C:/SysGCC/m68k-elf/m68k-elf/lib/m68000\liblvgl.a(lv_display.o)

.text.load_new_screen
                0x00011bac       0x8e
 .text.load_new_screen
                0x00011bac       0x8e C:/SysGCC/m68k-elf/m68k-elf/lib/m68000\liblvgl.a(lv_display.o)

.text.opa_scale_anim
                0x00011c3a       0x1a
 .text.opa_scale_anim
                0x00011c3a       0x1a C:/SysGCC/m68k-elf/m68k-elf/lib/m68000\liblvgl.a(lv_display.o)

.text.set_y_anim
                0x00011c54        0xc
 .text.set_y_anim
                0x00011c54        0x6 C:/SysGCC/m68k-elf/m68k-elf/lib/m68000\liblvgl.a(lv_display.o)
 .text.set_y_anim
                0x00011c5a        0x6 C:/SysGCC/m68k-elf/m68k-elf/lib/m68000\liblvgl.a(lv_roller.o)

.text.set_x_anim
                0x00011c60        0x6
 .text.set_x_anim
                0x00011c60        0x6 C:/SysGCC/m68k-elf/m68k-elf/lib/m68000\liblvgl.a(lv_display.o)

.text.lv_display_create
                0x00011c66      0x230
 .text.lv_display_create
                0x00011c66      0x230 C:/SysGCC/m68k-elf/m68k-elf/lib/m68000\liblvgl.a(lv_display.o)
                0x00011c66                lv_display_create

.text.lv_display_set_default
                0x00011e96        0xa
 .text.lv_display_set_default
                0x00011e96        0xa C:/SysGCC/m68k-elf/m68k-elf/lib/m68000\liblvgl.a(lv_display.o)
                0x00011e96                lv_display_set_default

.text.lv_display_get_default
                0x00011ea0        0x8
 .text.lv_display_get_default
                0x00011ea0        0x8 C:/SysGCC/m68k-elf/m68k-elf/lib/m68000\liblvgl.a(lv_display.o)
                0x00011ea0                lv_display_get_default

.text.lv_display_get_next
                0x00011ea8       0x26
 .text.lv_display_get_next
                0x00011ea8       0x26 C:/SysGCC/m68k-elf/m68k-elf/lib/m68000\liblvgl.a(lv_display.o)
                0x00011ea8                lv_display_get_next

.text.lv_display_set_physical_resolution
                0x00011ece       0x34
 .text.lv_display_set_physical_resolution
                0x00011ece       0x34 C:/SysGCC/m68k-elf/m68k-elf/lib/m68000\liblvgl.a(lv_display.o)
                0x00011ece                lv_display_set_physical_resolution

.text.lv_display_set_offset
                0x00011f02       0x34
 .text.lv_display_set_offset
                0x00011f02       0x34 C:/SysGCC/m68k-elf/m68k-elf/lib/m68000\liblvgl.a(lv_display.o)
                0x00011f02                lv_display_set_offset

.text.lv_display_set_dpi
                0x00011f36       0x1e
 .text.lv_display_set_dpi
                0x00011f36       0x1e C:/SysGCC/m68k-elf/m68k-elf/lib/m68000\liblvgl.a(lv_display.o)
                0x00011f36                lv_display_set_dpi

.text.lv_display_get_horizontal_resolution
                0x00011f54       0x3e
 .text.lv_display_get_horizontal_resolution
                0x00011f54       0x3e C:/SysGCC/m68k-elf/m68k-elf/lib/m68000\liblvgl.a(lv_display.o)
                0x00011f54                lv_display_get_horizontal_resolution

.text.lv_display_get_vertical_resolution
                0x00011f92       0x3e
 .text.lv_display_get_vertical_resolution
                0x00011f92       0x3e C:/SysGCC/m68k-elf/m68k-elf/lib/m68000\liblvgl.a(lv_display.o)
                0x00011f92                lv_display_get_vertical_resolution

.text.lv_display_get_original_horizontal_resolution
                0x00011fd0       0x1e
 .text.lv_display_get_original_horizontal_resolution
                0x00011fd0       0x1e C:/SysGCC/m68k-elf/m68k-elf/lib/m68000\liblvgl.a(lv_display.o)
                0x00011fd0                lv_display_get_original_horizontal_resolution

.text.lv_display_get_original_vertical_resolution
                0x00011fee       0x20
 .text.lv_display_get_original_vertical_resolution
                0x00011fee       0x20 C:/SysGCC/m68k-elf/m68k-elf/lib/m68000\liblvgl.a(lv_display.o)
                0x00011fee                lv_display_get_original_vertical_resolution

.text.lv_display_get_physical_horizontal_resolution
                0x0001200e       0x4a
 .text.lv_display_get_physical_horizontal_resolution
                0x0001200e       0x4a C:/SysGCC/m68k-elf/m68k-elf/lib/m68000\liblvgl.a(lv_display.o)
                0x0001200e                lv_display_get_physical_horizontal_resolution

.text.lv_display_get_physical_vertical_resolution
                0x00012058       0x4a
 .text.lv_display_get_physical_vertical_resolution
                0x00012058       0x4a C:/SysGCC/m68k-elf/m68k-elf/lib/m68000\liblvgl.a(lv_display.o)
                0x00012058                lv_display_get_physical_vertical_resolution

.text.lv_display_get_offset_x
                0x000120a2       0x6c
 .text.lv_display_get_offset_x
                0x000120a2       0x6c C:/SysGCC/m68k-elf/m68k-elf/lib/m68000\liblvgl.a(lv_display.o)
                0x000120a2                lv_display_get_offset_x

.text.lv_display_get_offset_y
                0x0001210e       0x6c
 .text.lv_display_get_offset_y
                0x0001210e       0x6c C:/SysGCC/m68k-elf/m68k-elf/lib/m68000\liblvgl.a(lv_display.o)
                0x0001210e                lv_display_get_offset_y

.text.lv_display_get_dpi
                0x0001217a       0x20
 .text.lv_display_get_dpi
                0x0001217a       0x20 C:/SysGCC/m68k-elf/m68k-elf/lib/m68000\liblvgl.a(lv_display.o)
                0x0001217a                lv_display_get_dpi

.text.lv_display_set_draw_buffers
                0x0001219a       0x30
 .text.lv_display_set_draw_buffers
                0x0001219a       0x30 C:/SysGCC/m68k-elf/m68k-elf/lib/m68000\liblvgl.a(lv_display.o)
                0x0001219a                lv_display_set_draw_buffers

.text.lv_display_set_3rd_draw_buffer
                0x000121ca       0x2e
 .text.lv_display_set_3rd_draw_buffer
                0x000121ca       0x2e C:/SysGCC/m68k-elf/m68k-elf/lib/m68000\liblvgl.a(lv_display.o)
                0x000121ca                lv_display_set_3rd_draw_buffer

.text.lv_display_set_render_mode
                0x000121f8       0x1e
 .text.lv_display_set_render_mode
                0x000121f8       0x1e C:/SysGCC/m68k-elf/m68k-elf/lib/m68000\liblvgl.a(lv_display.o)
                0x000121f8                lv_display_set_render_mode

.text.lv_display_set_flush_cb
                0x00012216       0x1e
 .text.lv_display_set_flush_cb
                0x00012216       0x1e C:/SysGCC/m68k-elf/m68k-elf/lib/m68000\liblvgl.a(lv_display.o)
                0x00012216                lv_display_set_flush_cb

.text.lv_display_set_flush_wait_cb
                0x00012234       0x1e
 .text.lv_display_set_flush_wait_cb
                0x00012234       0x1e C:/SysGCC/m68k-elf/m68k-elf/lib/m68000\liblvgl.a(lv_display.o)
                0x00012234                lv_display_set_flush_wait_cb

.text.lv_display_get_color_format
                0x00012252       0x20
 .text.lv_display_get_color_format
                0x00012252       0x20 C:/SysGCC/m68k-elf/m68k-elf/lib/m68000\liblvgl.a(lv_display.o)
                0x00012252                lv_display_get_color_format

.text.lv_display_set_buffers
                0x00012272      0x114
 .text.lv_display_set_buffers
                0x00012272      0x114 C:/SysGCC/m68k-elf/m68k-elf/lib/m68000\liblvgl.a(lv_display.o)
                0x00012272                lv_display_set_buffers

.text.lv_display_set_buffers_with_stride
                0x00012386       0xe6
 .text.lv_display_set_buffers_with_stride
                0x00012386       0xe6 C:/SysGCC/m68k-elf/m68k-elf/lib/m68000\liblvgl.a(lv_display.o)
                0x00012386                lv_display_set_buffers_with_stride

.text.lv_display_set_tile_cnt
                0x0001246c       0x3a
 .text.lv_display_set_tile_cnt
                0x0001246c       0x3a C:/SysGCC/m68k-elf/m68k-elf/lib/m68000\liblvgl.a(lv_display.o)
                0x0001246c                lv_display_set_tile_cnt

.text.lv_display_get_tile_cnt
                0x000124a6       0x28
 .text.lv_display_get_tile_cnt
                0x000124a6       0x28 C:/SysGCC/m68k-elf/m68k-elf/lib/m68000\liblvgl.a(lv_display.o)
                0x000124a6                lv_display_get_tile_cnt

.text.lv_display_set_antialiasing
                0x000124ce       0x2c
 .text.lv_display_set_antialiasing
                0x000124ce       0x2c C:/SysGCC/m68k-elf/m68k-elf/lib/m68000\liblvgl.a(lv_display.o)
                0x000124ce                lv_display_set_antialiasing

.text.lv_display_get_antialiasing
                0x000124fa       0x22
 .text.lv_display_get_antialiasing
                0x000124fa       0x22 C:/SysGCC/m68k-elf/m68k-elf/lib/m68000\liblvgl.a(lv_display.o)
                0x000124fa                lv_display_get_antialiasing

.text.lv_display_get_render_mode
                0x0001251c       0x1e
 .text.lv_display_get_render_mode
                0x0001251c       0x1e C:/SysGCC/m68k-elf/m68k-elf/lib/m68000\liblvgl.a(lv_display.o)
                0x0001251c                lv_display_get_render_mode

.text.lv_display_flush_ready
                0x0001253a        0xc
 .text.lv_display_flush_ready
                0x0001253a        0xc C:/SysGCC/m68k-elf/m68k-elf/lib/m68000\liblvgl.a(lv_display.o)
                0x0001253a                lv_display_flush_ready

.text.lv_display_flush_is_last
                0x00012546        0xe
 .text.lv_display_flush_is_last
                0x00012546        0xe C:/SysGCC/m68k-elf/m68k-elf/lib/m68000\liblvgl.a(lv_display.o)
                0x00012546                lv_display_flush_is_last

.text.lv_display_is_double_buffered
                0x00012554        0xe
 .text.lv_display_is_double_buffered
                0x00012554        0xe C:/SysGCC/m68k-elf/m68k-elf/lib/m68000\liblvgl.a(lv_display.o)
                0x00012554                lv_display_is_double_buffered

.text.lv_display_get_screen_active
                0x00012562       0x20
 .text.lv_display_get_screen_active
                0x00012562       0x20 C:/SysGCC/m68k-elf/m68k-elf/lib/m68000\liblvgl.a(lv_display.o)
                0x00012562                lv_display_get_screen_active

.text.lv_display_get_screen_loading
                0x00012582       0x20
 .text.lv_display_get_screen_loading
                0x00012582       0x20 C:/SysGCC/m68k-elf/m68k-elf/lib/m68000\liblvgl.a(lv_display.o)
                0x00012582                lv_display_get_screen_loading

.text.lv_display_get_screen_prev
                0x000125a2       0x20
 .text.lv_display_get_screen_prev
                0x000125a2       0x20 C:/SysGCC/m68k-elf/m68k-elf/lib/m68000\liblvgl.a(lv_display.o)
                0x000125a2                lv_display_get_screen_prev

.text.lv_display_get_layer_top
                0x000125c2       0x20
 .text.lv_display_get_layer_top
                0x000125c2       0x20 C:/SysGCC/m68k-elf/m68k-elf/lib/m68000\liblvgl.a(lv_display.o)
                0x000125c2                lv_display_get_layer_top

.text.lv_display_get_layer_sys
                0x000125e2       0x20
 .text.lv_display_get_layer_sys
                0x000125e2       0x20 C:/SysGCC/m68k-elf/m68k-elf/lib/m68000\liblvgl.a(lv_display.o)
                0x000125e2                lv_display_get_layer_sys

.text.lv_display_get_layer_bottom
                0x00012602       0x20
 .text.lv_display_get_layer_bottom
                0x00012602       0x20 C:/SysGCC/m68k-elf/m68k-elf/lib/m68000\liblvgl.a(lv_display.o)
                0x00012602                lv_display_get_layer_bottom

.text.lv_screen_load_anim
                0x00012622      0x3fa
 .text.lv_screen_load_anim
                0x00012622      0x3fa C:/SysGCC/m68k-elf/m68k-elf/lib/m68000\liblvgl.a(lv_display.o)
                0x00012622                lv_screen_load_anim

.text.lv_screen_load
                0x00012a1c       0x18
 .text.lv_screen_load
                0x00012a1c       0x18 C:/SysGCC/m68k-elf/m68k-elf/lib/m68000\liblvgl.a(lv_display.o)
                0x00012a1c                lv_screen_load

.text.lv_display_add_event_cb
                0x00012a34        0xe
 .text.lv_display_add_event_cb
                0x00012a34        0xe C:/SysGCC/m68k-elf/m68k-elf/lib/m68000\liblvgl.a(lv_display.o)
                0x00012a34                lv_display_add_event_cb

.text.lv_display_get_event_count
                0x00012a42        0xe
 .text.lv_display_get_event_count
                0x00012a42        0xe C:/SysGCC/m68k-elf/m68k-elf/lib/m68000\liblvgl.a(lv_display.o)
                0x00012a42                lv_display_get_event_count

.text.lv_display_get_event_dsc
                0x00012a50        0xe
 .text.lv_display_get_event_dsc
                0x00012a50        0xe C:/SysGCC/m68k-elf/m68k-elf/lib/m68000\liblvgl.a(lv_display.o)
                0x00012a50                lv_display_get_event_dsc

.text.lv_display_delete_event
                0x00012a5e        0xe
 .text.lv_display_delete_event
                0x00012a5e        0xe C:/SysGCC/m68k-elf/m68k-elf/lib/m68000\liblvgl.a(lv_display.o)
                0x00012a5e                lv_display_delete_event

.text.lv_display_remove_event_cb_with_user_data
                0x00012a6c       0x66
 .text.lv_display_remove_event_cb_with_user_data
                0x00012a6c       0x66 C:/SysGCC/m68k-elf/m68k-elf/lib/m68000\liblvgl.a(lv_display.o)
                0x00012a6c                lv_display_remove_event_cb_with_user_data

.text.lv_display_send_event
                0x00012ad2       0x1e
 .text.lv_display_send_event
                0x00012ad2       0x1e C:/SysGCC/m68k-elf/m68k-elf/lib/m68000\liblvgl.a(lv_display.o)
                0x00012ad2                lv_display_send_event

.text.lv_display_delete
                0x00012af0      0x14c
 .text.lv_display_delete
                0x00012af0      0x14c C:/SysGCC/m68k-elf/m68k-elf/lib/m68000\liblvgl.a(lv_display.o)
                0x00012af0                lv_display_delete

.text.update_resolution
                0x00012c3c      0x174
 .text.update_resolution
                0x00012c3c      0x174 C:/SysGCC/m68k-elf/m68k-elf/lib/m68000\liblvgl.a(lv_display.o)

.text.lv_display_set_resolution
                0x00012db0       0x3a
 .text.lv_display_set_resolution
                0x00012db0       0x3a C:/SysGCC/m68k-elf/m68k-elf/lib/m68000\liblvgl.a(lv_display.o)
                0x00012db0                lv_display_set_resolution

.text.lv_display_set_color_format
                0x00012dea       0x9a
 .text.lv_display_set_color_format
                0x00012dea       0x9a C:/SysGCC/m68k-elf/m68k-elf/lib/m68000\liblvgl.a(lv_display.o)
                0x00012dea                lv_display_set_color_format

.text.lv_event_get_invalidated_area
                0x00012e84       0x16
 .text.lv_event_get_invalidated_area
                0x00012e84       0x16 C:/SysGCC/m68k-elf/m68k-elf/lib/m68000\liblvgl.a(lv_display.o)
                0x00012e84                lv_event_get_invalidated_area

.text.lv_display_set_rotation
                0x00012e9a       0x36
 .text.lv_display_set_rotation
                0x00012e9a       0x36 C:/SysGCC/m68k-elf/m68k-elf/lib/m68000\liblvgl.a(lv_display.o)
                0x00012e9a                lv_display_set_rotation

.text.lv_display_get_rotation
                0x00012ed0       0x28
 .text.lv_display_get_rotation
                0x00012ed0       0x28 C:/SysGCC/m68k-elf/m68k-elf/lib/m68000\liblvgl.a(lv_display.o)
                0x00012ed0                lv_display_get_rotation

.text.lv_display_set_matrix_rotation
                0x00012ef8        0x2
 .text.lv_display_set_matrix_rotation
                0x00012ef8        0x2 C:/SysGCC/m68k-elf/m68k-elf/lib/m68000\liblvgl.a(lv_display.o)
                0x00012ef8                lv_display_set_matrix_rotation

.text.lv_display_get_matrix_rotation
                0x00012efa       0x26
 .text.lv_display_get_matrix_rotation
                0x00012efa       0x26 C:/SysGCC/m68k-elf/m68k-elf/lib/m68000\liblvgl.a(lv_display.o)
                0x00012efa                lv_display_get_matrix_rotation

.text.lv_display_set_theme
                0x00012f20       0x98
 .text.lv_display_set_theme
                0x00012f20       0x98 C:/SysGCC/m68k-elf/m68k-elf/lib/m68000\liblvgl.a(lv_display.o)
                0x00012f20                lv_display_set_theme

.text.lv_display_get_theme
                0x00012fb8       0x16
 .text.lv_display_get_theme
                0x00012fb8       0x16 C:/SysGCC/m68k-elf/m68k-elf/lib/m68000\liblvgl.a(lv_display.o)
                0x00012fb8                lv_display_get_theme

.text.lv_display_get_inactive_time
                0x00012fce       0x62
 .text.lv_display_get_inactive_time
                0x00012fce       0x62 C:/SysGCC/m68k-elf/m68k-elf/lib/m68000\liblvgl.a(lv_display.o)
                0x00012fce                lv_display_get_inactive_time

.text.lv_display_trigger_activity
                0x00013030       0x26
 .text.lv_display_trigger_activity
                0x00013030       0x26 C:/SysGCC/m68k-elf/m68k-elf/lib/m68000\liblvgl.a(lv_display.o)
                0x00013030                lv_display_trigger_activity

.text.lv_display_enable_invalidation
                0x00013056       0x2c
 .text.lv_display_enable_invalidation
                0x00013056       0x2c C:/SysGCC/m68k-elf/m68k-elf/lib/m68000\liblvgl.a(lv_display.o)
                0x00013056                lv_display_enable_invalidation

.text.lv_display_is_invalidation_enabled
                0x00013082       0x24
 .text.lv_display_is_invalidation_enabled
                0x00013082       0x24 C:/SysGCC/m68k-elf/m68k-elf/lib/m68000\liblvgl.a(lv_display.o)
                0x00013082                lv_display_is_invalidation_enabled

.text.lv_display_get_refr_timer
                0x000130a6       0x20
 .text.lv_display_get_refr_timer
                0x000130a6       0x20 C:/SysGCC/m68k-elf/m68k-elf/lib/m68000\liblvgl.a(lv_display.o)
                0x000130a6                lv_display_get_refr_timer

.text.lv_display_delete_refr_timer
                0x000130c6       0x30
 .text.lv_display_delete_refr_timer
                0x000130c6       0x30 C:/SysGCC/m68k-elf/m68k-elf/lib/m68000\liblvgl.a(lv_display.o)
                0x000130c6                lv_display_delete_refr_timer

.text.lv_display_send_vsync_event
                0x000130f6       0x36
 .text.lv_display_send_vsync_event
                0x000130f6       0x36 C:/SysGCC/m68k-elf/m68k-elf/lib/m68000\liblvgl.a(lv_display.o)
                0x000130f6                lv_display_send_vsync_event

.text.lv_display_register_vsync_event
                0x0001312c       0x56
 .text.lv_display_register_vsync_event
                0x0001312c       0x56 C:/SysGCC/m68k-elf/m68k-elf/lib/m68000\liblvgl.a(lv_display.o)
                0x0001312c                lv_display_register_vsync_event

.text.lv_display_unregister_vsync_event
                0x00013182       0x58
 .text.lv_display_unregister_vsync_event
                0x00013182       0x58 C:/SysGCC/m68k-elf/m68k-elf/lib/m68000\liblvgl.a(lv_display.o)
                0x00013182                lv_display_unregister_vsync_event

.text.lv_display_set_user_data
                0x000131da       0x1e
 .text.lv_display_set_user_data
                0x000131da       0x1e C:/SysGCC/m68k-elf/m68k-elf/lib/m68000\liblvgl.a(lv_display.o)
                0x000131da                lv_display_set_user_data

.text.lv_display_set_driver_data
                0x000131f8       0x1e
 .text.lv_display_set_driver_data
                0x000131f8       0x1e C:/SysGCC/m68k-elf/m68k-elf/lib/m68000\liblvgl.a(lv_display.o)
                0x000131f8                lv_display_set_driver_data

.text.lv_display_get_user_data
                0x00013216       0x20
 .text.lv_display_get_user_data
                0x00013216       0x20 C:/SysGCC/m68k-elf/m68k-elf/lib/m68000\liblvgl.a(lv_display.o)
                0x00013216                lv_display_get_user_data

.text.lv_display_get_driver_data
                0x00013236       0x20
 .text.lv_display_get_driver_data
                0x00013236       0x20 C:/SysGCC/m68k-elf/m68k-elf/lib/m68000\liblvgl.a(lv_display.o)
                0x00013236                lv_display_get_driver_data

.text.lv_display_get_buf_active
                0x00013256       0x20
 .text.lv_display_get_buf_active
                0x00013256       0x20 C:/SysGCC/m68k-elf/m68k-elf/lib/m68000\liblvgl.a(lv_display.o)
                0x00013256                lv_display_get_buf_active

.text.lv_display_rotate_area
                0x00013276       0xaa
 .text.lv_display_rotate_area
                0x00013276       0xaa C:/SysGCC/m68k-elf/m68k-elf/lib/m68000\liblvgl.a(lv_display.o)
                0x00013276                lv_display_rotate_area

.text.lv_display_rotate_point
                0x00013320       0x6e
 .text.lv_display_rotate_point
                0x00013320       0x6e C:/SysGCC/m68k-elf/m68k-elf/lib/m68000\liblvgl.a(lv_display.o)
                0x00013320                lv_display_rotate_point

.text.lv_display_get_draw_buf_size
                0x0001338e       0x2a
 .text.lv_display_get_draw_buf_size
                0x0001338e       0x2a C:/SysGCC/m68k-elf/m68k-elf/lib/m68000\liblvgl.a(lv_display.o)
                0x0001338e                lv_display_get_draw_buf_size

.text.lv_display_get_invalidated_draw_buf_size
                0x000133b8       0x9e
 .text.lv_display_get_invalidated_draw_buf_size
                0x000133b8       0x9e C:/SysGCC/m68k-elf/m68k-elf/lib/m68000\liblvgl.a(lv_display.o)
                0x000133b8                lv_display_get_invalidated_draw_buf_size

.text.lv_screen_active
                0x00013456       0x10
 .text.lv_screen_active
                0x00013456       0x10 C:/SysGCC/m68k-elf/m68k-elf/lib/m68000\liblvgl.a(lv_display.o)
                0x00013456                lv_screen_active

.text.lv_layer_top
                0x00013466       0x10
 .text.lv_layer_top
                0x00013466       0x10 C:/SysGCC/m68k-elf/m68k-elf/lib/m68000\liblvgl.a(lv_display.o)
                0x00013466                lv_layer_top

.text.lv_layer_sys
                0x00013476       0x10
 .text.lv_layer_sys
                0x00013476       0x10 C:/SysGCC/m68k-elf/m68k-elf/lib/m68000\liblvgl.a(lv_display.o)
                0x00013476                lv_layer_sys

.text.lv_layer_bottom
                0x00013486       0x10
 .text.lv_layer_bottom
                0x00013486       0x10 C:/SysGCC/m68k-elf/m68k-elf/lib/m68000\liblvgl.a(lv_display.o)
                0x00013486                lv_layer_bottom

.text.lv_dpx    0x00013496       0x42
 .text.lv_dpx   0x00013496       0x42 C:/SysGCC/m68k-elf/m68k-elf/lib/m68000\liblvgl.a(lv_display.o)
                0x00013496                lv_dpx

.text.lv_display_dpx
                0x000134d8       0x44
 .text.lv_display_dpx
                0x000134d8       0x44 C:/SysGCC/m68k-elf/m68k-elf/lib/m68000\liblvgl.a(lv_display.o)
                0x000134d8                lv_display_dpx

.text.lv_draw_init
                0x0001351c        0x2
 .text.lv_draw_init
                0x0001351c        0x2 C:/SysGCC/m68k-elf/m68k-elf/lib/m68000\liblvgl.a(lv_draw.o)
                0x0001351c                lv_draw_init

.text.lv_draw_deinit
                0x0001351e       0x3e
 .text.lv_draw_deinit
                0x0001351e       0x3e C:/SysGCC/m68k-elf/m68k-elf/lib/m68000\liblvgl.a(lv_draw.o)
                0x0001351e                lv_draw_deinit

.text.lv_draw_create_unit
                0x0001355c       0x2a
 .text.lv_draw_create_unit
                0x0001355c       0x2a C:/SysGCC/m68k-elf/m68k-elf/lib/m68000\liblvgl.a(lv_draw.o)
                0x0001355c                lv_draw_create_unit

.text.lv_draw_add_task
                0x00013586       0xaa
 .text.lv_draw_add_task
                0x00013586       0xaa C:/SysGCC/m68k-elf/m68k-elf/lib/m68000\liblvgl.a(lv_draw.o)
                0x00013586                lv_draw_add_task

.text.lv_draw_wait_for_finish
                0x00013630        0x2
 .text.lv_draw_wait_for_finish
                0x00013630        0x2 C:/SysGCC/m68k-elf/m68k-elf/lib/m68000\liblvgl.a(lv_draw.o)
                0x00013630                lv_draw_wait_for_finish

.text.lv_draw_dispatch_wait_for_request
                0x00013632       0x12
 .text.lv_draw_dispatch_wait_for_request
                0x00013632       0x12 C:/SysGCC/m68k-elf/m68k-elf/lib/m68000\liblvgl.a(lv_draw.o)
                0x00013632                lv_draw_dispatch_wait_for_request

.text.lv_draw_dispatch_request
                0x00013644        0xa
 .text.lv_draw_dispatch_request
                0x00013644        0xa C:/SysGCC/m68k-elf/m68k-elf/lib/m68000\liblvgl.a(lv_draw.o)
                0x00013644                lv_draw_dispatch_request

.text.lv_draw_get_unit_count
                0x0001364e        0x8
 .text.lv_draw_get_unit_count
                0x0001364e        0x8 C:/SysGCC/m68k-elf/m68k-elf/lib/m68000\liblvgl.a(lv_draw.o)
                0x0001364e                lv_draw_get_unit_count

.text.lv_draw_get_next_available_task
                0x00013656       0xf2
 .text.lv_draw_get_next_available_task
                0x00013656       0xf2 C:/SysGCC/m68k-elf/m68k-elf/lib/m68000\liblvgl.a(lv_draw.o)
                0x00013656                lv_draw_get_next_available_task

.text.lv_draw_get_available_task
                0x00013748       0x4e
 .text.lv_draw_get_available_task
                0x00013748       0x4e C:/SysGCC/m68k-elf/m68k-elf/lib/m68000\liblvgl.a(lv_draw.o)
                0x00013748                lv_draw_get_available_task

.text.lv_draw_get_dependent_count
                0x00013796       0x56
 .text.lv_draw_get_dependent_count
                0x00013796       0x56 C:/SysGCC/m68k-elf/m68k-elf/lib/m68000\liblvgl.a(lv_draw.o)
                0x00013796                lv_draw_get_dependent_count

.text.lv_draw_unit_send_event
                0x000137ec       0x7a
 .text.lv_draw_unit_send_event
                0x000137ec       0x7a C:/SysGCC/m68k-elf/m68k-elf/lib/m68000\liblvgl.a(lv_draw.o)
                0x000137ec                lv_draw_unit_send_event

.text.lv_draw_dispatch_layer
                0x00013866      0x1b4
 .text.lv_draw_dispatch_layer
                0x00013866      0x1b4 C:/SysGCC/m68k-elf/m68k-elf/lib/m68000\liblvgl.a(lv_draw.o)
                0x00013866                lv_draw_dispatch_layer

.text.lv_draw_dispatch
                0x00013a1a       0x4a
 .text.lv_draw_dispatch
                0x00013a1a       0x4a C:/SysGCC/m68k-elf/m68k-elf/lib/m68000\liblvgl.a(lv_draw.o)
                0x00013a1a                lv_draw_dispatch

.text.lv_draw_finalize_task_creation
                0x00013a64       0xc8
 .text.lv_draw_finalize_task_creation
                0x00013a64       0xc8 C:/SysGCC/m68k-elf/m68k-elf/lib/m68000\liblvgl.a(lv_draw.o)
                0x00013a64                lv_draw_finalize_task_creation

.text.lv_layer_reset
                0x00013b2c       0x3e
 .text.lv_layer_reset
                0x00013b2c       0x3e C:/SysGCC/m68k-elf/m68k-elf/lib/m68000\liblvgl.a(lv_draw.o)
                0x00013b2c                lv_layer_reset

.text.lv_layer_init
                0x00013b6a       0x24
 .text.lv_layer_init
                0x00013b6a       0x24 C:/SysGCC/m68k-elf/m68k-elf/lib/m68000\liblvgl.a(lv_draw.o)
                0x00013b6a                lv_layer_init

.text.lv_draw_layer_init
                0x00013b8e       0x9e
 .text.lv_draw_layer_init
                0x00013b8e       0x9e C:/SysGCC/m68k-elf/m68k-elf/lib/m68000\liblvgl.a(lv_draw.o)
                0x00013b8e                lv_draw_layer_init

.text.lv_draw_layer_create
                0x00013c2c       0x50
 .text.lv_draw_layer_create
                0x00013c2c       0x50 C:/SysGCC/m68k-elf/m68k-elf/lib/m68000\liblvgl.a(lv_draw.o)
                0x00013c2c                lv_draw_layer_create

.text.lv_draw_layer_alloc_buf
                0x00013c7c       0x8c
 .text.lv_draw_layer_alloc_buf
                0x00013c7c       0x8c C:/SysGCC/m68k-elf/m68k-elf/lib/m68000\liblvgl.a(lv_draw.o)
                0x00013c7c                lv_draw_layer_alloc_buf

.text.lv_draw_layer_go_to_xy
                0x00013d08        0xe
 .text.lv_draw_layer_go_to_xy
                0x00013d08        0xe C:/SysGCC/m68k-elf/m68k-elf/lib/m68000\liblvgl.a(lv_draw.o)
                0x00013d08                lv_draw_layer_go_to_xy

.text.lv_draw_task_get_type
                0x00013d16        0xa
 .text.lv_draw_task_get_type
                0x00013d16        0xa C:/SysGCC/m68k-elf/m68k-elf/lib/m68000\liblvgl.a(lv_draw.o)
                0x00013d16                lv_draw_task_get_type

.text.lv_draw_task_get_draw_dsc
                0x00013d20        0xa
 .text.lv_draw_task_get_draw_dsc
                0x00013d20        0xa C:/SysGCC/m68k-elf/m68k-elf/lib/m68000\liblvgl.a(lv_draw.o)
                0x00013d20                lv_draw_task_get_draw_dsc

.text.lv_draw_task_get_area
                0x00013d2a       0x1c
 .text.lv_draw_task_get_area
                0x00013d2a       0x1c C:/SysGCC/m68k-elf/m68k-elf/lib/m68000\liblvgl.a(lv_draw.o)
                0x00013d2a                lv_draw_task_get_area

.text.lv_draw_layer_create_drop_shadow
                0x00013d46       0x50
 .text.lv_draw_layer_create_drop_shadow
                0x00013d46       0x50 C:/SysGCC/m68k-elf/m68k-elf/lib/m68000\liblvgl.a(lv_draw.o)
                0x00013d46                lv_draw_layer_create_drop_shadow

.text.lv_draw_layer_finish_drop_shadow
                0x00013d96       0xb0
 .text.lv_draw_layer_finish_drop_shadow
                0x00013d96       0xb0 C:/SysGCC/m68k-elf/m68k-elf/lib/m68000\liblvgl.a(lv_draw.o)
                0x00013d96                lv_draw_layer_finish_drop_shadow

.text.lv_draw_blur_dsc_init
                0x00013e46       0x22
 .text.lv_draw_blur_dsc_init
                0x00013e46       0x22 C:/SysGCC/m68k-elf/m68k-elf/lib/m68000\liblvgl.a(lv_draw_blur.o)
                0x00013e46                lv_draw_blur_dsc_init

.text.lv_draw_task_get_blur_dsc
                0x00013e68       0x16
 .text.lv_draw_task_get_blur_dsc
                0x00013e68       0x16 C:/SysGCC/m68k-elf/m68k-elf/lib/m68000\liblvgl.a(lv_draw_blur.o)
                0x00013e68                lv_draw_task_get_blur_dsc

.text.lv_draw_blur
                0x00013e7e       0x52
 .text.lv_draw_blur
                0x00013e7e       0x52 C:/SysGCC/m68k-elf/m68k-elf/lib/m68000\liblvgl.a(lv_draw_blur.o)
                0x00013e7e                lv_draw_blur

.text.buf_align
                0x00013ed0        0xe
 .text.buf_align
                0x00013ed0        0xe C:/SysGCC/m68k-elf/m68k-elf/lib/m68000\liblvgl.a(lv_draw_buf.o)

.text.width_to_stride
                0x00013ede       0x26
 .text.width_to_stride
                0x00013ede       0x26 C:/SysGCC/m68k-elf/m68k-elf/lib/m68000\liblvgl.a(lv_draw_buf.o)

.text.buf_free  0x00013f04        0x6
 .text.buf_free
                0x00013f04        0x6 C:/SysGCC/m68k-elf/m68k-elf/lib/m68000\liblvgl.a(lv_draw_buf.o)

.text.buf_malloc
                0x00013f0a        0xa
 .text.buf_malloc
                0x00013f0a        0xa C:/SysGCC/m68k-elf/m68k-elf/lib/m68000\liblvgl.a(lv_draw_buf.o)

.text.lv_draw_buf_init_with_default_handlers
                0x00013f14       0x4a
 .text.lv_draw_buf_init_with_default_handlers
                0x00013f14       0x4a C:/SysGCC/m68k-elf/m68k-elf/lib/m68000\liblvgl.a(lv_draw_buf.o)
                0x00013f14                lv_draw_buf_init_with_default_handlers

.text.lv_draw_buf_init_handlers
                0x00013f5e       0x28
 .text.lv_draw_buf_init_handlers
                0x00013f5e       0x28 C:/SysGCC/m68k-elf/m68k-elf/lib/m68000\liblvgl.a(lv_draw_buf.o)
                0x00013f5e                lv_draw_buf_init_handlers

.text.lv_draw_buf_handlers_init
                0x00013f86       0x44
 .text.lv_draw_buf_handlers_init
                0x00013f86       0x44 C:/SysGCC/m68k-elf/m68k-elf/lib/m68000\liblvgl.a(lv_draw_buf.o)
                0x00013f86                lv_draw_buf_handlers_init

.text.lv_draw_buf_get_handlers
                0x00013fca        0x8
 .text.lv_draw_buf_get_handlers
                0x00013fca        0x8 C:/SysGCC/m68k-elf/m68k-elf/lib/m68000\liblvgl.a(lv_draw_buf.o)
                0x00013fca                lv_draw_buf_get_handlers

.text.lv_draw_buf_get_font_handlers
                0x00013fd2        0x8
 .text.lv_draw_buf_get_font_handlers
                0x00013fd2        0x8 C:/SysGCC/m68k-elf/m68k-elf/lib/m68000\liblvgl.a(lv_draw_buf.o)
                0x00013fd2                lv_draw_buf_get_font_handlers

.text.lv_draw_buf_get_image_handlers
                0x00013fda        0x8
 .text.lv_draw_buf_get_image_handlers
                0x00013fda        0x8 C:/SysGCC/m68k-elf/m68k-elf/lib/m68000\liblvgl.a(lv_draw_buf.o)
                0x00013fda                lv_draw_buf_get_image_handlers

.text.lv_draw_buf_width_to_stride_ex
                0x00013fe2       0x24
 .text.lv_draw_buf_width_to_stride_ex
                0x00013fe2       0x24 C:/SysGCC/m68k-elf/m68k-elf/lib/m68000\liblvgl.a(lv_draw_buf.o)
                0x00013fe2                lv_draw_buf_width_to_stride_ex

.text.lv_draw_buf_width_to_stride
                0x00014006       0x1a
 .text.lv_draw_buf_width_to_stride
                0x00014006       0x1a C:/SysGCC/m68k-elf/m68k-elf/lib/m68000\liblvgl.a(lv_draw_buf.o)
                0x00014006                lv_draw_buf_width_to_stride

.text._calculate_draw_buf_size
                0x00014020       0x7e
 .text._calculate_draw_buf_size
                0x00014020       0x7e C:/SysGCC/m68k-elf/m68k-elf/lib/m68000\liblvgl.a(lv_draw_buf.o)

.text.lv_draw_buf_align_ex
                0x0001409e       0x24
 .text.lv_draw_buf_align_ex