Archive member included because of file (symbol)

C:/SysGCC/m68k-elf/m68k-elf/lib/m68000\liblvgl.a(lv_display.o)
                              ./obj/lvgl_nkc.o (lv_display_create)
C:/SysGCC/m68k-elf/m68k-elf/lib/m68000\liblvgl.a(lv_draw.o)
                              C:/SysGCC/m68k-elf/m68k-elf/lib/m68000\liblvgl.a(lv_display.o) (lv_layer_init)
C:/SysGCC/m68k-elf/m68k-elf/lib/m68000\liblvgl.a(lv_draw_blur.o)
                              C:/SysGCC/m68k-elf/m68k-elf/lib/m68000\liblvgl.a(lv_draw.o) (lv_draw_blur_dsc_init)
C:/SysGCC/m68k-elf/m68k-elf/lib/m68000\liblvgl.a(lv_draw_buf.o)
                              C:/SysGCC/m68k-elf/m68k-elf/lib/m68000\liblvgl.a(lv_display.o) (lv_draw_buf_width_to_stride)
C:/SysGCC/m68k-elf/m68k-elf/lib/m68000\liblvgl.a(lv_draw_image.o)
                              C:/SysGCC/m68k-elf/m68k-elf/lib/m68000\liblvgl.a(lv_draw.o) (lv_draw_image_dsc_init)
C:/SysGCC/m68k-elf/m68k-elf/lib/m68000\liblvgl.a(lv_draw_label.o)
                              C:/SysGCC/m68k-elf/m68k-elf/lib/m68000\liblvgl.a(lv_draw.o) (lv_draw_task_get_label_dsc)
C:/SysGCC/m68k-elf/m68k-elf/lib/m68000\liblvgl.a(lv_draw_rect.o)
                              C:/SysGCC/m68k-elf/m68k-elf/lib/m68000\liblvgl.a(lv_draw_label.o) (lv_draw_fill_dsc_init)
C:/SysGCC/m68k-elf/m68k-elf/lib/m68000\liblvgl.a(lv_image_decoder.o)
                              C:/SysGCC/m68k-elf/m68k-elf/lib/m68000\liblvgl.a(lv_draw_image.o) (lv_image_decoder_get_info)
C:/SysGCC/m68k-elf/m68k-elf/lib/m68000\liblvgl.a(lv_font.o)
                              C:/SysGCC/m68k-elf/m68k-elf/lib/m68000\liblvgl.a(lv_draw_label.o) (lv_font_get_glyph_bitmap)
C:/SysGCC/m68k-elf/m68k-elf/lib/m68000\liblvgl.a(lv_font_montserrat_12.o)
                              C:/SysGCC/m68k-elf/m68k-elf/lib/m68000\liblvgl.a(lv_draw_label.o) (lv_font_montserrat_12)
C:/SysGCC/m68k-elf/m68k-elf/lib/m68000\liblvgl.a(lv_indev.o)
                              C:/SysGCC/m68k-elf/m68k-elf/lib/m68000\liblvgl.a(lv_display.o) (lv_indev_get_next)
C:/SysGCC/m68k-elf/m68k-elf/lib/m68000\liblvgl.a(lv_indev_scroll.o)
                              C:/SysGCC/m68k-elf/m68k-elf/lib/m68000\liblvgl.a(lv_indev.o) (lv_indev_scroll_throw_handler)
C:/SysGCC/m68k-elf/m68k-elf/lib/m68000\liblvgl.a(lv_init.o)
                              C:/SysGCC/m68k-elf/m68k-elf/lib/m68000\liblvgl.a(lv_display.o) (lv_global)
C:/SysGCC/m68k-elf/m68k-elf/lib/m68000\liblvgl.a(lv_image_cache.o)
                              C:/SysGCC/m68k-elf/m68k-elf/lib/m68000\liblvgl.a(lv_image_decoder.o) (lv_image_cache_init)
C:/SysGCC/m68k-elf/m68k-elf/lib/m68000\liblvgl.a(lv_image_header_cache.o)
                              C:/SysGCC/m68k-elf/m68k-elf/lib/m68000\liblvgl.a(lv_image_decoder.o) (lv_image_header_cache_init)
C:/SysGCC/m68k-elf/m68k-elf/lib/m68000\liblvgl.a(lv_cache.o)
                              C:/SysGCC/m68k-elf/m68k-elf/lib/m68000\liblvgl.a(lv_image_cache.o) (lv_cache_create)
C:/SysGCC/m68k-elf/m68k-elf/lib/m68000\liblvgl.a(lv_cache_entry.o)
                              C:/SysGCC/m68k-elf/m68k-elf/lib/m68000\liblvgl.a(lv_cache.o) (lv_cache_entry_get_ref)
C:/SysGCC/m68k-elf/m68k-elf/lib/m68000\liblvgl.a(lv_anim.o)
                              C:/SysGCC/m68k-elf/m68k-elf/lib/m68000\liblvgl.a(lv_init.o) (lv_anim_core_init)
C:/SysGCC/m68k-elf/m68k-elf/lib/m68000\liblvgl.a(lv_area.o)
                              C:/SysGCC/m68k-elf/m68k-elf/lib/m68000\liblvgl.a(lv_draw_buf.o) (lv_area_set)
C:/SysGCC/m68k-elf/m68k-elf/lib/m68000\liblvgl.a(lv_color.o)
                              C:/SysGCC/m68k-elf/m68k-elf/lib/m68000\liblvgl.a(lv_draw_buf.o) (lv_color_format_get_bpp)
C:/SysGCC/m68k-elf/m68k-elf/lib/m68000\liblvgl.a(lv_color_op.o)
                              C:/SysGCC/m68k-elf/m68k-elf/lib/m68000\liblvgl.a(lv_color.o) (lv_color_mix)
C:/SysGCC/m68k-elf/m68k-elf/lib/m68000\liblvgl.a(lv_event.o)
                              C:/SysGCC/m68k-elf/m68k-elf/lib/m68000\liblvgl.a(lv_display.o) (lv_event_push_and_send)
C:/SysGCC/m68k-elf/m68k-elf/lib/m68000\liblvgl.a(lv_fs.o)
                              C:/SysGCC/m68k-elf/m68k-elf/lib/m68000\liblvgl.a(lv_init.o) (lv_fs_init)
C:/SysGCC/m68k-elf/m68k-elf/lib/m68000\liblvgl.a(lv_iter.o)
                              C:/SysGCC/m68k-elf/m68k-elf/lib/m68000\liblvgl.a(lv_image_cache.o) (lv_iter_destroy)
C:/SysGCC/m68k-elf/m68k-elf/lib/m68000\liblvgl.a(lv_ll.o)
                              C:/SysGCC/m68k-elf/m68k-elf/lib/m68000\liblvgl.a(lv_display.o) (lv_ll_init)
C:/SysGCC/m68k-elf/m68k-elf/lib/m68000\liblvgl.a(lv_math.o)
                              C:/SysGCC/m68k-elf/m68k-elf/lib/m68000\liblvgl.a(lv_area.o) (lv_trigo_sin)
C:/SysGCC/m68k-elf/m68k-elf/lib/m68000\liblvgl.a(lv_palette.o)
                              C:/SysGCC/m68k-elf/m68k-elf/lib/m68000\liblvgl.a(lv_draw_label.o) (lv_palette_main)
C:/SysGCC/m68k-elf/m68k-elf/lib/m68000\liblvgl.a(lv_text.o)
[...]
Memory Configuration

Name             Origin             Length             Attributes
ram              0x00000000         0x00080000         xrw
*default*        0x00000000         0xffffffff

Linker script and memory map

LOAD obj/crt0.o
LOAD ./obj/lvgl_nkc.o
LOAD C:/SysGCC/m68k-elf/m68k-elf/lib/m68000\liblvgl.a
LOAD c:/sysgcc/m68k-elf/bin/../lib/gcc/m68k-elf/4.8.0/m68000\libgcc.a
LOAD C:/SysGCC/m68k-elf/m68k-elf/lib/m68000\libc.a
LOAD c:/sysgcc/m68k-elf/bin/../lib/gcc/m68k-elf/4.8.0/m68000\libgcc.a
START GROUP
LOAD C:/SysGCC/m68k-elf/m68k-elf/lib/m68000\libnkc.a
LOAD c:/sysgcc/m68k-elf/bin/../lib/gcc/m68k-elf/4.8.0/m68000\libgcc.a
LOAD C:/SysGCC/m68k-elf/m68k-elf/lib/m68000\libc.a
LOAD C:/SysGCC/m68k-elf/m68k-elf/lib/m68000\libm.a
END GROUP
                0x00000000                __DYNAMIC = 0x0
                0x00000000                __ram_start = 0x0
                0x00000400                __prog_start = (__ram_start + 0x400)
                0x00000000                PROVIDE (hardware_init_hook, 0x0)
                0x00000000                PROVIDE (_hardware_init_hook, 0x0)
                0x00000000                PROVIDE (software_init_hook, 0x0)
                0x00000000                PROVIDE (_software_init_hook, 0x0)

/DISCARD/
 */libgcc.a:unwind-dw2.o()

.text           0x00000400    0x114f8
 *(.startup)
 .startup       0x00000400      0x1b4 obj/crt0.o
                0x00000400                _start
 *(.startup)
 *(.rodata .rodata.*)
 .rodata.jados_cmd
                0x000005b4        0x5 obj/crt0.o
 .rodata.str1.1
                0x000005b9       0xb8 ./obj/lvgl_nkc.o
 .rodata.CSWTCH.7
                0x00000671        0xd C:/SysGCC/m68k-elf/m68k-elf/lib/m68000\liblvgl.a(lv_draw.o)
 .rodata        0x0000067e       0x10 C:/SysGCC/m68k-elf/m68k-elf/lib/m68000\liblvgl.a(lv_draw_image.o)
 .rodata.lv_font_montserrat_12
                0x0000068e       0x24 C:/SysGCC/m68k-elf/m68k-elf/lib/m68000\liblvgl.a(lv_font_montserrat_12.o)
                0x0000068e                lv_font_montserrat_12
 .rodata.font_dsc
                0x000006b2       0x16 C:/SysGCC/m68k-elf/m68k-elf/lib/m68000\liblvgl.a(lv_font_montserrat_12.o)
 .rodata.kern_classes
                0x000006c8        0xe C:/SysGCC/m68k-elf/m68k-elf/lib/m68000\liblvgl.a(lv_font_montserrat_12.o)
 .rodata.kern_class_values
                0x000006d6      0xbad C:/SysGCC/m68k-elf/m68k-elf/lib/m68000\liblvgl.a(lv_font_montserrat_12.o)
 .rodata.kern_right_class_mapping
                0x00001283       0x9e C:/SysGCC/m68k-elf/m68k-elf/lib/m68000\liblvgl.a(lv_font_montserrat_12.o)
 .rodata.kern_left_class_mapping
                0x00001321       0x9e C:/SysGCC/m68k-elf/m68k-elf/lib/m68000\liblvgl.a(lv_font_montserrat_12.o)
 *fill*         0x000013bf        0x1 
 .rodata.cmaps  0x000013c0       0x2c C:/SysGCC/m68k-elf/m68k-elf/lib/m68000\liblvgl.a(lv_font_montserrat_12.o)
 .rodata.unicode_list_1
                0x000013ec       0x7c C:/SysGCC/m68k-elf/m68k-elf/lib/m68000\liblvgl.a(lv_font_montserrat_12.o)
 .rodata.glyph_dsc
                0x00001468      0x4f0 C:/SysGCC/m68k-elf/m68k-elf/lib/m68000\liblvgl.a(lv_font_montserrat_12.o)
 .rodata.glyph_bitmap
                0x00001958     0x1a0f C:/SysGCC/m68k-elf/m68k-elf/lib/m68000\liblvgl.a(lv_font_montserrat_12.o)
 .rodata.str1.1
                0x00003367        0x6 C:/SysGCC/m68k-elf/m68k-elf/lib/m68000\liblvgl.a(lv_image_cache.o)
 *fill*         0x0000336d        0x1 
 .rodata        0x0000336e        0xc C:/SysGCC/m68k-elf/m68k-elf/lib/m68000\liblvgl.a(lv_image_cache.o)
 .rodata.str1.1
                0x0000337a        0xd C:/SysGCC/m68k-elf/m68k-elf/lib/m68000\liblvgl.a(lv_image_header_cache.o)
 *fill*         0x00003387        0x1 
 .rodata        0x00003388        0xc C:/SysGCC/m68k-elf/m68k-elf/lib/m68000\liblvgl.a(lv_image_header_cache.o)
 .rodata.CSWTCH.7
                0x00003394       0x30 C:/SysGCC/m68k-elf/m68k-elf/lib/m68000\liblvgl.a(lv_color.o)
 .rodata.lv_color_filter_shade
                0x000033c4        0x8 C:/SysGCC/m68k-elf/m68k-elf/lib/m68000\liblvgl.a(lv_color.o)
                0x000033c4                lv_color_filter_shade
 .rodata.str1.1
                0x000033cc      0x50a C:/SysGCC/m68k-elf/m68k-elf/lib/m68000\liblvgl.a(lv_event.o)
 .rodata.CSWTCH.38
                0x000038d6      0x114 C:/SysGCC/m68k-elf/m68k-elf/lib/m68000\liblvgl.a(lv_event.o)
 .rodata.str1.1
                0x000039ea       0x1e C:/SysGCC/m68k-elf/m68k-elf/lib/m68000\liblvgl.a(lv_fs.o)
                                 0x21 (size before relaxing)
 .rodata.sqq_table.8041
                0x00003a08      0x100 C:/SysGCC/m68k-elf/m68k-elf/lib/m68000\liblvgl.a(lv_math.o)
 .rodata.sin0_90_table
                0x00003b08       0xb6 C:/SysGCC/m68k-elf/m68k-elf/lib/m68000\liblvgl.a(lv_math.o)
 .rodata.colors.2052
                0x00003bbe       0xe4 C:/SysGCC/m68k-elf/m68k-elf/lib/m68000\liblvgl.a(lv_palette.o)
 .rodata.colors.2047
                0x00003ca2      0x11d C:/SysGCC/m68k-elf/m68k-elf/lib/m68000\liblvgl.a(lv_palette.o)
 .rodata.colors.2042
                0x00003dbf       0x39 C:/SysGCC/m68k-elf/m68k-elf/lib/m68000\liblvgl.a(lv_palette.o)
 .rodata.str1.1
                0x00003df8        0x8 C:/SysGCC/m68k-elf/m68k-elf/lib/m68000\liblvgl.a(lv_text.o)
 .rodata.lv_text_get_encoded_length
                0x00003e00        0x4 C:/SysGCC/m68k-elf/m68k-elf/lib/m68000\liblvgl.a(lv_text.o)
                0x00003e00                lv_text_get_encoded_length
 .rodata.lv_text_encoded_get_char_id
                0x00003e04        0x4 C:/SysGCC/m68k-elf/m68k-elf/lib/m68000\liblvgl.a(lv_text.o)
                0x00003e04                lv_text_encoded_get_char_id
 .rodata.lv_text_encoded_get_byte_id
                0x00003e08        0x4 C:/SysGCC/m68k-elf/m68k-elf/lib/m68000\liblvgl.a(lv_text.o)
                0x00003e08                lv_text_encoded_get_byte_id
 .rodata.lv_text_encoded_prev
                0x00003e0c        0x4 C:/SysGCC/m68k-elf/m68k-elf/lib/m68000\liblvgl.a(lv_text.o)
                0x00003e0c                lv_text_encoded_prev
 .rodata.lv_text_encoded_next
                0x00003e10        0x4 C:/SysGCC/m68k-elf/m68k-elf/lib/m68000\liblvgl.a(lv_text.o)
                0x00003e10                lv_text_encoded_next
 .rodata.lv_text_encoded_conv_wc
                0x00003e14        0x4 C:/SysGCC/m68k-elf/m68k-elf/lib/m68000\liblvgl.a(lv_text.o)
                0x00003e14                lv_text_encoded_conv_wc
 .rodata.lv_text_unicode_to_encoded
                0x00003e18        0x4 C:/SysGCC/m68k-elf/m68k-elf/lib/m68000\liblvgl.a(lv_text.o)
                0x00003e18                lv_text_unicode_to_encoded
 .rodata.lv_text_encoded_size
                0x00003e1c        0x4 C:/SysGCC/m68k-elf/m68k-elf/lib/m68000\liblvgl.a(lv_text.o)
                0x00003e1c                lv_text_encoded_size
 .rodata.str1.1
                0x00003e20        0x7 C:/SysGCC/m68k-elf/m68k-elf/lib/m68000\liblvgl.a(lv_arc.o)
 *fill*         0x00003e27        0x1 
 .rodata.lv_arc_class
                0x00003e28       0x24 C:/SysGCC/m68k-elf/m68k-elf/lib/m68000\liblvgl.a(lv_arc.o)
                0x00003e28                lv_arc_class
 .rodata.str1.1
                0x00003e4c        0x7 C:/SysGCC/m68k-elf/m68k-elf/lib/m68000\liblvgl.a(lv_bar.o)
 *fill*         0x00003e53        0x1 
 .rodata.lv_bar_class
                0x00003e54       0x24 C:/SysGCC/m68k-elf/m68k-elf/lib/m68000\liblvgl.a(lv_bar.o)
                0x00003e54                lv_bar_class
 .rodata.str1.1
                0x00003e78        0xa C:/SysGCC/m68k-elf/m68k-elf/lib/m68000\liblvgl.a(lv_button.o)
 .rodata.lv_button_class
                0x00003e82       0x24 C:/SysGCC/m68k-elf/m68k-elf/lib/m68000\liblvgl.a(lv_button.o)
                0x00003e82                lv_button_class
 .rodata.str1.1
                0x00003ea6       0x29 C:/SysGCC/m68k-elf/m68k-elf/lib/m68000\liblvgl.a(lv_buttonmatrix.o)
                                 0x2c (size before relaxing)
 *fill*         0x00003ecf        0x1 
 .rodata.lv_buttonmatrix_class
                0x00003ed0       0x24 C:/SysGCC/m68k-elf/m68k-elf/lib/m68000\liblvgl.a(lv_buttonmatrix.o)
                0x00003ed0                lv_buttonmatrix_class
 .rodata.lv_buttonmatrix_def_map
                0x00003ef4       0x1c C:/SysGCC/m68k-elf/m68k-elf/lib/m68000\liblvgl.a(lv_buttonmatrix.o)
 .rodata.str1.1
                0x00003f10       0x24 C:/SysGCC/m68k-elf/m68k-elf/lib/m68000\liblvgl.a(lv_calendar.o)
                                 0x27 (size before relaxing)
 .rodata.day_names_def
                0x00003f34       0x1c C:/SysGCC/m68k-elf/m68k-elf/lib/m68000\liblvgl.a(lv_calendar.o)
 .rodata.lv_calendar_class
                0x00003f50       0x24 C:/SysGCC/m68k-elf/m68k-elf/lib/m68000\liblvgl.a(lv_calendar.o)
                0x00003f50                lv_calendar_class
 .rodata.str1.1
                0x00003f74        0x9 C:/SysGCC/m68k-elf/m68k-elf/lib/m68000\liblvgl.a(lv_chart.o)
 *fill*         0x00003f7d        0x1 
 .rodata.lv_chart_class
                0x00003f7e       0x24 C:/SysGCC/m68k-elf/m68k-elf/lib/m68000\liblvgl.a(lv_chart.o)
                0x00003f7e                lv_chart_class
 .rodata.str1.1
                0x00003fa2       0x16 C:/SysGCC/m68k-elf/m68k-elf/lib/m68000\liblvgl.a(lv_checkbox.o)
 .rodata.lv_checkbox_class
                0x00003fb8       0x24 C:/SysGCC/m68k-elf/m68k-elf/lib/m68000\liblvgl.a(lv_checkbox.o)
                0x00003fb8                lv_checkbox_class
 .rodata.str1.1
                0x00003fdc       0x3c C:/SysGCC/m68k-elf/m68k-elf/lib/m68000\liblvgl.a(lv_dropdown.o)
                                 0x3f (size before relaxing)
 .rodata.lv_dropdownlist_class
                0x00004018       0x24 C:/SysGCC/m68k-elf/m68k-elf/lib/m68000\liblvgl.a(lv_dropdown.o)
                0x00004018                lv_dropdownlist_class
 .rodata.lv_dropdown_class
                0x0000403c       0x24 C:/SysGCC/m68k-elf/m68k-elf/lib/m68000\liblvgl.a(lv_dropdown.o)
                0x0000403c                lv_dropdown_class
 .rodata.str1.1
                0x00004060       0x93 C:/SysGCC/m68k-elf/m68k-elf/lib/m68000\liblvgl.a(lv_keyboard.o)
                                 0xf6 (size before relaxing)
 *fill*         0x000040f3        0x1 
 .rodata.default_kb_ctrl_num_map
                0x000040f4       0x44 C:/SysGCC/m68k-elf/m68k-elf/lib/m68000\liblvgl.a(lv_keyboard.o)
 .rodata.default_kb_map_num
                0x00004138       0x54 C:/SysGCC/m68k-elf/m68k-elf/lib/m68000\liblvgl.a(lv_keyboard.o)
 .rodata.default_kb_ctrl_spec_map
                0x0000418c       0xa0 C:/SysGCC/m68k-elf/m68k-elf/lib/m68000\liblvgl.a(lv_keyboard.o)
 .rodata.default_kb_map_spec
                0x0000422c       0xb0 C:/SysGCC/m68k-elf/m68k-elf/lib/m68000\liblvgl.a(lv_keyboard.o)
 .rodata.default_kb_ctrl_uc_map
                0x000042dc       0xa0 C:/SysGCC/m68k-elf/m68k-elf/lib/m68000\liblvgl.a(lv_keyboard.o)
 .rodata.default_kb_map_uc
                0x0000437c       0xb0 C:/SysGCC/m68k-elf/m68k-elf/lib/m68000\liblvgl.a(lv_keyboard.o)
 .rodata.default_kb_ctrl_lc_map
                0x0000442c       0xa0 C:/SysGCC/m68k-elf/m68k-elf/lib/m68000\liblvgl.a(lv_keyboard.o)
 .rodata.default_kb_map_lc
                0x000044cc       0xb0 C:/SysGCC/m68k-elf/m68k-elf/lib/m68000\liblvgl.a(lv_keyboard.o)
 .rodata.lv_keyboard_class
                0x0000457c       0x24 C:/SysGCC/m68k-elf/m68k-elf/lib/m68000\liblvgl.a(lv_keyboard.o)
                0x0000457c                lv_keyboard_class
 .rodata.str1.1
                0x000045a0        0xe C:/SysGCC/m68k-elf/m68k-elf/lib/m68000\liblvgl.a(lv_label.o)
                                 0x11 (size before relaxing)
 .rodata.lv_label_class
                0x000045ae       0x24 C:/SysGCC/m68k-elf/m68k-elf/lib/m68000\liblvgl.a(lv_label.o)
                0x000045ae                lv_label_class
 .rodata.str1.1
                0x000045d2        0x7 C:/SysGCC/m68k-elf/m68k-elf/lib/m68000\liblvgl.a(lv_led.o)
 *fill*         0x000045d9        0x1 
 .rodata.lv_led_class
                0x000045da       0x24 C:/SysGCC/m68k-elf/m68k-elf/lib/m68000\liblvgl.a(lv_led.o)
                0x000045da                lv_led_class
 .rodata.str1.1
                0x000045fe       0x24 C:/SysGCC/m68k-elf/m68k-elf/lib/m68000\liblvgl.a(lv_list.o)
                                 0x25 (size before relaxing)
 .rodata.lv_list_text_class
                0x00004622       0x24 C:/SysGCC/m68k-elf/m68k-elf/lib/m68000\liblvgl.a(lv_list.o)
                0x00004622                lv_list_text_class
 .rodata.lv_list_button_class
                0x00004646       0x24 C:/SysGCC/m68k-elf/m68k-elf/lib/m68000\liblvgl.a(lv_list.o)
                0x00004646                lv_list_button_class
 .rodata.lv_list_class
                0x0000466a       0x24 C:/SysGCC/m68k-elf/m68k-elf/lib/m68000\liblvgl.a(lv_list.o)
                0x0000466a                lv_list_class
 .rodata.str1.1
                0x0000468e       0x81 C:/SysGCC/m68k-elf/m68k-elf/lib/m68000\liblvgl.a(lv_msgbox.o)
                                 0x86 (size before relaxing)
 *fill*         0x0000470f        0x1 
 .rodata.lv_msgbox_backdrop_class
                0x00004710       0x24 C:/SysGCC/m68k-elf/m68k-elf/lib/m68000\liblvgl.a(lv_msgbox.o)
                0x00004710                lv_msgbox_backdrop_class
 .rodata.lv_msgbox_header_button_class
                0x00004734       0x24 C:/SysGCC/m68k-elf/m68k-elf/lib/m68000\liblvgl.a(lv_msgbox.o)
                0x00004734                lv_msgbox_header_button_class
 .rodata.lv_msgbox_footer_button_class
                0x00004758       0x24 C:/SysGCC/m68k-elf/m68k-elf/lib/m68000\liblvgl.a(lv_msgbox.o)
                0x00004758                lv_msgbox_footer_button_class
 .rodata.lv_msgbox_footer_class
                0x0000477c       0x24 C:/SysGCC/m68k-elf/m68k-elf/lib/m68000\liblvgl.a(lv_msgbox.o)
                0x0000477c                lv_msgbox_footer_class
 .rodata.lv_msgbox_content_class
                0x000047a0       0x24 C:/SysGCC/m68k-elf/m68k-elf/lib/m68000\liblvgl.a(lv_msgbox.o)
                0x000047a0                lv_msgbox_content_class
 .rodata.lv_msgbox_header_class
                0x000047c4       0x24 C:/SysGCC/m68k-elf/m68k-elf/lib/m68000\liblvgl.a(lv_msgbox.o)
                0x000047c4                lv_msgbox_header_class
 .rodata.lv_msgbox_class
                0x000047e8       0x24 C:/SysGCC/m68k-elf/m68k-elf/lib/m68000\liblvgl.a(lv_msgbox.o)
                0x000047e8                lv_msgbox_class
 .rodata.str1.1
                0x0000480c       0x47 C:/SysGCC/m68k-elf/m68k-elf/lib/m68000\liblvgl.a(lv_roller.o)
 *fill*         0x00004853        0x1 
 .rodata.lv_roller_label_class
                0x00004854       0x24 C:/SysGCC/m68k-elf/m68k-elf/lib/m68000\liblvgl.a(lv_roller.o)
                0x00004854                lv_roller_label_class
 .rodata.lv_roller_class
                0x00004878       0x24 C:/SysGCC/m68k-elf/m68k-elf/lib/m68000\liblvgl.a(lv_roller.o)
                0x00004878                lv_roller_class
 .rodata.str1.1
                0x0000489c        0xa C:/SysGCC/m68k-elf/m68k-elf/lib/m68000\liblvgl.a(lv_slider.o)
 .rodata.lv_slider_class
                0x000048a6       0x24 C:/SysGCC/m68k-elf/m68k-elf/lib/m68000\liblvgl.a(lv_slider.o)
                0x000048a6                lv_slider_class
 .rodata.str1.1
                0x000048ca        0x8 C:/SysGCC/m68k-elf/m68k-elf/lib/m68000\liblvgl.a(lv_span.o)
                                 0x18 (size before relaxing)
 .rodata.lv_spangroup_class
                0x000048d2       0x24 C:/SysGCC/m68k-elf/m68k-elf/lib/m68000\liblvgl.a(lv_span.o)
                0x000048d2                lv_spangroup_class
 .rodata.str1.1
                0x000048f6        0xb C:/SysGCC/m68k-elf/m68k-elf/lib/m68000\liblvgl.a(lv_spinbox.o)
                                  0xe (size before relaxing)
 *fill*         0x00004901        0x1 
 .rodata.lv_spinbox_class
                0x00004902       0x24 C:/SysGCC/m68k-elf/m68k-elf/lib/m68000\liblvgl.a(lv_spinbox.o)
                0x00004902                lv_spinbox_class
 .rodata.str1.1
                0x00004926        0xb C:/SysGCC/m68k-elf/m68k-elf/lib/m68000\liblvgl.a(lv_spinner.o)
 *fill*         0x00004931        0x1 
 .rodata.lv_spinner_class
                0x00004932       0x24 C:/SysGCC/m68k-elf/m68k-elf/lib/m68000\liblvgl.a(lv_spinner.o)
                0x00004932                lv_spinner_class
 .rodata.str1.1
                0x00004956        0xa C:/SysGCC/m68k-elf/m68k-elf/lib/m68000\liblvgl.a(lv_switch.o)
 .rodata.lv_switch_class
                0x00004960       0x24 C:/SysGCC/m68k-elf/m68k-elf/lib/m68000\liblvgl.a(lv_switch.o)
                0x00004960                lv_switch_class
 .rodata.str1.1
                0x00004984        0x9 C:/SysGCC/m68k-elf/m68k-elf/lib/m68000\liblvgl.a(lv_table.o)
                                  0xa (size before relaxing)
 *fill*         0x0000498d        0x1 
 .rodata.lv_table_class
                0x0000498e       0x24 C:/SysGCC/m68k-elf/m68k-elf/lib/m68000\liblvgl.a(lv_table.o)
                0x0000498e                lv_table_class
 .rodata.str1.1
                0x000049b2        0xb C:/SysGCC/m68k-elf/m68k-elf/lib/m68000\liblvgl.a(lv_tabview.o)
 *fill*         0x000049bd        0x1 
 .rodata.lv_tabview_class
                0x000049be       0x24 C:/SysGCC/m68k-elf/m68k-elf/lib/m68000\liblvgl.a(lv_tabview.o)
                0x000049be                lv_tabview_class
 .rodata.str1.1
                0x000049e2       0x10 C:/SysGCC/m68k-elf/m68k-elf/lib/m68000\liblvgl.a(lv_textarea.o)
                                 0x13 (size before relaxing)
 .rodata.lv_textarea_class
                0x000049f2       0x24 C:/SysGCC/m68k-elf/m68k-elf/lib/m68000\liblvgl.a(lv_textarea.o)
                0x000049f2                lv_textarea_class
 .rodata.str1.1
                0x00004a16       0x14 C:/SysGCC/m68k-elf/m68k-elf/lib/m68000\liblvgl.a(lv_tileview.o)
 .rodata.lv_tileview_tile_class
                0x00004a2a       0x24 C:/SysGCC/m68k-elf/m68k-elf/lib/m68000\liblvgl.a(lv_tileview.o)
                0x00004a2a                lv_tileview_tile_class
 .rodata.lv_tileview_class
                0x00004a4e       0x24 C:/SysGCC/m68k-elf/m68k-elf/lib/m68000\liblvgl.a(lv_tileview.o)
                0x00004a4e                lv_tileview_class
 .rodata.str1.1
                0x00004a72        0x7 C:/SysGCC/m68k-elf/m68k-elf/lib/m68000\liblvgl.a(lv_win.o)
 *fill*         0x00004a79        0x1 
 .rodata.lv_win_class
                0x00004a7a       0x24 C:/SysGCC/m68k-elf/m68k-elf/lib/m68000\liblvgl.a(lv_win.o)
                0x00004a7a                lv_win_class
 .rodata.str1.1
                0x00004a9e        0x7 C:/SysGCC/m68k-elf/m68k-elf/lib/m68000\liblvgl.a(lv_obj.o)
 *fill*         0x00004aa5        0x1 
 .rodata.lv_obj_class
                0x00004aa6       0x24 C:/SysGCC/m68k-elf/m68k-elf/lib/m68000\liblvgl.a(lv_obj.o)
                0x00004aa6                lv_obj_class
 .rodata.str1.1
                0x00000000        0x1 C:/SysGCC/m68k-elf/m68k-elf/lib/m68000\liblvgl.a(lv_observer.o)
 .rodata.str1.1
                0x00004aca        0x3 C:/SysGCC/m68k-elf/m68k-elf/lib/m68000\liblvgl.a(lv_draw_sw.o)
 .rodata.wcorr.7753
                0x00004acd       0x21 C:/SysGCC/m68k-elf/m68k-elf/lib/m68000\liblvgl.a(lv_draw_sw_line.o)
 .rodata.lv_builtin_font_class
                0x00004aee       0x10 C:/SysGCC/m68k-elf/m68k-elf/lib/m68000\liblvgl.a(lv_font_fmt_txt.o)
                0x00004aee                lv_builtin_font_class
 .rodata.opa2_table
                0x00004afe        0x4 C:/SysGCC/m68k-elf/m68k-elf/lib/m68000\liblvgl.a(lv_font_fmt_txt.o)
 .rodata.opa4_table
                0x00004b02       0x10 C:/SysGCC/m68k-elf/m68k-elf/lib/m68000\liblvgl.a(lv_font_fmt_txt.o)
 .rodata.str1.1
                0x00004b12        0x8 C:/SysGCC/m68k-elf/m68k-elf/lib/m68000\liblvgl.a(lv_bin_decoder.o)
 .rodata.lv_cache_class_lru_rb_size
                0x00004b1a       0x2c C:/SysGCC/m68k-elf/m68k-elf/lib/m68000\liblvgl.a(lv_cache_lru_rb.o)
                0x00004b1a                lv_cache_class_lru_rb_size
 .rodata.lv_cache_class_lru_rb_count
                0x00004b46       0x2c C:/SysGCC/m68k-elf/m68k-elf/lib/m68000\liblvgl.a(lv_cache_lru_rb.o)
                0x00004b46                lv_cache_class_lru_rb_count
 .rodata.white.8076
                0x00004b72        0x3 C:/SysGCC/m68k-elf/m68k-elf/lib/m68000\liblvgl.a(lv_style.o)
 .rodata.lv_style_builtin_prop_flag_lookup_table
                0x00004b75       0xb1 C:/SysGCC/m68k-elf/m68k-elf/lib/m68000\liblvgl.a(lv_style.o)
                0x00004b75                lv_style_builtin_prop_flag_lookup_table
 .rodata.lv_style_const_prop_id_inv
                0x00004c26        0x1 C:/SysGCC/m68k-elf/m68k-elf/lib/m68000\liblvgl.a(lv_style.o)
                0x00004c26                lv_style_const_prop_id_inv
 .rodata.str1.1
                0x00004c27        0x9 C:/SysGCC/m68k-elf/m68k-elf/lib/m68000\liblvgl.a(lv_image.o)
 .rodata.lv_image_class
                0x00004c30       0x24 C:/SysGCC/m68k-elf/m68k-elf/lib/m68000\liblvgl.a(lv_image.o)
                0x00004c30                lv_image_class
 .rodata        0x00004c54      0x100 c:/sysgcc/m68k-elf/bin/../lib/gcc/m68k-elf/4.8.0/m68000\libgcc.a(_clz.o)
                0x00004c54                __clz_tab
 .rodata        0x00004d54        0x4 C:/SysGCC/m68k-elf/m68k-elf/lib/m68000\libc.a(lib_a-impure.o)
                0x00004d54                _global_impure_ptr
 .rodata.str1.1
                0x00000000        0x2 C:/SysGCC/m68k-elf/m68k-elf/lib/m68000\libc.a(lib_a-impure.o)
 .rodata.str1.1
                0x00000000        0x2 C:/SysGCC/m68k-elf/m68k-elf/lib/m68000\libc.a(lib_a-puts.o)
 .rodata.str1.1
                0x00004d58       0x39 C:/SysGCC/m68k-elf/m68k-elf/lib/m68000\libc.a(lib_a-vfprintf.o)
                                 0x3b (size before relaxing)
 .rodata        0x00004d91       0x20 C:/SysGCC/m68k-elf/m68k-elf/lib/m68000\libc.a(lib_a-vfprintf.o)
 .rodata.str1.1
                0x00004db1        0xd C:/SysGCC/m68k-elf/m68k-elf/lib/m68000\libc.a(lib_a-dtoa.o)
                                  0xf (size before relaxing)
 .rodata.str1.1
                0x00004dbe        0x6 C:/SysGCC/m68k-elf/m68k-elf/lib/m68000\libc.a(lib_a-locale.o)
                                  0xb (size before relaxing)
 .rodata        0x00004dc4      0x124 C:/SysGCC/m68k-elf/m68k-elf/lib/m68000\libc.a(lib_a-mprec.o)
                0x00004dd0                __mprec_tinytens
                0x00004df8                __mprec_bigtens
                0x00004e20                __mprec_tens
 .rodata.str1.1
                0x00000000       0x29 C:/SysGCC/m68k-elf/m68k-elf/lib/m68000\libc.a(lib_a-vfiprintf.o)
 .rodata        0x00004ee8       0x20 C:/SysGCC/m68k-elf/m68k-elf/lib/m68000\libc.a(lib_a-vfiprintf.o)
 .rodata        0x00004f08       0x42 C:/SysGCC/m68k-elf/m68k-elf/lib/m68000\libnkc.a(newlib_stubs.o)
 .rodata.str1.1
                0x00004f4a        0xa C:/SysGCC/m68k-elf/m68k-elf/lib/m68000\libnkc.a(newlib_stubs.o)
 .rodata.str1.1
                0x00004f54       0x1a C:/SysGCC/m68k-elf/m68k-elf/lib/m68000\libnkc.a(open.o)
 .rodata.str1.1
                0x00004f6e        0x4 C:/SysGCC/m68k-elf/m68k-elf/lib/m68000\libnkc.a(read.o)
 .rodata        0x00004f72      0x101 C:/SysGCC/m68k-elf/m68k-elf/lib/m68000\libc.a(lib_a-ctype_.o)
                0x00004f72                _ctype_
 *fill*         0x00005073        0x1 
 .rodata        0x00005074       0x60 C:/SysGCC/m68k-elf/m68k-elf/lib/m68000\libc.a(lib_a-mktime.o)
 .rodata        0x000050d4       0x68 C:/SysGCC/m68k-elf/m68k-elf/lib/m68000\libc.a(lib_a-mktm_r.o)
 .rodata.str1.1
                0x0000513c        0x4 C:/SysGCC/m68k-elf/m68k-elf/lib/m68000\libc.a(lib_a-tzvars.o)
 *(.gcc_except_table)
 *(.eh_frame)
 .eh_frame      0x00005140       0x44 c:/sysgcc/m68k-elf/bin/../lib/gcc/m68k-elf/4.8.0/m68000\libgcc.a(_divdi3.o)
 .eh_frame      0x00005184       0x2c c:/sysgcc/m68k-elf/bin/../lib/gcc/m68k-elf/4.8.0/m68000\libgcc.a(_udivdi3.o)
                                 0x44 (size before relaxing)
 .eh_frame      0x000051b0       0x2c c:/sysgcc/m68k-elf/bin/../lib/gcc/m68k-elf/4.8.0/m68000\libgcc.a(_umoddi3.o)
                                 0x44 (size before relaxing)
 *(.text)
 .text          0x000051dc        0x0 obj/crt0.o
 .text          0x000051dc        0x0 ./obj/lvgl_nkc.o
 .text          0x000051dc        0x0 C:/SysGCC/m68k-elf/m68k-elf/lib/m68000\liblvgl.a(lv_display.o)
 .text          0x000051dc        0x0 C:/SysGCC/m68k-elf/m68k-elf/lib/m68000\liblvgl.a(lv_draw.o)
 .text          0x000051dc        0x0 C:/SysGCC/m68k-elf/m68k-elf/lib/m68000\liblvgl.a(lv_draw_blur.o)
 .text          0x000051dc        0x0 C:/SysGCC/m68k-elf/m68k-elf/lib/m68000\liblvgl.a(lv_draw_buf.o)
 .text          0x000051dc        0x0 C:/SysGCC/m68k-elf/m68k-elf/lib/m68000\liblvgl.a(lv_draw_image.o)
 .text          0x000051dc        0x0 C:/SysGCC/m68k-elf/m68k-elf/lib/m68000\liblvgl.a(lv_draw_label.o)
 .text          0x000051dc        0x0 C:/SysGCC/m68k-elf/m68k-elf/lib/m68000\liblvgl.a(lv_draw_rect.o)
 .text          0x000051dc        0x0 C:/SysGCC/m68k-elf/m68k-elf/lib/m68000\liblvgl.a(lv_image_decoder.o)
 .text          0x000051dc        0x0 C:/SysGCC/m68k-elf/m68k-elf/lib/m68000\liblvgl.a(lv_font.o)
 .text          0x000051dc        0x0 C:/SysGCC/m68k-elf/m68k-elf/lib/m68000\liblvgl.a(lv_font_montserrat_12.o)
 .text          0x000051dc        0x0 C:/SysGCC/m68k-elf/m68k-elf/lib/m68000\liblvgl.a(lv_indev.o)
 .text          0x000051dc        0x0 C:/SysGCC/m68k-elf/m68k-elf/lib/m68000\liblvgl.a(lv_indev_scroll.o)
 .text          0x000051dc        0x0 C:/SysGCC/m68k-elf/m68k-elf/lib/m68000\liblvgl.a(lv_init.o)
 .text          0x000051dc        0x0 C:/SysGCC/m68k-elf/m68k-elf/lib/m68000\liblvgl.a(lv_image_cache.o)
 .text          0x000051dc        0x0 C:/SysGCC/m68k-elf/m68k-elf/lib/m68000\liblvgl.a(lv_image_header_cache.o)
 .text          0x000051dc        0x0 C:/SysGCC/m68k-elf/m68k-elf/lib/m68000\liblvgl.a(lv_cache.o)
 .text          0x000051dc        0x0 C:/SysGCC/m68k-elf/m68k-elf/lib/m68000\liblvgl.a(lv_cache_entry.o)
 .text          0x000051dc        0x0 C:/SysGCC/m68k-elf/m68k-elf/lib/m68000\liblvgl.a(lv_anim.o)
 .text          0x000051dc        0x0 C:/SysGCC/m68k-elf/m68k-elf/lib/m68000\liblvgl.a(lv_area.o)
 .text          0x000051dc        0x0 C:/SysGCC/m68k-elf/m68k-elf/lib/m68000\liblvgl.a(lv_color.o)
 .text          0x000051dc        0x0 C:/SysGCC/m68k-elf/m68k-elf/lib/m68000\liblvgl.a(lv_color_op.o)
 .text          0x000051dc        0x0 C:/SysGCC/m68k-elf/m68k-elf/lib/m68000\liblvgl.a(lv_event.o)
 .text          0x000051dc        0x0 C:/SysGCC/m68k-elf/m68k-elf/lib/m68000\liblvgl.a(lv_fs.o)
 .text          0x000051dc        0x0 C:/SysGCC/m68k-elf/m68k-elf/lib/m68000\liblvgl.a(lv_iter.o)
 .text          0x000051dc        0x0 C:/SysGCC/m68k-elf/m68k-elf/lib/m68000\liblvgl.a(lv_ll.o)
 .text          0x000051dc        0x0 C:/SysGCC/m68k-elf/m68k-elf/lib/m68000\liblvgl.a(lv_math.o)
 .text          0x000051dc        0x0 C:/SysGCC/m68k-elf/m68k-elf/lib/m68000\liblvgl.a(lv_palette.o)
 .text          0x000051dc        0x0 C:/SysGCC/m68k-elf/m68k-elf/lib/m68000\liblvgl.a(lv_text.o)
 .text          0x000051dc        0x0 C:/SysGCC/m68k-elf/m68k-elf/lib/m68000\liblvgl.a(lv_timer.o)
 .text          0x000051dc        0x0 C:/SysGCC/m68k-elf/m68k-elf/lib/m68000\liblvgl.a(lv_os.o)
 .text          0x000051dc        0x0 C:/SysGCC/m68k-elf/m68k-elf/lib/m68000\liblvgl.a(lv_mem_core_builtin.o)
 .text          0x000051dc        0x0 C:/SysGCC/m68k-elf/m68k-elf/lib/m68000\liblvgl.a(lv_sprintf_builtin.o)
 .text          0x000051dc        0x0 C:/SysGCC/m68k-elf/m68k-elf/lib/m68000\liblvgl.a(lv_string_builtin.o)
 .text          0x000051dc        0x0 C:/SysGCC/m68k-elf/m68k-elf/lib/m68000\liblvgl.a(lv_tlsf.o)
 .text          0x000051dc        0x0 C:/SysGCC/m68k-elf/m68k-elf/lib/m68000\liblvgl.a(lv_mem.o)
 .text          0x000051dc        0x0 C:/SysGCC/m68k-elf/m68k-elf/lib/m68000\liblvgl.a(lv_theme.o)
 .text          0x000051dc        0x0 C:/SysGCC/m68k-elf/m68k-elf/lib/m68000\liblvgl.a(lv_theme_mono.o)
 .text          0x000051dc        0x0 C:/SysGCC/m68k-elf/m68k-elf/lib/m68000\liblvgl.a(lv_theme_simple.o)
 .text          0x000051dc        0x0 C:/SysGCC/m68k-elf/m68k-elf/lib/m68000\liblvgl.a(lv_tick.o)
 .text          0x000051dc        0x0 C:/SysGCC/m68k-elf/m68k-elf/lib/m68000\liblvgl.a(lv_arc.o)
 .text          0x000051dc        0x0 C:/SysGCC/m68k-elf/m68k-elf/lib/m68000\liblvgl.a(lv_bar.o)
 .text          0x000051dc        0x0 C:/SysGCC/m68k-elf/m68k-elf/lib/m68000\liblvgl.a(lv_button.o)
 .text          0x000051dc        0x0 C:/SysGCC/m68k-elf/m68k-elf/lib/m68000\liblvgl.a(lv_buttonmatrix.o)
 .text          0x000051dc        0x0 C:/SysGCC/m68k-elf/m68k-elf/lib/m68000\liblvgl.a(lv_calendar.o)
 .text          0x000051dc        0x0 C:/SysGCC/m68k-elf/m68k-elf/lib/m68000\liblvgl.a(lv_chart.o)
 .text          0x000051dc        0x0 C:/SysGCC/m68k-elf/m68k-elf/lib/m68000\liblvgl.a(lv_checkbox.o)
 .text          0x000051dc        0x0 C:/SysGCC/m68k-elf/m68k-elf/lib/m68000\liblvgl.a(lv_dropdown.o)
 .text          0x000051dc        0x0 C:/SysGCC/m68k-elf/m68k-elf/lib/m68000\liblvgl.a(lv_keyboard.o)
 .text          0x000051dc        0x0 C:/SysGCC/m68k-elf/m68k-elf/lib/m68000\liblvgl.a(lv_label.o)
 .text          0x000051dc        0x0 C:/SysGCC/m68k-elf/m68k-elf/lib/m68000\liblvgl.a(lv_led.o)
 .text          0x000051dc        0x0 C:/SysGCC/m68k-elf/m68k-elf/lib/m68000\liblvgl.a(lv_list.o)
 .text          0x000051dc        0x0 C:/SysGCC/m68k-elf/m68k-elf/lib/m68000\liblvgl.a(lv_msgbox.o)
 .text          0x000051dc        0x0 C:/SysGCC/m68k-elf/m68k-elf/lib/m68000\liblvgl.a(lv_roller.o)
 .text          0x000051dc        0x0 C:/SysGCC/m68k-elf/m68k-elf/lib/m68000\liblvgl.a(lv_slider.o)
 .text          0x000051dc        0x0 C:/SysGCC/m68k-elf/m68k-elf/lib/m68000\liblvgl.a(lv_span.o)
 .text          0x000051dc        0x0 C:/SysGCC/m68k-elf/m68k-elf/lib/m68000\liblvgl.a(lv_spinbox.o)
 .text          0x000051dc        0x0 C:/SysGCC/m68k-elf/m68k-elf/lib/m68000\liblvgl.a(lv_spinner.o)
 .text          0x000051dc        0x0 C:/SysGCC/m68k-elf/m68k-elf/lib/m68000\liblvgl.a(lv_switch.o)
 .text          0x000051dc        0x0 C:/SysGCC/m68k-elf/m68k-elf/lib/m68000\liblvgl.a(lv_table.o)
 .text          0x000051dc        0x0 C:/SysGCC/m68k-elf/m68k-elf/lib/m68000\liblvgl.a(lv_tabview.o)
 .text          0x000051dc        0x0 C:/SysGCC/m68k-elf/m68k-elf/lib/m68000\liblvgl.a(lv_textarea.o)
 .text          0x000051dc        0x0 C:/SysGCC/m68k-elf/m68k-elf/lib/m68000\liblvgl.a(lv_tileview.o)
 .text          0x000051dc        0x0 C:/SysGCC/m68k-elf/m68k-elf/lib/m68000\liblvgl.a(lv_win.o)
 .text          0x000051dc        0x0 C:/SysGCC/m68k-elf/m68k-elf/lib/m68000\liblvgl.a(lv_group.o)
 .text          0x000051dc        0x0 C:/SysGCC/m68k-elf/m68k-elf/lib/m68000\liblvgl.a(lv_obj.o)
 .text          0x000051dc        0x0 C:/SysGCC/m68k-elf/m68k-elf/lib/m68000\liblvgl.a(lv_obj_class.o)
 .text          0x000051dc        0x0 C:/SysGCC/m68k-elf/m68k-elf/lib/m68000\liblvgl.a(lv_obj_draw.o)
 .text          0x000051dc        0x0 C:/SysGCC/m68k-elf/m68k-elf/lib/m68000\liblvgl.a(lv_obj_event.o)
 .text          0x000051dc        0x0 C:/SysGCC/m68k-elf/m68k-elf/lib/m68000\liblvgl.a(lv_obj_pos.o)
 .text          0x000051dc        0x0 C:/SysGCC/m68k-elf/m68k-elf/lib/m68000\liblvgl.a(lv_obj_scroll.o)
 .text          0x000051dc        0x0 C:/SysGCC/m68k-elf/m68k-elf/lib/m68000\liblvgl.a(lv_obj_style.o)
 .text          0x000051dc        0x0 C:/SysGCC/m68k-elf/m68k-elf/lib/m68000\liblvgl.a(lv_obj_style_gen.o)
 .text          0x000051dc        0x0 C:/SysGCC/m68k-elf/m68k-elf/lib/m68000\liblvgl.a(lv_obj_tree.o)
 .text          0x000051dc        0x0 C:/SysGCC/m68k-elf/m68k-elf/lib/m68000\liblvgl.a(lv_observer.o)
 .text          0x000051dc        0x0 C:/SysGCC/m68k-elf/m68k-elf/lib/m68000\liblvgl.a(lv_refr.o)
 .text          0x000051dc        0x0 C:/SysGCC/m68k-elf/m68k-elf/lib/m68000\liblvgl.a(lv_draw_buf_convert.o)
 .text          0x000051dc        0x0 C:/SysGCC/m68k-elf/m68k-elf/lib/m68000\liblvgl.a(lv_draw_arc.o)
 .text          0x000051dc        0x0 C:/SysGCC/m68k-elf/m68k-elf/lib/m68000\liblvgl.a(lv_draw_line.o)
 .text          0x000051dc        0x0 C:/SysGCC/m68k-elf/m68k-elf/lib/m68000\liblvgl.a(lv_draw_mask.o)
 .text          0x000051dc        0x0 C:/SysGCC/m68k-elf/m68k-elf/lib/m68000\liblvgl.a(lv_draw_sw.o)
 .text          0x000051dc        0x0 C:/SysGCC/m68k-elf/m68k-elf/lib/m68000\liblvgl.a(lv_draw_sw_arc.o)
 .text          0x000051dc        0x0 C:/SysGCC/m68k-elf/m68k-elf/lib/m68000\liblvgl.a(lv_draw_sw_blur.o)
 .text          0x000051dc        0x0 C:/SysGCC/m68k-elf/m68k-elf/lib/m68000\liblvgl.a(lv_draw_sw_border.o)
 .text          0x000051dc        0x0 C:/SysGCC/m68k-elf/m68k-elf/lib/m68000\liblvgl.a(lv_draw_sw_box_shadow.o)
 .text          0x000051dc        0x0 C:/SysGCC/m68k-elf/m68k-elf/lib/m68000\liblvgl.a(lv_draw_sw_fill.o)
 .text          0x000051dc        0x0 C:/SysGCC/m68k-elf/m68k-elf/lib/m68000\liblvgl.a(lv_draw_sw_grad.o)
 .text          0x000051dc        0x0 C:/SysGCC/m68k-elf/m68k-elf/lib/m68000\liblvgl.a(lv_draw_sw_img.o)
 .text          0x000051dc        0x0 C:/SysGCC/m68k-elf/m68k-elf/lib/m68000\liblvgl.a(lv_draw_sw_letter.o)
 .text          0x000051dc        0x0 C:/SysGCC/m68k-elf/m68k-elf/lib/m68000\liblvgl.a(lv_draw_sw_line.o)
 .text          0x000051dc        0x0 C:/SysGCC/m68k-elf/m68k-elf/lib/m68000\liblvgl.a(lv_draw_sw_mask.o)
 .text          0x000051dc        0x0 C:/SysGCC/m68k-elf/m68k-elf/lib/m68000\liblvgl.a(lv_draw_sw_mask_rect.o)
 .text          0x000051dc        0x0 C:/SysGCC/m68k-elf/m68k-elf/lib/m68000\liblvgl.a(lv_draw_sw_transform.o)
 .text          0x000051dc        0x0 C:/SysGCC/m68k-elf/m68k-elf/lib/m68000\liblvgl.a(lv_draw_sw_triangle.o)
 .text          0x000051dc        0x0 C:/SysGCC/m68k-elf/m68k-elf/lib/m68000\liblvgl.a(lv_font_fmt_txt.o)
 .text          0x000051dc        0x0 C:/SysGCC/m68k-elf/m68k-elf/lib/m68000\liblvgl.a(lv_flex.o)
 .text          0x000051dc        0x0 C:/SysGCC/m68k-elf/m68k-elf/lib/m68000\liblvgl.a(lv_layout.o)
 .text          0x000051dc        0x0 C:/SysGCC/m68k-elf/m68k-elf/lib/m68000\liblvgl.a(lv_bin_decoder.o)
 .text          0x000051dc        0x0 C:/SysGCC/m68k-elf/m68k-elf/lib/m68000\liblvgl.a(lv_cache_lru_rb.o)
 .text          0x000051dc        0x0 C:/SysGCC/m68k-elf/m68k-elf/lib/m68000\liblvgl.a(lv_anim_timeline.o)
 .text          0x000051dc        0x0 C:/SysGCC/m68k-elf/m68k-elf/lib/m68000\liblvgl.a(lv_array.o)
 .text          0x000051dc        0x0 C:/SysGCC/m68k-elf/m68k-elf/lib/m68000\liblvgl.a(lv_async.o)
 .text          0x000051dc        0x0 C:/SysGCC/m68k-elf/m68k-elf/lib/m68000\liblvgl.a(lv_circle_buf.o)
 .text          0x000051dc        0x0 C:/SysGCC/m68k-elf/m68k-elf/lib/m68000\liblvgl.a(lv_rb.o)
 .text          0x000051dc        0x0 C:/SysGCC/m68k-elf/m68k-elf/lib/m68000\liblvgl.a(lv_style.o)
 .text          0x000051dc        0x0 C:/SysGCC/m68k-elf/m68k-elf/lib/m68000\liblvgl.a(lv_style_gen.o)
 .text          0x000051dc        0x0 C:/SysGCC/m68k-elf/m68k-elf/lib/m68000\liblvgl.a(lv_utils.o)
 .text          0x000051dc        0x0 C:/SysGCC/m68k-elf/m68k-elf/lib/m68000\liblvgl.a(lv_image.o)
 .text          0x000051dc        0x0 C:/SysGCC/m68k-elf/m68k-elf/lib/m68000\liblvgl.a(lv_draw_sw_blend.o)
 .text          0x000051dc        0x0 C:/SysGCC/m68k-elf/m68k-elf/lib/m68000\liblvgl.a(lv_draw_sw_blend_to_a8.o)
 .text          0x000051dc        0x0 C:/SysGCC/m68k-elf/m68k-elf/lib/m68000\liblvgl.a(lv_draw_sw_blend_to_al88.o)
 .text          0x000051dc        0x0 C:/SysGCC/m68k-elf/m68k-elf/lib/m68000\liblvgl.a(lv_draw_sw_blend_to_argb8888.o)
 .text          0x000051dc        0x0 C:/SysGCC/m68k-elf/m68k-elf/lib/m68000\liblvgl.a(lv_draw_sw_blend_to_argb8888_premultiplied.o)
 .text          0x000051dc        0x0 C:/SysGCC/m68k-elf/m68k-elf/lib/m68000\liblvgl.a(lv_draw_sw_blend_to_i1.o)
 .text          0x000051dc        0x0 C:/SysGCC/m68k-elf/m68k-elf/lib/m68000\liblvgl.a(lv_draw_sw_blend_to_l8.o)
 .text          0x000051dc        0x0 C:/SysGCC/m68k-elf/m68k-elf/lib/m68000\liblvgl.a(lv_draw_sw_blend_to_rgb565.o)
 .text          0x000051dc        0x0 C:/SysGCC/m68k-elf/m68k-elf/lib/m68000\liblvgl.a(lv_draw_sw_blend_to_rgb565_swapped.o)
 .text          0x000051dc        0x0 C:/SysGCC/m68k-elf/m68k-elf/lib/m68000\liblvgl.a(lv_draw_sw_blend_to_rgb888.o)
 .text          0x000051dc        0x0 C:/SysGCC/m68k-elf/m68k-elf/lib/m68000\liblvgl.a(lv_draw_sw_utils.o)
 .text          0x000051dc        0x0 C:/SysGCC/m68k-elf/m68k-elf/lib/m68000\liblvgl.a(lv_grid.o)
 .text          0x000051dc       0x22 c:/sysgcc/m68k-elf/bin/../lib/gcc/m68k-elf/4.8.0/m68000\libgcc.a(_mulsi3.o)
                0x000051dc                __mulsi3
 *fill*         0x000051fe        0x2 
 .text          0x00005200       0x5c c:/sysgcc/m68k-elf/bin/../lib/gcc/m68k-elf/4.8.0/m68000\libgcc.a(_udivsi3.o)
                0x00005200                __udivsi3
 .text          0x0000525c       0x2e c:/sysgcc/m68k-elf/bin/../lib/gcc/m68k-elf/4.8.0/m68000\libgcc.a(_divsi3.o)
                0x0000525c                __divsi3
 *fill*         0x0000528a        0x2 
 .text          0x0000528c       0x2e c:/sysgcc/m68k-elf/bin/../lib/gcc/m68k-elf/4.8.0/m68000\libgcc.a(_umodsi3.o)
                0x0000528c                __umodsi3
 *fill*         0x000052ba        0x2 
 .text          0x000052bc       0x2e c:/sysgcc/m68k-elf/bin/../lib/gcc/m68k-elf/4.8.0/m68000\libgcc.a(_modsi3.o)
                0x000052bc                __modsi3
 *fill*         0x000052ea        0x2 
 .text          0x000052ec       0x22 c:/sysgcc/m68k-elf/bin/../lib/gcc/m68k-elf/4.8.0/m68000\libgcc.a(_ltdf2.o)
                0x000052ec                __ltdf2
 *fill*         0x0000530e        0x2 
 .text          0x00005310       0x74 c:/sysgcc/m68k-elf/bin/../lib/gcc/m68k-elf/4.8.0/m68000\libgcc.a(_muldi3.o)
                0x00005310                __muldi3
 .text          0x00005384       0x8e c:/sysgcc/m68k-elf/bin/../lib/gcc/m68k-elf/4.8.0/m68000\libgcc.a(_ffssi2.o)
                0x00005384                __ffssi2
 *fill*         0x00005412        0x2 
 .text          0x00005414        0x0 c:/sysgcc/m68k-elf/bin/../lib/gcc/m68k-elf/4.8.0/m68000\libgcc.a(_clz.o)
 .text          0x00005414       0x9a c:/sysgcc/m68k-elf/bin/../lib/gcc/m68k-elf/4.8.0/m68000\libgcc.a(_clzsi2.o)
                0x00005414                __clzsi2
 *fill*         0x000054ae        0x2 
 .text          0x000054b0      0x5b0 c:/sysgcc/m68k-elf/bin/../lib/gcc/m68k-elf/4.8.0/m68000\libgcc.a(_divdi3.o)
                0x000054b0                __divdi3
 .text          0x00005a60      0x5ea c:/sysgcc/m68k-elf/bin/../lib/gcc/m68k-elf/4.8.0/m68000\libgcc.a(_udivdi3.o)
                0x00005a60                __udivdi3
 *fill*         0x0000604a        0x2 
 .text          0x0000604c      0x532 c:/sysgcc/m68k-elf/bin/../lib/gcc/m68k-elf/4.8.0/m68000\libgcc.a(_umoddi3.o)
                0x0000604c                __umoddi3
 *fill*         0x0000657e        0x2 
 .text          0x00006580      0x44c c:/sysgcc/m68k-elf/bin/../lib/gcc/m68k-elf/4.8.0/m68000\libgcc.a(fpgnulib.o)
                0x00006580                __unordsf2
                0x000065d6                __unorddf2
                0x0000664c                __floatunsidf
                0x000066b8                __floatsidf
                0x00006760                __floatunsisf
                0x0000677a                __floatsisf
                0x00006794                __extendsfdf2
                0x00006812                __truncdfsf2
                0x0000691c                __fixdfsi
                0x000069b2                __fixsfsi
 .text          0x000069cc      0x9cc c:/sysgcc/m68k-elf/bin/../lib/gcc/m68k-elf/4.8.0/m68000\libgcc.a(_double.o)
                0x00006a26                __subdf3
                0x00006a2c                __adddf3
                0x00006dc2                __muldf3
                0x00006f70                __divdf3
                0x000071e4                __negdf2
                0x00007242                __cmpdf2_internal
                0x00007312                __cmpdf2
 .text          0x00007398       0x6a c:/sysgcc/m68k-elf/bin/../lib/gcc/m68k-elf/4.8.0/m68000\libgcc.a(_floatex.o)
                0x00007398                __clear_sticky_bit
                0x000073a6                $_exception_handler
 *fill*         0x00007402        0x2 
 .text          0x00007404        0x0 C:/SysGCC/m68k-elf/m68k-elf/lib/m68000\libc.a(lib_a-environ.o)
 .text          0x00007404      0x338 C:/SysGCC/m68k-elf/m68k-elf/lib/m68000\libc.a(lib_a-findfp.o)
                0x00007418                _cleanup_r
                0x00007432                __sfmoreglue
                0x0000748e                _cleanup
                0x000074aa                __sinit
                0x00007606                __sfp
                0x000076e8                __sfp_lock_acquire
                0x000076f0                __sfp_lock_release
                0x000076f8                __sinit_lock_acquire
                0x00007700                __sinit_lock_release
                0x00007708                __fp_lock_all
                0x00007722                __fp_unlock_all
 .text          0x0000773c       0xc4 C:/SysGCC/m68k-elf/m68k-elf/lib/m68000\libc.a(lib_a-fwalk.o)
                0x0000773c                _fwalk
                0x0000779c                _fwalk_reent
 .text          0x00007800       0x38 C:/SysGCC/m68k-elf/m68k-elf/lib/m68000\libc.a(lib_a-getenv.o)
                0x00007800                _findenv
                0x0000781c                getenv
 .text          0x00007838       0xc0 C:/SysGCC/m68k-elf/m68k-elf/lib/m68000\libc.a(lib_a-getenv_r.o)
                0x00007838                _findenv_r
                0x000078e0                _getenv_r
 .text          0x000078f8        0x0 C:/SysGCC/m68k-elf/m68k-elf/lib/m68000\libc.a(lib_a-impure.o)
 .text          0x000078f8      0x77a C:/SysGCC/m68k-elf/m68k-elf/lib/m68000\libc.a(lib_a-mallocr.o)
                0x000078f8                _malloc_r
 *fill*         0x00008072        0x2 
 .text          0x00008074       0x6e C:/SysGCC/m68k-elf/m68k-elf/lib/m68000\libc.a(lib_a-memcpy.o)
                0x00008074                memcpy
 *fill*         0x000080e2        0x2 
 .text          0x000080e4       0x72 C:/SysGCC/m68k-elf/m68k-elf/lib/m68000\libc.a(lib_a-memset.o)
                0x000080e4                memset
 *fill*         0x00008156        0x2 
 .text          0x00008158       0x10 C:/SysGCC/m68k-elf/m68k-elf/lib/m68000\libc.a(lib_a-mlock.o)
                0x00008158                __malloc_lock
                0x00008160                __malloc_unlock
 .text          0x00008168       0x42 C:/SysGCC/m68k-elf/m68k-elf/lib/m68000\libc.a(lib_a-printf.o)
                0x00008168                _printf_r
                0x00008188                printf
 *fill*         0x000081aa        0x2 
 .text          0x000081ac       0xa0 C:/SysGCC/m68k-elf/m68k-elf/lib/m68000\libc.a(lib_a-puts.o)
                0x000081ac                _puts_r
                0x00008236                puts
 .text          0x0000824c       0x32 C:/SysGCC/m68k-elf/m68k-elf/lib/m68000\libc.a(lib_a-sbrkr.o)
                0x0000824c                _sbrk_r
 *fill*         0x0000827e        0x2 
 .text          0x00008280      0x144 C:/SysGCC/m68k-elf/m68k-elf/lib/m68000\libc.a(lib_a-stdio.o)
                0x00008280                __sread
                0x000082c4                __seofread
                0x000082ce                __swrite
                0x00008360                __sseek
                0x000083ac                __sclose
 .text          0x000083c4       0x1a C:/SysGCC/m68k-elf/m68k-elf/lib/m68000\libc.a(lib_a-strlen.o)
                0x000083c4                strlen
 *fill*         0x000083de        0x2 
 .text          0x000083e0       0xe8 C:/SysGCC/m68k-elf/m68k-elf/lib/m68000\libc.a(lib_a-strncmp.o)
                0x000083e0                strncmp
 .text          0x000084c8     0x1ca2 C:/SysGCC/m68k-elf/m68k-elf/lib/m68000\libc.a(lib_a-vfprintf.o)
                0x000084c8                _vfprintf_r
                0x0000a0ae                vfprintf
 *fill*         0x0000a16a        0x2 
 .text          0x0000a16c       0x3c C:/SysGCC/m68k-elf/m68k-elf/lib/m68000\libc.a(lib_a-writer.o)
                0x0000a16c                _write_r
 .text          0x0000a1a8      0x14e C:/SysGCC/m68k-elf/m68k-elf/lib/m68000\libc.a(lib_a-wsetup.o)
                0x0000a1a8                __swsetup_r
 *fill*         0x0000a2f6        0x2 
 .text          0x0000a2f8       0x32 C:/SysGCC/m68k-elf/m68k-elf/lib/m68000\libc.a(lib_a-closer.o)
                0x0000a2f8                _close_r
 *fill*         0x0000a32a        0x2 
 .text          0x0000a32c     0x1774 C:/SysGCC/m68k-elf/m68k-elf/lib/m68000\libc.a(lib_a-dtoa.o)
                0x0000a4dc                _dtoa_r
 .text          0x0000baa0       0x10 C:/SysGCC/m68k-elf/m68k-elf/lib/m68000\libc.a(lib_a-envlock.o)
                0x0000baa0                __env_lock
                0x0000baa8                __env_unlock
 .text          0x0000bab0       0xf8 C:/SysGCC/m68k-elf/m68k-elf/lib/m68000\libc.a(lib_a-fclose.o)
                0x0000bab0                _fclose_r
                0x0000bb92                fclose
 .text          0x0000bba8      0x238 C:/SysGCC/m68k-elf/m68k-elf/lib/m68000\libc.a(lib_a-fflush.o)
                0x0000bba8                __sflush_r
                0x0000bd58                _fflush_r
                0x0000bdae                fflush
 .text          0x0000bde0      0x3ea C:/SysGCC/m68k-elf/m68k-elf/lib/m68000\libc.a(lib_a-freer.o)
                0x0000bde0                _malloc_trim_r
                0x0000becc                _free_r
 *fill*         0x0000c1ca        0x2 
 .text          0x0000c1cc      0x3e6 C:/SysGCC/m68k-elf/m68k-elf/lib/m68000\libc.a(lib_a-fvwrite.o)
                0x0000c1cc                __sfvwrite_r
 *fill*         0x0000c5b2        0x2 
 .text          0x0000c5b4       0xd8 C:/SysGCC/m68k-elf/m68k-elf/lib/m68000\libc.a(lib_a-locale.o)
                0x0000c5b4                _setlocale_r
                0x0000c622                __locale_charset
                0x0000c630                __locale_mb_cur_max
                0x0000c63e                __locale_msgcharset
                0x0000c64c                __locale_cjk_lang
                0x0000c656                _localeconv_r
                0x0000c664                setlocale
                0x0000c67e                localeconv
 .text          0x0000c68c       0x3c C:/SysGCC/m68k-elf/m68k-elf/lib/m68000\libc.a(lib_a-lseekr.o)
                0x0000c68c                _lseek_r
 .text          0x0000c6c8      0x132 C:/SysGCC/m68k-elf/m68k-elf/lib/m68000\libc.a(lib_a-makebuf.o)
                0x0000c6c8                __smakebuf_r
 *fill*         0x0000c7fa        0x2 
 .text          0x0000c7fc       0xc2 C:/SysGCC/m68k-elf/m68k-elf/lib/m68000\libc.a(lib_a-memchr.o)
                0x0000c7fc                memchr
 *fill*         0x0000c8be        0x2 
 .text          0x0000c8c0       0xf2 C:/SysGCC/m68k-elf/m68k-elf/lib/m68000\libc.a(lib_a-memmove.o)
                0x0000c8c0                memmove
 *fill*         0x0000c9b2        0x2 
 .text          0x0000c9b4      0xd34 C:/SysGCC/m68k-elf/m68k-elf/lib/m68000\libc.a(lib_a-mprec.o)
                0x0000c9b4                _Balloc
                0x0000ca50                _Bfree
                0x0000ca7a                __multadd
                0x0000cb60                __s2b
                0x0000cc22                __hi0bits
                0x0000cc86                __lo0bits
                0x0000cd0a                __i2b
                0x0000cd2c                __multiply
                0x0000cefe                __pow5mult
                0x0000cfe2                __lshift
                0x0000d0a6                __mcmp
                0x0000d0f6                __mdiff
                0x0000d29a                __ulp
                0x0000d2f6                __b2d
                0x0000d3f4                __d2b
                0x0000d50e                __ratio
                0x0000d5a2                _mprec_log10
                0x0000d60c                __copybits
                0x0000d668                __any_on
 .text          0x0000d6e8       0x3c C:/SysGCC/m68k-elf/m68k-elf/lib/m68000\libc.a(lib_a-readr.o)
                0x0000d6e8                _read_r
 .text          0x0000d724      0x65c C:/SysGCC/m68k-elf/m68k-elf/lib/m68000\libc.a(lib_a-reallocr.o)
                0x0000d724                _realloc_r
 .text          0x0000dd80       0x62 C:/SysGCC/m68k-elf/m68k-elf/lib/m68000\libc.a(lib_a-s_fpclassify.o)
                0x0000dd80                __fpclassifyd
 *fill*         0x0000dde2        0x2 
 .text          0x0000dde4       0x98 C:/SysGCC/m68k-elf/m68k-elf/lib/m68000\libc.a(lib_a-strcmp.o)
                0x0000dde4                strcmp
 .text          0x0000de7c      0xfb2 C:/SysGCC/m68k-elf/m68k-elf/lib/m68000\libc.a(lib_a-vfiprintf.o)
                0x0000df2c                __sprint_r
                0x0000df4a                _vfiprintf_r
                0x0000ed72                vfiprintf
 *fill*         0x0000ee2e        0x2 
 .text          0x0000ee30       0xd6 C:/SysGCC/m68k-elf/m68k-elf/lib/m68000\libc.a(lib_a-callocr.o)
                0x0000ee30                _calloc_r
 *fill*         0x0000ef06        0x2 
 .text          0x0000ef08      0x17c C:/SysGCC/m68k-elf/m68k-elf/lib/m68000\libc.a(lib_a-fputwc.o)
                0x0000ef08                _fputwc_r
                0x0000f026                fputwc
 .text          0x0000f084       0x36 C:/SysGCC/m68k-elf/m68k-elf/lib/m68000\libc.a(lib_a-fstatr.o)
                0x0000f084                _fstat_r
 *fill*         0x0000f0ba        0x2 
 .text          0x0000f0bc       0x32 C:/SysGCC/m68k-elf/m68k-elf/lib/m68000\libc.a(lib_a-isattyr.o)
                0x0000f0bc                _isatty_r
 *fill*         0x0000f0ee        0x2 
 .text          0x0000f0f0      0x148 C:/SysGCC/m68k-elf/m68k-elf/lib/m68000\libc.a(lib_a-wbuf.o)
                0x0000f0f0                __swbuf_r
                0x0000f21e                __swbuf
 .text          0x0000f238       0xfa C:/SysGCC/m68k-elf/m68k-elf/lib/m68000\libc.a(lib_a-wcrtomb.o)
                0x0000f238                _wcrtomb_r
                0x0000f2b0                wcrtomb
 *fill*         0x0000f332        0x2 
 .text          0x0000f334       0x66 C:/SysGCC/m68k-elf/m68k-elf/lib/m68000\libc.a(lib_a-wctomb_r.o)
                0x0000f334                __ascii_wctomb
                0x0000f36c                _wctomb_r
 *fill*         0x0000f39a        0x2 
 .text          0x0000f39c       0x22 c:/sysgcc/m68k-elf/bin/../lib/gcc/m68k-elf/4.8.0/m68000\libgcc.a(_eqdf2.o)
                0x0000f39c                __eqdf2
 *fill*         0x0000f3be        0x2 
 .text          0x0000f3c0       0x22 c:/sysgcc/m68k-elf/bin/../lib/gcc/m68k-elf/4.8.0/m68000\libgcc.a(_nedf2.o)
                0x0000f3c0                __nedf2
 *fill*         0x0000f3e2        0x2 
 .text          0x0000f3e4       0x22 c:/sysgcc/m68k-elf/bin/../lib/gcc/m68k-elf/4.8.0/m68000\libgcc.a(_gtdf2.o)
                0x0000f3e4                __gtdf2
 *fill*         0x0000f406        0x2 
 .text          0x0000f408       0x22 c:/sysgcc/m68k-elf/bin/../lib/gcc/m68k-elf/4.8.0/m68000\libgcc.a(_gedf2.o)
                0x0000f408                __gedf2
 *fill*         0x0000f42a        0x2 
 .text          0x0000f42c      0x7be c:/sysgcc/m68k-elf/bin/../lib/gcc/m68k-elf/4.8.0/m68000\libgcc.a(xfgnulib.o)
                0x0000f42c                __unordxf2
                0x0000f4b0                __extenddfxf2
                0x0000f56a                __truncxfdf2
                0x0000f650                __extendsfxf2
                0x0000f694                __truncxfsf2
                0x0000f6bc                __floatsixf
                0x0000f702                __floatunsixf
                0x0000f748                __fixxfsi
                0x0000f770                __addxf3
                0x0000f7e6                __subxf3
                0x0000f85c                __mulxf3
                0x0000f8d2                __divxf3
                0x0000f948                __negxf2
                0x0000f99e                __cmpxf2
                0x0000f9f2                __eqxf2
                0x0000fa46                __nexf2
                0x0000fa9a                __ltxf2
                0x0000faee                __lexf2
                0x0000fb42                __gtxf2
                0x0000fb96                __gexf2
 *fill*         0x0000fbea        0x2 
 .text          0x0000fbec      0x6aa C:/SysGCC/m68k-elf/m68k-elf/lib/m68000\libnkc.a(newlib_stubs.o)
                0x0000fbec                _ctlcon
                0x0000fbf0                _initcon
                0x0000fbf4                _putcon
                0x0000fc0c                _opencon
                0x0000fc10                _closecon
                0x0000fc14                _ctlser
                0x0000fe5a                _initser
                0x0000fe9c                _putser
                0x0000feb6                _openser
                0x0000feba                _closeser
                0x0000fece                _getcon
                0x0000fff8                _getser
                0x00010086                _getserint
                0x000100da                _init_dev
                0x000100e6                _test_port
                0x000100ea                _init_port
                0x000100fe                _open
                0x00010104                _gettime
                0x0001019a                time
                0x000101b0                _execve
                0x000101bc                _fork
                0x000101c8                getpid
                0x000101cc                kill
                0x000101d8                _link
                0x000101e4                sbrk
                0x00010216                get_heap_ptr
                0x00010226                _times
                0x0001022e                _unlink
                0x0001023a                _wait
                0x00010246                _clock
 *fill*         0x00010296        0x2 
 .text          0x00010298      0x180 C:/SysGCC/m68k-elf/m68k-elf/lib/m68000\libnkc.a(open.o)
                0x00010298                open
 .text          0x00010418       0x7a C:/SysGCC/m68k-elf/m68k-elf/lib/m68000\libnkc.a(close.o)
                0x00010418                close
 *fill*         0x00010492        0x2 
 .text          0x00010494       0x44 C:/SysGCC/m68k-elf/m68k-elf/lib/m68000\libnkc.a(isatty.o)
                0x00010494                isatty
 .text          0x000104d8        0x4 C:/SysGCC/m68k-elf/m68k-elf/lib/m68000\libnkc.a(lseek.o)
                0x000104d8                lseek
 .text          0x000104dc      0x29c C:/SysGCC/m68k-elf/m68k-elf/lib/m68000\libnkc.a(read.o)
                0x000104dc                read
 .text          0x00010778       0x46 C:/SysGCC/m68k-elf/m68k-elf/lib/m68000\libnkc.a(stat.o)
                0x00010778                stat
                0x000107b8                fstat
 *fill*         0x000107be        0x2 
 .text          0x000107c0       0xb8 C:/SysGCC/m68k-elf/m68k-elf/lib/m68000\libnkc.a(write.o)
                0x000107c0                write
 .text          0x00010878        0x0 C:/SysGCC/m68k-elf/m68k-elf/lib/m68000\libc.a(lib_a-ctype_.o)
 .text          0x00010878        0xe C:/SysGCC/m68k-elf/m68k-elf/lib/m68000\libc.a(lib_a-errno.o)
                0x00010878                __errno
 *fill*         0x00010886        0x2 
 .text          0x00010888      0x686 C:/SysGCC/m68k-elf/m68k-elf/lib/m68000\libc.a(lib_a-mktime.o)
                0x00010b3a                mktime
 *fill*         0x00010f0e        0x2 
 .text          0x00010f10      0x696 C:/SysGCC/m68k-elf/m68k-elf/lib/m68000\libc.a(lib_a-mktm_r.o)
                0x00010f10                __tzcalc_limits
                0x00011114                _mktm_r
 *fill*         0x000115a6        0x2 
 .text          0x000115a8      0x266 C:/SysGCC/m68k-elf/m68k-elf/lib/m68000\libc.a(lib_a-signal.o)
                0x000115a8                _init_signal_r
                0x000115f8                _signal_r
                0x00011670                _raise_r
                0x0001171c                __sigtramp_r
                0x000117b6                raise
                0x000117cc                signal
                0x000117e6                _init_signal
                0x000117f8                __sigtramp
 *fill*         0x0001180e        0x2 
 .text          0x00011810       0x42 C:/SysGCC/m68k-elf/m68k-elf/lib/m68000\libc.a(lib_a-signalr.o)
                0x00011810                _kill_r
                0x00011846                _getpid_r
 *fill*         0x00011852        0x2 
 .text          0x00011854       0x10 C:/SysGCC/m68k-elf/m68k-elf/lib/m68000\libc.a(lib_a-tzlock.o)
                0x00011854                __tz_lock
                0x0001185c                __tz_unlock
 .text          0x00011864        0x0 C:/SysGCC/m68k-elf/m68k-elf/lib/m68000\libc.a(lib_a-tzvars.o)
 .text          0x00011864       0x64 C:/SysGCC/m68k-elf/m68k-elf/lib/m68000\libc.a(lib_a-div.o)
                0x00011864                div
 .text          0x000118c8        0xe C:/SysGCC/m68k-elf/m68k-elf/lib/m68000\libc.a(lib_a-gettzinfo.o)
                0x000118c8                __gettzinfo
                0x000118d8                . = ALIGN (0x4)
 *fill*         0x000118d6        0x2 
                0x000118d8                __CTOR_LIST__ = .
                0x000118d8                ___CTOR_LIST__ = .
                0x000118d8        0x4 LONG 0x0 (((__CTOR_END__ - __CTOR_LIST__) / 0x4) - 0x2)
 *(.ctors)
 *(.ctors)
                0x000118dc        0x4 LONG 0x0
                0x000118e0                __CTOR_END__ = .
                0x000118e0                __DTOR_LIST__ = .
                0x000118e0                ___DTOR_LIST__ = .
                0x000118e0        0x4 LONG 0x0 (((__DTOR_END__ - __DTOR_LIST__) / 0x4) - 0x2)
 *(.dtors)
 *(.dtors)
                0x000118e4        0x4 LONG 0x0
                0x000118e8                __DTOR_END__ = .
                0x000118e8                . = ALIGN (0x4)
                0x000118e8                __INIT_SECTION__ = .
                0x000118e8        0x4 LONG 0x4e560000
 *(.init)
 *(.init)
                0x000118ec        0x2 SHORT 0x4e5e
                0x000118ee        0x2 SHORT 0x4e75
                0x000118f0                __FINI_SECTION__ = .
                0x000118f0        0x4 LONG 0x4e560000
 *(.fini)
 *(.fini)
                0x000118f4        0x2 SHORT 0x4e5e
                0x000118f6        0x2 SHORT 0x4e75
 *(.lit)
 *(.lit)
                0x000118f8                _etext = .
                0x000118f8                PROVIDE (etext, .)

.text._exit     0x000118f8       0x3a
 .text._exit    0x000118f8       0x3a obj/crt0.o
                0x000118f8                _exit

.text.doTick    0x00011932       0x14
 .text.doTick   0x00011932       0x14 ./obj/lvgl_nkc.o
                0x00011932                doTick

.text.my_disp_flush
                0x00011946       0x20
 .text.my_disp_flush
                0x00011946       0x20 ./obj/lvgl_nkc.o
                0x00011946                my_disp_flush

.text.hardware_init
                0x00011966       0x24
 .text.hardware_init
                0x00011966       0x24 ./obj/lvgl_nkc.o
                0x00011966                hardware_init

.text.startup.main
                0x0001198a      0x14a
 .text.startup.main
                0x0001198a      0x14a ./obj/lvgl_nkc.o
                0x0001198a                main

.text.disp_event_cb
                0x00011ad4       0x3e
 .text.disp_event_cb
                0x00011ad4       0x3e C:/SysGCC/m68k-elf/m68k-elf/lib/m68000\liblvgl.a(lv_display.o)

.text.invalidate_layout_cb
                0x00011b12       0x10
 .text.invalidate_layout_cb
                0x00011b12       0x10 C:/SysGCC/m68k-elf/m68k-elf/lib/m68000\liblvgl.a(lv_display.o)

.text.scr_anim_completed
                0x00011b22       0x96
 .text.scr_anim_completed
                0x00011b22       0x96 C:/SysGCC/m68k-elf/m68k-elf/lib/m68000\liblvgl.a(lv_display.o)

.text.scr_load_anim_start
                0x00011bb8       0x32
 .text.scr_load_anim_start
                0x00011bb8       0x32 C:/SysGCC/m68k-elf/m68k-elf/lib/m68000\liblvgl.a(lv_display.o)

.text.load_new_screen
                0x00011bea       0x8e
 .text.load_new_screen
                0x00011bea       0x8e C:/SysGCC/m68k-elf/m68k-elf/lib/m68000\liblvgl.a(lv_display.o)

.text.opa_scale_anim
                0x00011c78       0x1a
 .text.opa_scale_anim
                0x00011c78       0x1a C:/SysGCC/m68k-elf/m68k-elf/lib/m68000\liblvgl.a(lv_display.o)

.text.set_y_anim
                0x00011c92        0xc
 .text.set_y_anim
                0x00011c92        0x6 C:/SysGCC/m68k-elf/m68k-elf/lib/m68000\liblvgl.a(lv_display.o)
 .text.set_y_anim
                0x00011c98        0x6 C:/SysGCC/m68k-elf/m68k-elf/lib/m68000\liblvgl.a(lv_roller.o)

.text.set_x_anim
                0x00011c9e        0x6
 .text.set_x_anim
                0x00011c9e        0x6 C:/SysGCC/m68k-elf/m68k-elf/lib/m68000\liblvgl.a(lv_display.o)

.text.lv_display_create
                0x00011ca4      0x230
 .text.lv_display_create
                0x00011ca4      0x230 C:/SysGCC/m68k-elf/m68k-elf/lib/m68000\liblvgl.a(lv_display.o)
                0x00011ca4                lv_display_create

.text.lv_display_set_default
                0x00011ed4        0xa
 .text.lv_display_set_default
                0x00011ed4        0xa C:/SysGCC/m68k-elf/m68k-elf/lib/m68000\liblvgl.a(lv_display.o)
                0x00011ed4                lv_display_set_default

.text.lv_display_get_default
                0x00011ede        0x8
 .text.lv_display_get_default
                0x00011ede        0x8 C:/SysGCC/m68k-elf/m68k-elf/lib/m68000\liblvgl.a(lv_display.o)
                0x00011ede                lv_display_get_default

.text.lv_display_get_next
                0x00011ee6       0x26
 .text.lv_display_get_next
                0x00011ee6       0x26 C:/SysGCC/m68k-elf/m68k-elf/lib/m68000\liblvgl.a(lv_display.o)
                0x00011ee6                lv_display_get_next

.text.lv_display_set_physical_resolution
                0x00011f0c       0x34
 .text.lv_display_set_physical_resolution
                0x00011f0c       0x34 C:/SysGCC/m68k-elf/m68k-elf/lib/m68000\liblvgl.a(lv_display.o)
                0x00011f0c                lv_display_set_physical_resolution

.text.lv_display_set_offset
                0x00011f40       0x34
 .text.lv_display_set_offset
                0x00011f40       0x34 C:/SysGCC/m68k-elf/m68k-elf/lib/m68000\liblvgl.a(lv_display.o)
                0x00011f40                lv_display_set_offset

.text.lv_display_set_dpi
                0x00011f74       0x1e
 .text.lv_display_set_dpi
                0x00011f74       0x1e C:/SysGCC/m68k-elf/m68k-elf/lib/m68000\liblvgl.a(lv_display.o)
                0x00011f74                lv_display_set_dpi

.text.lv_display_get_horizontal_resolution
                0x00011f92       0x3e
 .text.lv_display_get_horizontal_resolution
                0x00011f92       0x3e C:/SysGCC/m68k-elf/m68k-elf/lib/m68000\liblvgl.a(lv_display.o)
                0x00011f92                lv_display_get_horizontal_resolution

.text.lv_display_get_vertical_resolution
                0x00011fd0       0x3e
 .text.lv_display_get_vertical_resolution
                0x00011fd0       0x3e C:/SysGCC/m68k-elf/m68k-elf/lib/m68000\liblvgl.a(lv_display.o)
                0x00011fd0                lv_display_get_vertical_resolution

.text.lv_display_get_original_horizontal_resolution
                0x0001200e       0x1e
 .text.lv_display_get_original_horizontal_resolution
                0x0001200e       0x1e C:/SysGCC/m68k-elf/m68k-elf/lib/m68000\liblvgl.a(lv_display.o)
                0x0001200e                lv_display_get_original_horizontal_resolution

.text.lv_display_get_original_vertical_resolution
                0x0001202c       0x20
 .text.lv_display_get_original_vertical_resolution
                0x0001202c       0x20 C:/SysGCC/m68k-elf/m68k-elf/lib/m68000\liblvgl.a(lv_display.o)
                0x0001202c                lv_display_get_original_vertical_resolution

.text.lv_display_get_physical_horizontal_resolution
                0x0001204c       0x4a
 .text.lv_display_get_physical_horizontal_resolution
                0x0001204c       0x4a C:/SysGCC/m68k-elf/m68k-elf/lib/m68000\liblvgl.a(lv_display.o)
                0x0001204c                lv_display_get_physical_horizontal_resolution

.text.lv_display_get_physical_vertical_resolution
                0x00012096       0x4a
 .text.lv_display_get_physical_vertical_resolution
                0x00012096       0x4a C:/SysGCC/m68k-elf/m68k-elf/lib/m68000\liblvgl.a(lv_display.o)
                0x00012096                lv_display_get_physical_vertical_resolution

.text.lv_display_get_offset_x
                0x000120e0       0x6c
 .text.lv_display_get_offset_x
                0x000120e0       0x6c C:/SysGCC/m68k-elf/m68k-elf/lib/m68000\liblvgl.a(lv_display.o)
                0x000120e0                lv_display_get_offset_x

.text.lv_display_get_offset_y
                0x0001214c       0x6c
 .text.lv_display_get_offset_y
                0x0001214c       0x6c C:/SysGCC/m68k-elf/m68k-elf/lib/m68000\liblvgl.a(lv_display.o)
                0x0001214c                lv_display_get_offset_y

.text.lv_display_get_dpi
                0x000121b8       0x20
 .text.lv_display_get_dpi
                0x000121b8       0x20 C:/SysGCC/m68k-elf/m68k-elf/lib/m68000\liblvgl.a(lv_display.o)
                0x000121b8                lv_display_get_dpi

.text.lv_display_set_draw_buffers
                0x000121d8       0x30
 .text.lv_display_set_draw_buffers
                0x000121d8       0x30 C:/SysGCC/m68k-elf/m68k-elf/lib/m68000\liblvgl.a(lv_display.o)
                0x000121d8                lv_display_set_draw_buffers

.text.lv_display_set_3rd_draw_buffer
                0x00012208       0x2e
 .text.lv_display_set_3rd_draw_buffer
                0x00012208       0x2e C:/SysGCC/m68k-elf/m68k-elf/lib/m68000\liblvgl.a(lv_display.o)
                0x00012208                lv_display_set_3rd_draw_buffer

.text.lv_display_set_render_mode
                0x00012236       0x1e
 .text.lv_display_set_render_mode
                0x00012236       0x1e C:/SysGCC/m68k-elf/m68k-elf/lib/m68000\liblvgl.a(lv_display.o)
                0x00012236                lv_display_set_render_mode

.text.lv_display_set_flush_cb
                0x00012254       0x1e
 .text.lv_display_set_flush_cb
                0x00012254       0x1e C:/SysGCC/m68k-elf/m68k-elf/lib/m68000\liblvgl.a(lv_display.o)
                0x00012254                lv_display_set_flush_cb

.text.lv_display_set_flush_wait_cb
                0x00012272       0x1e
 .text.lv_display_set_flush_wait_cb
                0x00012272       0x1e C:/SysGCC/m68k-elf/m68k-elf/lib/m68000\liblvgl.a(lv_display.o)
                0x00012272                lv_display_set_flush_wait_cb

.text.lv_display_get_color_format
                0x00012290       0x20
 .text.lv_display_get_color_format
                0x00012290       0x20 C:/SysGCC/m68k-elf/m68k-elf/lib/m68000\liblvgl.a(lv_display.o)
                0x00012290                lv_display_get_color_format

.text.lv_display_set_buffers
                0x000122b0      0x114
 .text.lv_display_set_buffers
                0x000122b0      0x114 C:/SysGCC/m68k-elf/m68k-elf/lib/m68000\liblvgl.a(lv_display.o)
                0x000122b0                lv_display_set_buffers

.text.lv_display_set_buffers_with_stride
                0x000123c4       0xe6
 .text.lv_display_set_buffers_with_stride
                0x000123c4       0xe6 C:/SysGCC/m68k-elf/m68k-elf/lib/m68000\liblvgl.a(lv_display.o)
                0x000123c4                lv_display_set_buffers_with_stride

.text.lv_display_set_tile_cnt
                0x000124aa       0x3a
 .text.lv_display_set_tile_cnt
                0x000124aa       0x3a C:/SysGCC/m68k-elf/m68k-elf/lib/m68000\liblvgl.a(lv_display.o)
                0x000124aa                lv_display_set_tile_cnt

.text.lv_display_get_tile_cnt
                0x000124e4       0x28
 .text.lv_display_get_tile_cnt
                0x000124e4       0x28 C:/SysGCC/m68k-elf/m68k-elf/lib/m68000\liblvgl.a(lv_display.o)
                0x000124e4                lv_display_get_tile_cnt

.text.lv_display_set_antialiasing
                0x0001250c       0x2c
 .text.lv_display_set_antialiasing
                0x0001250c       0x2c C:/SysGCC/m68k-elf/m68k-elf/lib/m68000\liblvgl.a(lv_display.o)
                0x0001250c                lv_display_set_antialiasing

.text.lv_display_get_antialiasing
                0x00012538       0x22
 .text.lv_display_get_antialiasing
                0x00012538       0x22 C:/SysGCC/m68k-elf/m68k-elf/lib/m68000\liblvgl.a(lv_display.o)
                0x00012538                lv_display_get_antialiasing

.text.lv_display_get_render_mode
                0x0001255a       0x1e
 .text.lv_display_get_render_mode
                0x0001255a       0x1e C:/SysGCC/m68k-elf/m68k-elf/lib/m68000\liblvgl.a(lv_display.o)
                0x0001255a                lv_display_get_render_mode

.text.lv_display_flush_ready
                0x00012578        0xc
 .text.lv_display_flush_ready
                0x00012578        0xc C:/SysGCC/m68k-elf/m68k-elf/lib/m68000\liblvgl.a(lv_display.o)
                0x00012578                lv_display_flush_ready

.text.lv_display_flush_is_last
                0x00012584        0xe
 .text.lv_display_flush_is_last
                0x00012584        0xe C:/SysGCC/m68k-elf/m68k-elf/lib/m68000\liblvgl.a(lv_display.o)
                0x00012584                lv_display_flush_is_last

.text.lv_display_is_double_buffered
                0x00012592        0xe
 .text.lv_display_is_double_buffered
                0x00012592        0xe C:/SysGCC/m68k-elf/m68k-elf/lib/m68000\liblvgl.a(lv_display.o)
                0x00012592                lv_display_is_double_buffered

.text.lv_display_get_screen_active
                0x000125a0       0x20
 .text.lv_display_get_screen_active
                0x000125a0       0x20 C:/SysGCC/m68k-elf/m68k-elf/lib/m68000\liblvgl.a(lv_display.o)
                0x000125a0                lv_display_get_screen_active

.text.lv_display_get_screen_loading
                0x000125c0       0x20
 .text.lv_display_get_screen_loading
                0x000125c0       0x20 C:/SysGCC/m68k-elf/m68k-elf/lib/m68000\liblvgl.a(lv_display.o)
                0x000125c0                lv_display_get_screen_loading

.text.lv_display_get_screen_prev
                0x000125e0       0x20
 .text.lv_display_get_screen_prev
                0x000125e0       0x20 C:/SysGCC/m68k-elf/m68k-elf/lib/m68000\liblvgl.a(lv_display.o)
                0x000125e0                lv_display_get_screen_prev

.text.lv_display_get_layer_top
                0x00012600       0x20
 .text.lv_display_get_layer_top
                0x00012600       0x20 C:/SysGCC/m68k-elf/m68k-elf/lib/m68000\liblvgl.a(lv_display.o)
                0x00012600                lv_display_get_layer_top

.text.lv_display_get_layer_sys
                0x00012620       0x20
 .text.lv_display_get_layer_sys
                0x00012620       0x20 C:/SysGCC/m68k-elf/m68k-elf/lib/m68000\liblvgl.a(lv_display.o)
                0x00012620                lv_display_get_layer_sys

.text.lv_display_get_layer_bottom
                0x00012640       0x20
 .text.lv_display_get_layer_bottom
                0x00012640       0x20 C:/SysGCC/m68k-elf/m68k-elf/lib/m68000\liblvgl.a(lv_display.o)
                0x00012640                lv_display_get_layer_bottom

.text.lv_screen_load_anim
                0x00012660      0x3fa
 .text.lv_screen_load_anim
                0x00012660      0x3fa C:/SysGCC/m68k-elf/m68k-elf/lib/m68000\liblvgl.a(lv_display.o)
                0x00012660                lv_screen_load_anim

.text.lv_screen_load
                0x00012a5a       0x18
 .text.lv_screen_load
                0x00012a5a       0x18 C:/SysGCC/m68k-elf/m68k-elf/lib/m68000\liblvgl.a(lv_display.o)
                0x00012a5a                lv_screen_load

.text.lv_display_add_event_cb
                0x00012a72        0xe
 .text.lv_display_add_event_cb
                0x00012a72        0xe C:/SysGCC/m68k-elf/m68k-elf/lib/m68000\liblvgl.a(lv_display.o)
                0x00012a72                lv_display_add_event_cb

.text.lv_display_get_event_count
                0x00012a80        0xe
 .text.lv_display_get_event_count
                0x00012a80        0xe C:/SysGCC/m68k-elf/m68k-elf/lib/m68000\liblvgl.a(lv_display.o)
                0x00012a80                lv_display_get_event_count

.text.lv_display_get_event_dsc
                0x00012a8e        0xe
 .text.lv_display_get_event_dsc
                0x00012a8e        0xe C:/SysGCC/m68k-elf/m68k-elf/lib/m68000\liblvgl.a(lv_display.o)
                0x00012a8e                lv_display_get_event_dsc

.text.lv_display_delete_event
                0x00012a9c        0xe
 .text.lv_display_delete_event
                0x00012a9c        0xe C:/SysGCC/m68k-elf/m68k-elf/lib/m68000\liblvgl.a(lv_display.o)
                0x00012a9c                lv_display_delete_event

.text.lv_display_remove_event_cb_with_user_data
                0x00012aaa       0x66
 .text.lv_display_remove_event_cb_with_user_data
                0x00012aaa       0x66 C:/SysGCC/m68k-elf/m68k-elf/lib/m68000\liblvgl.a(lv_display.o)
                0x00012aaa                lv_display_remove_event_cb_with_user_data

.text.lv_display_send_event
                0x00012b10       0x1e
 .text.lv_display_send_event
                0x00012b10       0x1e C:/SysGCC/m68k-elf/m68k-elf/lib/m68000\liblvgl.a(lv_display.o)
                0x00012b10                lv_display_send_event

.text.lv_display_delete
                0x00012b2e      0x14c
 .text.lv_display_delete
                0x00012b2e      0x14c C:/SysGCC/m68k-elf/m68k-elf/lib/m68000\liblvgl.a(lv_display.o)
                0x00012b2e                lv_display_delete

.text.update_resolution
                0x00012c7a      0x174
 .text.update_resolution
                0x00012c7a      0x174 C:/SysGCC/m68k-elf/m68k-elf/lib/m68000\liblvgl.a(lv_display.o)

.text.lv_display_set_resolution
                0x00012dee       0x3a
 .text.lv_display_set_resolution
                0x00012dee       0x3a C:/SysGCC/m68k-elf/m68k-elf/lib/m68000\liblvgl.a(lv_display.o)
                0x00012dee                lv_display_set_resolution

.text.lv_display_set_color_format
                0x00012e28       0x9a
 .text.lv_display_set_color_format
                0x00012e28       0x9a C:/SysGCC/m68k-elf/m68k-elf/lib/m68000\liblvgl.a(lv_display.o)
                0x00012e28                lv_display_set_color_format

.text.lv_event_get_invalidated_area
                0x00012ec2       0x16
 .text.lv_event_get_invalidated_area
                0x00012ec2       0x16 C:/SysGCC/m68k-elf/m68k-elf/lib/m68000\liblvgl.a(lv_display.o)
                0x00012ec2                lv_event_get_invalidated_area

.text.lv_display_set_rotation
                0x00012ed8       0x36
 .text.lv_display_set_rotation
                0x00012ed8       0x36 C:/SysGCC/m68k-elf/m68k-elf/lib/m68000\liblvgl.a(lv_display.o)
                0x00012ed8                lv_display_set_rotation

.text.lv_display_get_rotation
                0x00012f0e       0x28
 .text.lv_display_get_rotation
                0x00012f0e       0x28 C:/SysGCC/m68k-elf/m68k-elf/lib/m68000\liblvgl.a(lv_display.o)
                0x00012f0e                lv_display_get_rotation

.text.lv_display_set_matrix_rotation
                0x00012f36        0x2
 .text.lv_display_set_matrix_rotation
                0x00012f36        0x2 C:/SysGCC/m68k-elf/m68k-elf/lib/m68000\liblvgl.a(lv_display.o)
                0x00012f36                lv_display_set_matrix_rotation

.text.lv_display_get_matrix_rotation
                0x00012f38       0x26
 .text.lv_display_get_matrix_rotation
                0x00012f38       0x26 C:/SysGCC/m68k-elf/m68k-elf/lib/m68000\liblvgl.a(lv_display.o)
                0x00012f38                lv_display_get_matrix_rotation

.text.lv_display_set_theme
                0x00012f5e       0x98
 .text.lv_display_set_theme
                0x00012f5e       0x98 C:/SysGCC/m68k-elf/m68k-elf/lib/m68000\liblvgl.a(lv_display.o)
                0x00012f5e                lv_display_set_theme

.text.lv_display_get_theme
                0x00012ff6       0x16
 .text.lv_display_get_theme
                0x00012ff6       0x16 C:/SysGCC/m68k-elf/m68k-elf/lib/m68000\liblvgl.a(lv_display.o)
                0x00012ff6                lv_display_get_theme

.text.lv_display_get_inactive_time
                0x0001300c       0x62
 .text.lv_display_get_inactive_time
                0x0001300c       0x62 C:/SysGCC/m68k-elf/m68k-elf/lib/m68000\liblvgl.a(lv_display.o)
                0x0001300c                lv_display_get_inactive_time

.text.lv_display_trigger_activity
                0x0001306e       0x26
 .text.lv_display_trigger_activity
                0x0001306e       0x26 C:/SysGCC/m68k-elf/m68k-elf/lib/m68000\liblvgl.a(lv_display.o)
                0x0001306e                lv_display_trigger_activity

.text.lv_display_enable_invalidation
                0x00013094       0x2c
 .text.lv_display_enable_invalidation
                0x00013094       0x2c C:/SysGCC/m68k-elf/m68k-elf/lib/m68000\liblvgl.a(lv_display.o)
                0x00013094                lv_display_enable_invalidation

.text.lv_display_is_invalidation_enabled
                0x000130c0       0x24
 .text.lv_display_is_invalidation_enabled
                0x000130c0       0x24 C:/SysGCC/m68k-elf/m68k-elf/lib/m68000\liblvgl.a(lv_display.o)
                0x000130c0                lv_display_is_invalidation_enabled

.text.lv_display_get_refr_timer
                0x000130e4       0x20
 .text.lv_display_get_refr_timer
                0x000130e4       0x20 C:/SysGCC/m68k-elf/m68k-elf/lib/m68000\liblvgl.a(lv_display.o)
                0x000130e4                lv_display_get_refr_timer

.text.lv_display_delete_refr_timer
                0x00013104       0x30
 .text.lv_display_delete_refr_timer
                0x00013104       0x30 C:/SysGCC/m68k-elf/m68k-elf/lib/m68000\liblvgl.a(lv_display.o)
                0x00013104                lv_display_delete_refr_timer

.text.lv_display_send_vsync_event
                0x00013134       0x36
 .text.lv_display_send_vsync_event
                0x00013134       0x36 C:/SysGCC/m68k-elf/m68k-elf/lib/m68000\liblvgl.a(lv_display.o)
                0x00013134                lv_display_send_vsync_event

.text.lv_display_register_vsync_event
                0x0001316a       0x56
 .text.lv_display_register_vsync_event
                0x0001316a       0x56 C:/SysGCC/m68k-elf/m68k-elf/lib/m68000\liblvgl.a(lv_display.o)
                0x0001316a                lv_display_register_vsync_event

.text.lv_display_unregister_vsync_event
                0x000131c0       0x58
 .text.lv_display_unregister_vsync_event
                0x000131c0       0x58 C:/SysGCC/m68k-elf/m68k-elf/lib/m68000\liblvgl.a(lv_display.o)
                0x000131c0                lv_display_unregister_vsync_event

.text.lv_display_set_user_data
                0x00013218       0x1e
 .text.lv_display_set_user_data
                0x00013218       0x1e C:/SysGCC/m68k-elf/m68k-elf/lib/m68000\liblvgl.a(lv_display.o)
                0x00013218                lv_display_set_user_data

.text.lv_display_set_driver_data
                0x00013236       0x1e
 .text.lv_display_set_driver_data
                0x00013236       0x1e C:/SysGCC/m68k-elf/m68k-elf/lib/m68000\liblvgl.a(lv_display.o)
                0x00013236                lv_display_set_driver_data

.text.lv_display_get_user_data
                0x00013254       0x20
 .text.lv_display_get_user_data
                0x00013254       0x20 C:/SysGCC/m68k-elf/m68k-elf/lib/m68000\liblvgl.a(lv_display.o)
                0x00013254                lv_display_get_user_data

.text.lv_display_get_driver_data
                0x00013274       0x20
 .text.lv_display_get_driver_data
                0x00013274       0x20 C:/SysGCC/m68k-elf/m68k-elf/lib/m68000\liblvgl.a(lv_display.o)
                0x00013274                lv_display_get_driver_data

.text.lv_display_get_buf_active
                0x00013294       0x20
 .text.lv_display_get_buf_active
                0x00013294       0x20 C:/SysGCC/m68k-elf/m68k-elf/lib/m68000\liblvgl.a(lv_display.o)
                0x00013294                lv_display_get_buf_active

.text.lv_display_rotate_area
                0x000132b4       0xaa
 .text.lv_display_rotate_area
                0x000132b4       0xaa C:/SysGCC/m68k-elf/m68k-elf/lib/m68000\liblvgl.a(lv_display.o)
                0x000132b4                lv_display_rotate_area

.text.lv_display_rotate_point
                0x0001335e       0x6e
 .text.lv_display_rotate_point
                0x0001335e       0x6e C:/SysGCC/m68k-elf/m68k-elf/lib/m68000\liblvgl.a(lv_display.o)
                0x0001335e                lv_display_rotate_point

.text.lv_display_get_draw_buf_size
                0x000133cc       0x2a
 .text.lv_display_get_draw_buf_size
                0x000133cc       0x2a C:/SysGCC/m68k-elf/m68k-elf/lib/m68000\liblvgl.a(lv_display.o)
                0x000133cc                lv_display_get_draw_buf_size

.text.lv_display_get_invalidated_draw_buf_size
                0x000133f6       0x9e
 .text.lv_display_get_invalidated_draw_buf_size
                0x000133f6       0x9e C:/SysGCC/m68k-elf/m68k-elf/lib/m68000\liblvgl.a(lv_display.o)
                0x000133f6                lv_display_get_invalidated_draw_buf_size

.text.lv_screen_active
                0x00013494       0x10
 .text.lv_screen_active
                0x00013494       0x10 C:/SysGCC/m68k-elf/m68k-elf/lib/m68000\liblvgl.a(lv_display.o)
                0x00013494                lv_screen_active

.text.lv_layer_top
                0x000134a4       0x10
 .text.lv_layer_top
                0x000134a4       0x10 C:/SysGCC/m68k-elf/m68k-elf/lib/m68000\liblvgl.a(lv_display.o)
                0x000134a4                lv_layer_top

.text.lv_layer_sys
                0x000134b4       0x10
 .text.lv_layer_sys
                0x000134b4       0x10 C:/SysGCC/m68k-elf/m68k-elf/lib/m68000\liblvgl.a(lv_display.o)
                0x000134b4                lv_layer_sys

.text.lv_layer_bottom
                0x000134c4       0x10
 .text.lv_layer_bottom
                0x000134c4       0x10 C:/SysGCC/m68k-elf/m68k-elf/lib/m68000\liblvgl.a(lv_display.o)
                0x000134c4                lv_layer_bottom

.text.lv_dpx    0x000134d4       0x42
 .text.lv_dpx   0x000134d4       0x42 C:/SysGCC/m68k-elf/m68k-elf/lib/m68000\liblvgl.a(lv_display.o)
                0x000134d4                lv_dpx

.text.lv_display_dpx
                0x00013516       0x44
 .text.lv_display_dpx
                0x00013516       0x44 C:/SysGCC/m68k-elf/m68k-elf/lib/m68000\liblvgl.a(lv_display.o)
                0x00013516                lv_display_dpx

.text.lv_draw_init
                0x0001355a        0x2
 .text.lv_draw_init
                0x0001355a        0x2 C:/SysGCC/m68k-elf/m68k-elf/lib/m68000\liblvgl.a(lv_draw.o)
                0x0001355a                lv_draw_init

.text.lv_draw_deinit
                0x0001355c       0x3e
 .text.lv_draw_deinit
                0x0001355c       0x3e C:/SysGCC/m68k-elf/m68k-elf/lib/m68000\liblvgl.a(lv_draw.o)
                0x0001355c                lv_draw_deinit

.text.lv_draw_create_unit
                0x0001359a       0x2a
 .text.lv_draw_create_unit
                0x0001359a       0x2a C:/SysGCC/m68k-elf/m68k-elf/lib/m68000\liblvgl.a(lv_draw.o)
                0x0001359a                lv_draw_create_unit

.text.lv_draw_add_task
                0x000135c4       0xaa
 .text.lv_draw_add_task
                0x000135c4       0xaa C:/SysGCC/m68k-elf/m68k-elf/lib/m68000\liblvgl.a(lv_draw.o)
                0x000135c4                lv_draw_add_task

.text.lv_draw_wait_for_finish
                0x0001366e        0x2
 .text.lv_draw_wait_for_finish
                0x0001366e        0x2 C:/SysGCC/m68k-elf/m68k-elf/lib/m68000\liblvgl.a(lv_draw.o)
                0x0001366e                lv_draw_wait_for_finish

.text.lv_draw_dispatch_wait_for_request
                0x00013670       0x12
 .text.lv_draw_dispatch_wait_for_request
                0x00013670       0x12 C:/SysGCC/m68k-elf/m68k-elf/lib/m68000\liblvgl.a(lv_draw.o)
                0x00013670                lv_draw_dispatch_wait_for_request

.text.lv_draw_dispatch_request
                0x00013682        0xa
 .text.lv_draw_dispatch_request
                0x00013682        0xa C:/SysGCC/m68k-elf/m68k-elf/lib/m68000\liblvgl.a(lv_draw.o)
                0x00013682                lv_draw_dispatch_request

.text.lv_draw_get_unit_count
                0x0001368c        0x8
 .text.lv_draw_get_unit_count
                0x0001368c        0x8 C:/SysGCC/m68k-elf/m68k-elf/lib/m68000\liblvgl.a(lv_draw.o)
                0x0001368c                lv_draw_get_unit_count

.text.lv_draw_get_next_available_task
                0x00013694       0xf2
 .text.lv_draw_get_next_available_task
                0x00013694       0xf2 C:/SysGCC/m68k-elf/m68k-elf/lib/m68000\liblvgl.a(lv_draw.o)
                0x00013694                lv_draw_get_next_available_task

.text.lv_draw_get_available_task
                0x00013786       0x4e
 .text.lv_draw_get_available_task
                0x00013786       0x4e C:/SysGCC/m68k-elf/m68k-elf/lib/m68000\liblvgl.a(lv_draw.o)
                0x00013786                lv_draw_get_available_task

.text.lv_draw_get_dependent_count
                0x000137d4       0x56
 .text.lv_draw_get_dependent_count
                0x000137d4       0x56 C:/SysGCC/m68k-elf/m68k-elf/lib/m68000\liblvgl.a(lv_draw.o)
                0x000137d4                lv_draw_get_dependent_count

.text.lv_draw_unit_send_event
                0x0001382a       0x7a
 .text.lv_draw_unit_send_event
                0x0001382a       0x7a C:/SysGCC/m68k-elf/m68k-elf/lib/m68000\liblvgl.a(lv_draw.o)
                0x0001382a                lv_draw_unit_send_event

.text.lv_draw_dispatch_layer
                0x000138a4      0x1b4
 .text.lv_draw_dispatch_layer
                0x000138a4      0x1b4 C:/SysGCC/m68k-elf/m68k-elf/lib/m68000\liblvgl.a(lv_draw.o)
                0x000138a4                lv_draw_dispatch_layer

.text.lv_draw_dispatch
                0x00013a58       0x4a
 .text.lv_draw_dispatch
                0x00013a58       0x4a C:/SysGCC/m68k-elf/m68k-elf/lib/m68000\liblvgl.a(lv_draw.o)
                0x00013a58                lv_draw_dispatch

.text.lv_draw_finalize_task_creation
                0x00013aa2       0xc8
 .text.lv_draw_finalize_task_creation
                0x00013aa2       0xc8 C:/SysGCC/m68k-elf/m68k-elf/lib/m68000\liblvgl.a(lv_draw.o)
                0x00013aa2                lv_draw_finalize_task_creation

.text.lv_layer_reset
                0x00013b6a       0x3e
 .text.lv_layer_reset
                0x00013b6a       0x3e C:/SysGCC/m68k-elf/m68k-elf/lib/m68000\liblvgl.a(lv_draw.o)
                0x00013b6a                lv_layer_reset

.text.lv_layer_init
                0x00013ba8       0x24
 .text.lv_layer_init
                0x00013ba8       0x24 C:/SysGCC/m68k-elf/m68k-elf/lib/m68000\liblvgl.a(lv_draw.o)
                0x00013ba8                lv_layer_init

.text.lv_draw_layer_init
                0x00013bcc       0x9e
 .text.lv_draw_layer_init
                0x00013bcc       0x9e C:/SysGCC/m68k-elf/m68k-elf/lib/m68000\liblvgl.a(lv_draw.o)
                0x00013bcc                lv_draw_layer_init

.text.lv_draw_layer_create
                0x00013c6a       0x50
 .text.lv_draw_layer_create
                0x00013c6a       0x50 C:/SysGCC/m68k-elf/m68k-elf/lib/m68000\liblvgl.a(lv_draw.o)
                0x00013c6a                lv_draw_layer_create

.text.lv_draw_layer_alloc_buf
                0x00013cba       0x8c
 .text.lv_draw_layer_alloc_buf
                0x00013cba       0x8c C:/SysGCC/m68k-elf/m68k-elf/lib/m68000\liblvgl.a(lv_draw.o)
                0x00013cba                lv_draw_layer_alloc_buf

.text.lv_draw_layer_go_to_xy
                0x00013d46        0xe
 .text.lv_draw_layer_go_to_xy
                0x00013d46        0xe C:/SysGCC/m68k-elf/m68k-elf/lib/m68000\liblvgl.a(lv_draw.o)
                0x00013d46                lv_draw_layer_go_to_xy

.text.lv_draw_task_get_type
                0x00013d54        0xa
 .text.lv_draw_task_get_type
                0x00013d54        0xa C:/SysGCC/m68k-elf/m68k-elf/lib/m68000\liblvgl.a(lv_draw.o)
                0x00013d54                lv_draw_task_get_type

.text.lv_draw_task_get_draw_dsc
                0x00013d5e        0xa
 .text.lv_draw_task_get_draw_dsc
                0x00013d5e        0xa C:/SysGCC/m68k-elf/m68k-elf/lib/m68000\liblvgl.a(lv_draw.o)
                0x00013d5e                lv_draw_task_get_draw_dsc

.text.lv_draw_task_get_area
                0x00013d68       0x1c
 .text.lv_draw_task_get_area
                0x00013d68       0x1c C:/SysGCC/m68k-elf/m68k-elf/lib/m68000\liblvgl.a(lv_draw.o)
                0x00013d68                lv_draw_task_get_area

.text.lv_draw_layer_create_drop_shadow
                0x00013d84       0x50
 .text.lv_draw_layer_create_drop_shadow
                0x00013d84       0x50 C:/SysGCC/m68k-elf/m68k-elf/lib/m68000\liblvgl.a(lv_draw.o)
                0x00013d84                lv_draw_layer_create_drop_shadow

.text.lv_draw_layer_finish_drop_shadow
                0x00013dd4       0xb0
 .text.lv_draw_layer_finish_drop_shadow
                0x00013dd4       0xb0 C:/SysGCC/m68k-elf/m68k-elf/lib/m68000\liblvgl.a(lv_draw.o)
                0x00013dd4                lv_draw_layer_finish_drop_shadow

.text.lv_draw_blur_dsc_init
                0x00013e84       0x22
 .text.lv_draw_blur_dsc_init
                0x00013e84       0x22 C:/SysGCC/m68k-elf/m68k-elf/lib/m68000\liblvgl.a(lv_draw_blur.o)
                0x00013e84                lv_draw_blur_dsc_init

.text.lv_draw_task_get_blur_dsc
                0x00013ea6       0x16
 .text.lv_draw_task_get_blur_dsc
                0x00013ea6       0x16 C:/SysGCC/m68k-elf/m68k-elf/lib/m68000\liblvgl.a(lv_draw_blur.o)
                0x00013ea6                lv_draw_task_get_blur_dsc

.text.lv_draw_blur
                0x00013ebc       0x52
 .text.lv_draw_blur
                0x00013ebc       0x52 C:/SysGCC/m68k-elf/m68k-elf/lib/m68000\liblvgl.a(lv_draw_blur.o)
                0x00013ebc                lv_draw_blur

.text.buf_align
                0x00013f0e        0xe
 .text.buf_align
                0x00013f0e        0xe C:/SysGCC/m68k-elf/m68k-elf/lib/m68000\liblvgl.a(lv_draw_buf.o)

.text.width_to_stride
                0x00013f1c       0x26
 .text.width_to_stride
                0x00013f1c       0x26 C:/SysGCC/m68k-elf/m68k-elf/lib/m68000\liblvgl.a(lv_draw_buf.o)

.text.buf_free  0x00013f42        0x6
 .text.buf_free
                0x00013f42        0x6 C:/SysGCC/m68k-elf/m68k-elf/lib/m68000\liblvgl.a(lv_draw_buf.o)

.text.buf_malloc
                0x00013f48        0xa
 .text.buf_malloc
                0x00013f48        0xa C:/SysGCC/m68k-elf/m68k-elf/lib/m68000\liblvgl.a(lv_draw_buf.o)

.text.lv_draw_buf_init_with_default_handlers
                0x00013f52       0x4a
 .text.lv_draw_buf_init_with_default_handlers
                0x00013f52       0x4a C:/SysGCC/m68k-elf/m68k-elf/lib/m68000\liblvgl.a(lv_draw_buf.o)
                0x00013f52                lv_draw_buf_init_with_default_handlers

.text.lv_draw_buf_init_handlers
                0x00013f9c       0x28
 .text.lv_draw_buf_init_handlers
                0x00013f9c       0x28 C:/SysGCC/m68k-elf/m68k-elf/lib/m68000\liblvgl.a(lv_draw_buf.o)
                0x00013f9c                lv_draw_buf_init_handlers

.text.lv_draw_buf_handlers_init
                0x00013fc4       0x44
 .text.lv_draw_buf_handlers_init
                0x00013fc4       0x44 C:/SysGCC/m68k-elf/m68k-elf/lib/m68000\liblvgl.a(lv_draw_buf.o)
                0x00013fc4                lv_draw_buf_handlers_init

.text.lv_draw_buf_get_handlers
                0x00014008        0x8
 .text.lv_draw_buf_get_handlers
                0x00014008        0x8 C:/SysGCC/m68k-elf/m68k-elf/lib/m68000\liblvgl.a(lv_draw_buf.o)
                0x00014008                lv_draw_buf_get_handlers

.text.lv_draw_buf_get_font_handlers
                0x00014010        0x8
 .text.lv_draw_buf_get_font_handlers
                0x00014010        0x8 C:/SysGCC/m68k-elf/m68k-elf/lib/m68000\liblvgl.a(lv_draw_buf.o)
                0x00014010                lv_draw_buf_get_font_handlers

.text.lv_draw_buf_get_image_handlers
                0x00014018        0x8
 .text.lv_draw_buf_get_image_handlers
                0x00014018        0x8 C:/SysGCC/m68k-elf/m68k-elf/lib/m68000\liblvgl.a(lv_draw_buf.o)
                0x00014018                lv_draw_buf_get_image_handlers

.text.lv_draw_buf_width_to_stride_ex
                0x00014020       0x24
 .text.lv_draw_buf_width_to_stride_ex
                0x00014020       0x24 C:/SysGCC/m68k-elf/m68k-elf/lib/m68000\liblvgl.a(lv_draw_buf.o)
                0x00014020                lv_draw_buf_width_to_stride_ex

.text.lv_draw_buf_width_to_stride
                0x00014044       0x1a
 .text.lv_draw_buf_width_to_stride
                0x00014044       0x1a C:/SysGCC/m68k-elf/m68k-elf/lib/m68000\liblvgl.a(lv_draw_buf.o)
                0x00014044                lv_draw_buf_width_to_stride

.text._calculate_draw_buf_size
                0x0001405e       0x7e
 .text._calculate_draw_buf_size
                0x0001405e       0x7e C:/SysGCC/m68k-elf/m68k-elf/lib/m68000\liblvgl.a(lv_draw_buf.o)

.text.lv_draw_buf_align_ex
                0x000140dc       0x24
 .text.lv_draw_buf_align_ex
                0x000140dc       0x24 C:/SysGCC/m68k-elf/m68k-elf/lib/m68000\liblvgl.a(lv_draw_buf.o)